<html>
<body>
<pre>
<h1>礦ision Build Log</h1>
<h2>Project:</h2>
C:\Users\10258\Desktop\UCOS3_TEST\USER\Template.uvprojx
Project File Date:  06/12/2021

<h2>Output:</h2>
Build target 'Target 1'
compiling main.c...
compiling stm32f10x_it.c...
compiling system_stm32f10x.c...
compiling led.c...
compiling key.c...
compiling adc.c...
compiling timer.c...
compiling delay.c...
compiling sys.c...
compiling usart.c...
compiling core_cm3.c...
assembling startup_stm32f10x_hd.s...
compiling misc.c...
compiling stm32f10x_gpio.c...
compiling stm32f10x_usart.c...
compiling stm32f10x_rcc.c...
compiling stm32f10x_adc.c...
compiling stm32f10x_tim.c...
compiling bsp.c...
compiling cpu_core.c...
compiling cpu_c.c...
assembling cpu_a.asm...
compiling lib_ascii.c...
compiling lib_math.c...
compiling lib_mem.c...
compiling lib_str.c...
assembling lib_mem_a.asm...
compiling os_cfg_app.c...
compiling os_core.c...
compiling os_dbg.c...
compiling os_flag.c...
compiling os_int.c...
compiling os_mem.c...
compiling os_msg.c...
compiling os_mutex.c...
compiling os_pend_multi.c...
compiling os_prio.c...
compiling os_q.c...
compiling os_sem.c...
compiling os_stat.c...
compiling os_task.c...
compiling os_tick.c...
compiling os_time.c...
compiling os_tmr.c...
compiling os_var.c...
assembling os_cpu_a.s...
compiling os_cpu_c.c...
compiling os_app_hooks.c...
linking...
Program Size: Code=55568 RO-data=1488 RW-data=284 ZI-data=17516  
FromELF: creating hex file...
"..\OBJ\MALLOC.axf" - 0 Error(s), 0 Warning(s).
_hooks.c...
linking...
Program Size: Code=55572 RO-data=1488 RW-data=284 ZI-data=17516  
FromELF: creating hex file...
"..\OBJ\MALLOC.axf" - 0 Error(s), 1 Warning(s).
oject build/rebuild aborted.
f" - 0 Error(s), 2 Warning(s).

        if (TIM_GetITStatus(TIM3, TIM_IT_Update) != RESET) //检查指定的TIM中断发生与否:TIM 中断源 
..\HARDWARE\TIMER\timer.c(51): error:  #20: identifier "TIM_IT_Update" is undefined
        if (TIM_GetITStatus(TIM3, TIM_IT_Update) != RESET) //检查指定的TIM中断发生与否:TIM 中断源 
..\HARDWARE\TIMER\timer.c(53): warning:  #223-D: function "TIM_ClearITPendingBit" declared implicitly
                TIM_ClearITPendingBit(TIM3, TIM_IT_Update  );  //清除TIMx的中断待处理位:TIM 中断源 
..\HARDWARE\TIMER\timer.c(68): error:  #20: identifier "TIM_TimeBaseInitTypeDef" is undefined
        TIM_TimeBaseInitTypeDef  TIM_TimeBaseStructure;
..\HARDWARE\TIMER\timer.c(69): error:  #20: identifier "TIM_OCInitTypeDef" is undefined
        TIM_OCInitTypeDef  TIM_OCInitStructure;
..\HARDWARE\TIMER\timer.c(87): error:  #20: identifier "TIM_CounterMode_Up" is undefined
        TIM_TimeBaseStructure.TIM_CounterMode = TIM_CounterMode_Up;  //TIM向上计数模式
..\HARDWARE\TIMER\timer.c(88): warning:  #223-D: function "TIM_TimeBaseInit" declared implicitly
        TIM_TimeBaseInit(TIM3, &TIM_TimeBaseStructure); //根据TIM_TimeBaseInitStruct中指定的参数初始化TIMx的时间基数单位
..\HARDWARE\TIMER\timer.c(91): error:  #20: identifier "TIM_OCMode_PWM2" is undefined
        TIM_OCInitStructure.TIM_OCMode = TIM_OCMode_PWM2; //选择定时器模式:TIM脉冲宽度调制模式2
..\HARDWARE\TIMER\timer.c(92): error:  #20: identifier "TIM_OutputState_Enable" is undefined
        TIM_OCInitStructure.TIM_OutputState = TIM_OutputState_Enable; //比较输出使能
..\HARDWARE\TIMER\timer.c(94): error:  #20: identifier "TIM_OCPolarity_High" is undefined
        TIM_OCInitStructure.TIM_OCPolarity = TIM_OCPolarity_High; //输出极性:TIM输出比较极性高
..\HARDWARE\TIMER\timer.c(95): warning:  #223-D: function "TIM_OC2Init" declared implicitly
        TIM_OC2Init(TIM3, &TIM_OCInitStructure);  //根据TIM_OCInitStruct中指定的参数初始化外设TIMx
..\HARDWARE\TIMER\timer.c(96): warning:  #223-D: function "TIM_OC2PreloadConfig" declared implicitly
        TIM_OC2PreloadConfig(TIM3, TIM_OCPreload_Enable);  //使能TIMx在CCR2上的预装载寄存器
..\HARDWARE\TIMER\timer.c(96): error:  #20: identifier "TIM_OCPreload_Enable" is undefined
        TIM_OC2PreloadConfig(TIM3, TIM_OCPreload_Enable);  //使能TIMx在CCR2上的预装载寄存器
..\HARDWARE\TIMER\timer.c(98): warning:  #223-D: function "TIM_ARRPreloadConfig" declared implicitly
        TIM_ARRPreloadConfig(TIM3, ENABLE); //使能TIMx在ARR上的预装载寄存器
..\HARDWARE\TIMER\timer.c(101): warning:  #223-D: function "TIM_Cmd" declared implicitly
        TIM_Cmd(TIM3, ENABLE);  //使能TIMx外设
..\HARDWARE\TIMER\timer.c(108): error:  #20: identifier "TIM_ICInitTypeDef" is undefined
  TIM_ICInitTypeDef  TIM5_ICInitStructure;
..\HARDWARE\TIMER\timer.c(113): error:  #20: identifier "TIM_TimeBaseInitTypeDef" is undefined
        TIM_TimeBaseInitTypeDef  TIM_TimeBaseStructure;
..\HARDWARE\TIMER\timer.c(126): error:  #20: identifier "TIM_CKD_DIV1" is undefined
        TIM_TimeBaseStructure.TIM_ClockDivision = TIM_CKD_DIV1; //设置时钟分割:TDTS = Tck_tim
..\HARDWARE\TIMER\timer.c(127): error:  #20: identifier "TIM_CounterMode_Up" is undefined
        TIM_TimeBaseStructure.TIM_CounterMode = TIM_CounterMode_Up;  //TIM向上计数模式
..\HARDWARE\TIMER\timer.c(129): warning:  #223-D: function "TIM_TimeBaseInit" declared implicitly
        TIM_TimeBaseInit(TIM5, &TIM_TimeBaseStructure); //根据TIM_TimeBaseInitStruct中指定的参数初始化TIMx的时间基数单位
..\HARDWARE\TIMER\timer.c(131): error:  #20: identifier "TIM_Channel_1" is undefined
        TIM5_ICInitStructure.TIM_Channel = TIM_Channel_1; //CC1S=01     选择输入端 IC1映射到TI1上
..\HARDWARE\TIMER\timer.c(132): error:  #20: identifier "TIM_ICPolarity_Rising" is undefined
        TIM5_ICInitStructure.TIM_ICPolarity = TIM_ICPolarity_Rising;    //上升沿捕获
..\HARDWARE\TIMER\timer.c(133): error:  #20: identifier "TIM_ICSelection_DirectTI" is undefined
        TIM5_ICInitStructure.TIM_ICSelection = TIM_ICSelection_DirectTI;
..\HARDWARE\TIMER\timer.c(134): error:  #20: identifier "TIM_ICPSC_DIV1" is undefined
        TIM5_ICInitStructure.TIM_ICPrescaler = TIM_ICPSC_DIV1;   //配置输入分频,不分频 
..\HARDWARE\TIMER\timer.c(137): warning:  #223-D: function "TIM_ICInit" declared implicitly
        TIM_ICInit(TIM5, &TIM5_ICInitStructure);
..\HARDWARE\TIMER\timer.c(139): warning:  #223-D: function "TIM_Cmd" declared implicitly
        TIM_Cmd(TIM5,ENABLE );  //使能定时器5
..\HARDWARE\TIMER\timer.c(140): warning:  #223-D: function "TIM_ITConfig" declared implicitly
        TIM_ITConfig( TIM5,TIM_IT_Update|TIM_IT_CC1,ENABLE);//允许更新中断 ,允许CC1IE捕获中断   
..\HARDWARE\TIMER\timer.c(140): error:  #20: identifier "TIM_IT_Update" is undefined
        TIM_ITConfig( TIM5,TIM_IT_Update|TIM_IT_CC1,ENABLE);//允许更新中断 ,允许CC1IE捕获中断   
..\HARDWARE\TIMER\timer.c(140): error:  #20: identifier "TIM_IT_CC1" is undefined
        TIM_ITConfig( TIM5,TIM_IT_Update|TIM_IT_CC1,ENABLE);//允许更新中断 ,允许CC1IE捕获中断   
..\HARDWARE\TIMER\timer.c(159): warning:  #223-D: function "TIM_GetITStatus" declared implicitly
                if (TIM_GetITStatus(TIM5, TIM_IT_Update) != RESET)
..\HARDWARE\TIMER\timer.c(159): error:  #20: identifier "TIM_IT_Update" is undefined
                if (TIM_GetITStatus(TIM5, TIM_IT_Update) != RESET)
..\HARDWARE\TIMER\timer.c(171): error:  #20: identifier "TIM_IT_CC1" is undefined
        if (TIM_GetITStatus(TIM5, TIM_IT_CC1) != RESET)//捕获1发生捕获事件
..\HARDWARE\TIMER\timer.c(176): warning:  #223-D: function "TIM_GetCapture1" declared implicitly
                                TIM5CH1_CAPTURE_VAL=TIM_GetCapture1(TIM5);
..\HARDWARE\TIMER\timer.c(177): warning:  #223-D: function "TIM_OC1PolarityConfig" declared implicitly
                                TIM_OC1PolarityConfig(TIM5,TIM_ICPolarity_Rising); //CC1P=0 设置为上升沿捕获
..\HARDWARE\TIMER\timer.c(177): error:  #20: identifier "TIM_ICPolarity_Rising" is undefined
                                TIM_OC1PolarityConfig(TIM5,TIM_ICPolarity_Rising); //CC1P=0 设置为上升沿捕获
..\HARDWARE\TIMER\timer.c(182): warning:  #223-D: function "TIM_SetCounter" declared implicitly
                                TIM_SetCounter(TIM5,0);
..\HARDWARE\TIMER\timer.c(184): warning:  #223-D: function "TIM_OC1PolarityConfig" declared implicitly
                                TIM_OC1PolarityConfig(TIM5,TIM_ICPolarity_Falling);             //CC1P=1 设置为下降沿捕获
..\HARDWARE\TIMER\timer.c(184): error:  #20: identifier "TIM_ICPolarity_Falling" is undefined
                                TIM_OC1PolarityConfig(TIM5,TIM_ICPolarity_Falling);             //CC1P=1 设置为下降沿捕获
..\HARDWARE\TIMER\timer.c(189): warning:  #223-D: function "TIM_ClearITPendingBit" declared implicitly
      TIM_ClearITPendingBit(TIM5, TIM_IT_CC1|TIM_IT_Update); 
..\HARDWARE\TIMER\timer.c(189): error:  #20: identifier "TIM_IT_CC1" is undefined
      TIM_ClearITPendingBit(TIM5, TIM_IT_CC1|TIM_IT_Update); 
..\HARDWARE\TIMER\timer.c(189): error:  #20: identifier "TIM_IT_Update" is undefined
      TIM_ClearITPendingBit(TIM5, TIM_IT_CC1|TIM_IT_Update); 
..\HARDWARE\TIMER\timer.c(202): error:  #20: identifier "TIM_TimeBaseInitTypeDef" is undefined
        TIM_TimeBaseInitTypeDef  TIM_TimeBaseStructure;
..\HARDWARE\TIMER\timer.c(203): error:  #20: identifier "TIM_OCInitTypeDef" is undefined
        TIM_OCInitTypeDef  TIM_OCInitStructure;
..\HARDWARE\TIMER\timer.c: 20 warnings, 30 errors
compiling delay.c...
compiling sys.c...
compiling usart.c...
compiling core_cm3.c...
assembling startup_stm32f10x_hd.s...
compiling misc.c...
compiling stm32f10x_gpio.c...
compiling stm32f10x_usart.c...
compiling stm32f10x_rcc.c...
compiling stm32f10x_adc.c...
compiling stm32f10x_tim.c...
compiling bsp.c...
compiling cpu_core.c...
compiling cpu_c.c...
assembling cpu_a.asm...
compiling lib_ascii.c...
compiling lib_math.c...
compiling lib_mem.c...
compiling lib_str.c...
assembling lib_mem_a.asm...
compiling os_cfg_app.c...
compiling os_core.c...
compiling os_dbg.c...
compiling os_flag.c...
compiling os_int.c...
compiling os_mem.c...
compiling os_msg.c...
"..\OBJ\MALLOC.axf" - 30 Error(s), 21 Warning(s).
Project build/rebuild aborted.
sem.c...
compiling os_stat.c...
compiling os_task.c...
compiling os_tick.c...
compiling os_time.c...
compiling os_tmr.c...
compiling os_var.c...
assembling os_cpu_a.s...
compiling os_cpu_c.c...
compiling os_app_hooks.c...
"..\OBJ\MALLOC.axf" - 30 Error(s), 21 Warning(s).
Target not created
