<html>
<body>
<pre>
<h1>µVision Build Log</h1>
<h2>Project:</h2>
C:\Users\10258\Desktop\UCOS3_TEST\USER\Template.uvprojx
Project File Date:  06/21/2021

<h2>Output:</h2>
Build target 'UCOS3_TEST'
compiling main.c...
compiling stm32f10x_it.c...
compiling system_stm32f10x.c...
compiling led.c...
compiling key.c...
compiling adc.c...
compiling timer.c...
compiling oled0561.c...
compiling lm75a.c...
compiling delay.c...
compiling sys.c...
compiling usart.c...
compiling i2c.c...
compiling core_cm3.c...
assembling startup_stm32f10x_hd.s...
compiling misc.c...
compiling stm32f10x_gpio.c...
compiling stm32f10x_usart.c...
compiling stm32f10x_rcc.c...
compiling stm32f10x_adc.c...
compiling stm32f10x_tim.c...
compiling stm32f10x_i2c.c...
compiling bsp.c...
compiling cpu_core.c...
compiling cpu_c.c...
assembling cpu_a.asm...
compiling lib_ascii.c...
compiling lib_math.c...
compiling lib_mem.c...
compiling lib_str.c...
assembling lib_mem_a.asm...
compiling os_cfg_app.c...
compiling os_core.c...
compiling os_dbg.c...
compiling os_flag.c...
compiling os_int.c...
compiling os_mem.c...
compiling os_msg.c...
compiling os_mutex.c...
compiling os_pend_multi.c...
compiling os_prio.c...
compiling os_q.c...
compiling os_sem.c...
compiling os_stat.c...
compiling os_task.c...
compiling os_tick.c...
compiling os_time.c...
compiling os_tmr.c...
compiling os_var.c...
assembling os_cpu_a.s...
compiling os_cpu_c.c...
compiling os_app_hooks.c...
linking...
Program Size: Code=58546 RO-data=4178 RW-data=284 ZI-data=18228  
FromELF: creating hex file...
"..\OBJ\ucos3_test.axf" - 0 Error(s), 0 Warning(s).
iply defined (by oled0561.o and main.o).
Not enough information to list image symbols.
Not enough information to list the image map.
Finished: 2 information, 0 warning and 2 error messages.
"..\OBJ\ucos3_test.axf" - 2 Error(s), 0 Warning(s).
Target not created
warning and 3 error messages.
"..\OBJ\ucos3_test.axf" - 3 Error(s), 0 Warning(s).
Target not created
 list the image map.
Finished: 2 information, 0 warning and 3 error messages.
"..\OBJ\ucos3_test.axf" - 3 Error(s), 1 Warning(s).
Target not created

