ARM Linker, 5.03 [Build 76] [MDK-ARM Standard]

==============================================================================

Section Cross References

    main.o(.text) refers to _printf_percent.o(.ARM.Collect$$_printf_percent$$00000000) for _printf_percent
    main.o(.text) refers to _printf_f.o(.ARM.Collect$$_printf_percent$$00000003) for _printf_f
    main.o(.text) refers to printf1.o(x$fpl$printf1) for _printf_fp_dec
    main.o(.text) refers to os_task.o(.text) for OS_TaskSuspend
    main.o(.text) refers to key.o(.text) for KEY_Scan
    main.o(.text) refers to delay.o(.text) for delay_ms
    main.o(.text) refers to faddsub_clz.o(x$fpl$fadd) for __aeabi_fadd
    main.o(.text) refers to f2d.o(x$fpl$f2d) for __aeabi_f2d
    main.o(.text) refers to noretval__2printf.o(.text) for __2printf
    main.o(.text) refers to os_time.o(.text) for OSTimeDlyHMSM
    main.o(.text) refers to cpu_core.o(.text) for CPU_Init
    main.o(.text) refers to os_stat.o(.text) for OSStatTaskCPUUsageInit
    main.o(.text) refers to os_core.o(.text) for OSSchedRoundRobinCfg
    main.o(.text) refers to cpu_a.o(.text) for CPU_SR_Save
    main.o(.text) refers to misc.o(.text) for NVIC_PriorityGroupConfig
    main.o(.text) refers to usart.o(.text) for uart_init
    main.o(.text) refers to led.o(.text) for LED_Init
    main.o(.text) refers to adc.o(.text) for Adc_Init
    main.o(.text) refers to main.o(.bss) for Led0TaskTCB
    main.o(.text) refers to main.o(.data) for float_num
    main.o(.text) refers to os_var.o(.data) for OSSchedLockNestingCtr
    system_stm32f10x.o(.text) refers to system_stm32f10x.o(.data) for SystemCoreClock
    led.o(.text) refers to stm32f10x_rcc.o(.text) for RCC_APB2PeriphClockCmd
    led.o(.text) refers to stm32f10x_gpio.o(.text) for GPIO_Init
    key.o(.text) refers to stm32f10x_rcc.o(.text) for RCC_APB2PeriphClockCmd
    key.o(.text) refers to stm32f10x_gpio.o(.text) for GPIO_Init
    key.o(.text) refers to delay.o(.text) for delay_ms
    key.o(.text) refers to key.o(.data) for key_up
    adc.o(.text) refers to stm32f10x_rcc.o(.text) for RCC_APB2PeriphClockCmd
    adc.o(.text) refers to stm32f10x_gpio.o(.text) for GPIO_Init
    adc.o(.text) refers to stm32f10x_adc.o(.text) for ADC_DeInit
    adc.o(.text) refers to delay.o(.text) for delay_ms
    delay.o(.text) refers to os_core.o(.text) for OSSchedLock
    delay.o(.text) refers to os_time.o(.text) for OSTimeDly
    delay.o(.text) refers to misc.o(.text) for SysTick_CLKSourceConfig
    delay.o(.text) refers to os_var.o(.data) for OSRunning
    delay.o(.text) refers to system_stm32f10x.o(.data) for SystemCoreClock
    delay.o(.text) refers to delay.o(.data) for fac_us
    delay.o(.text) refers to os_cfg_app.o(.constdata) for OSCfg_TickRate_Hz
    usart.o(.text) refers (Special) to use_no_semi_2.o(.text) for __use_no_semihosting
    usart.o(.text) refers to stm32f10x_rcc.o(.text) for RCC_APB2PeriphClockCmd
    usart.o(.text) refers to stm32f10x_usart.o(.text) for USART_DeInit
    usart.o(.text) refers to stm32f10x_gpio.o(.text) for GPIO_Init
    usart.o(.text) refers to misc.o(.text) for NVIC_Init
    usart.o(.text) refers to os_core.o(.text) for OSIntEnter
    usart.o(.text) refers to usart.o(.data) for USART_RX_STA
    usart.o(.text) refers to usart.o(.bss) for USART_RX_BUF
    usart.o(.bss) refers (Special) to use_no_semi_2.o(.text) for __use_no_semihosting
    usart.o(.data) refers (Special) to use_no_semi_2.o(.text) for __use_no_semihosting
    startup_stm32f10x_hd.o(STACK) refers (Special) to heapauxi.o(.text) for __use_two_region_memory
    startup_stm32f10x_hd.o(HEAP) refers (Special) to heapauxi.o(.text) for __use_two_region_memory
    startup_stm32f10x_hd.o(RESET) refers (Special) to heapauxi.o(.text) for __use_two_region_memory
    startup_stm32f10x_hd.o(RESET) refers to startup_stm32f10x_hd.o(STACK) for __initial_sp
    startup_stm32f10x_hd.o(RESET) refers to startup_stm32f10x_hd.o(.text) for Reset_Handler
    startup_stm32f10x_hd.o(RESET) refers to stm32f10x_it.o(.text) for NMI_Handler
    startup_stm32f10x_hd.o(RESET) refers to os_cpu_a.o(CODE) for PendSV_Handler
    startup_stm32f10x_hd.o(RESET) refers to delay.o(.text) for SysTick_Handler
    startup_stm32f10x_hd.o(RESET) refers to usart.o(.text) for USART1_IRQHandler
    startup_stm32f10x_hd.o(.text) refers (Special) to heapauxi.o(.text) for __use_two_region_memory
    startup_stm32f10x_hd.o(.text) refers to system_stm32f10x.o(.text) for SystemInit
    startup_stm32f10x_hd.o(.text) refers to __main.o(!!!main) for __main
    startup_stm32f10x_hd.o(.text) refers to startup_stm32f10x_hd.o(HEAP) for Heap_Mem
    startup_stm32f10x_hd.o(.text) refers to startup_stm32f10x_hd.o(STACK) for Stack_Mem
    stm32f10x_gpio.o(.text) refers to stm32f10x_rcc.o(.text) for RCC_APB2PeriphResetCmd
    stm32f10x_usart.o(.text) refers to stm32f10x_rcc.o(.text) for RCC_APB2PeriphResetCmd
    stm32f10x_rcc.o(.text) refers to stm32f10x_rcc.o(.data) for APBAHBPrescTable
[...]
    main                                     0x08000453   Thumb Code   234  main.o(.text)
    NMI_Handler                              0x080005dd   Thumb Code     2  stm32f10x_it.o(.text)
    HardFault_Handler                        0x080005df   Thumb Code     4  stm32f10x_it.o(.text)
    MemManage_Handler                        0x080005e3   Thumb Code     4  stm32f10x_it.o(.text)
    BusFault_Handler                         0x080005e7   Thumb Code     4  stm32f10x_it.o(.text)
    UsageFault_Handler                       0x080005eb   Thumb Code     4  stm32f10x_it.o(.text)
    SVC_Handler                              0x080005ef   Thumb Code     2  stm32f10x_it.o(.text)
    DebugMon_Handler                         0x080005f1   Thumb Code     2  stm32f10x_it.o(.text)
    SystemInit                               0x080006d1   Thumb Code    78  system_stm32f10x.o(.text)
    SystemCoreClockUpdate                    0x0800071f   Thumb Code   142  system_stm32f10x.o(.text)
    LED_Init                                 0x080007d1   Thumb Code    68  led.o(.text)
    KEY_Init                                 0x08000819   Thumb Code    32  key.o(.text)
    KEY_Scan                                 0x08000839   Thumb Code   138  key.o(.text)
    Adc_Init                                 0x080008cd   Thumb Code   132  adc.o(.text)
    Get_Adc                                  0x08000951   Thumb Code    46  adc.o(.text)
    Get_Adc_Average                          0x0800097f   Thumb Code    46  adc.o(.text)
    delay_osschedlock                        0x080009b5   Thumb Code    10  delay.o(.text)
    delay_osschedunlock                      0x080009bf   Thumb Code    10  delay.o(.text)
    delay_ostimedly                          0x080009c9   Thumb Code    16  delay.o(.text)
    SysTick_Handler                          0x080009d9   Thumb Code    24  delay.o(.text)
    delay_init                               0x080009f1   Thumb Code    92  delay.o(.text)
    delay_us                                 0x08000a4d   Thumb Code    86  delay.o(.text)
    delay_ms                                 0x08000aa3   Thumb Code    66  delay.o(.text)
    _sys_exit                                0x08000b01   Thumb Code     6  usart.o(.text)
    fputc                                    0x08000b07   Thumb Code    22  usart.o(.text)
    uart_init                                0x08000b1d   Thumb Code   158  usart.o(.text)
    USART1_IRQHandler                        0x08000bbb   Thumb Code   130  usart.o(.text)
    Reset_Handler                            0x08000c4d   Thumb Code     8  startup_stm32f10x_hd.o(.text)
    ADC1_2_IRQHandler                        0x08000c67   Thumb Code     0  startup_stm32f10x_hd.o(.text)
    ADC3_IRQHandler                          0x08000c67   Thumb Code     0  startup_stm32f10x_hd.o(.text)
    CAN1_RX1_IRQHandler                      0x08000c67   Thumb Code     0  startup_stm32f10x_hd.o(.text)
    CAN1_SCE_IRQHandler                      0x08000c67   Thumb Code     0  startup_stm32f10x_hd.o(.text)
    DMA1_Channel1_IRQHandler                 0x08000c67   Thumb Code     0  startup_stm32f10x_hd.o(.text)
    DMA1_Channel2_IRQHandler                 0x08000c67   Thumb Code     0  startup_stm32f10x_hd.o(.text)
    DMA1_Channel3_IRQHandler                 0x08000c67   Thumb Code     0  startup_stm32f10x_hd.o(.text)
    DMA1_Channel4_IRQHandler                 0x08000c67   Thumb Code     0  startup_stm32f10x_hd.o(.text)
    DMA1_Channel5_IRQHandler                 0x08000c67   Thumb Code     0  startup_stm32f10x_hd.o(.text)
    DMA1_Channel6_IRQHandler                 0x08000c67   Thumb Code     0  startup_stm32f10x_hd.o(.text)
    DMA1_Channel7_IRQHandler                 0x08000c67   Thumb Code     0  startup_stm32f10x_hd.o(.text)
    DMA2_Channel1_IRQHandler                 0x08000c67   Thumb Code     0  startup_stm32f10x_hd.o(.text)
    DMA2_Channel2_IRQHandler                 0x08000c67   Thumb Code     0  startup_stm32f10x_hd.o(.text)
    DMA2_Channel3_IRQHandler                 0x08000c67   Thumb Code     0  startup_stm32f10x_hd.o(.text)
    DMA2_Channel4_5_IRQHandler               0x08000c67   Thumb Code     0  startup_stm32f10x_hd.o(.text)
    EXTI0_IRQHandler                         0x08000c67   Thumb Code     0  startup_stm32f10x_hd.o(.text)
    EXTI15_10_IRQHandler                     0x08000c67   Thumb Code     0  startup_stm32f10x_hd.o(.text)
    EXTI1_IRQHandler                         0x08000c67   Thumb Code     0  startup_stm32f10x_hd.o(.text)
    EXTI2_IRQHandler                         0x08000c67   Thumb Code     0  startup_stm32f10x_hd.o(.text)
    EXTI3_IRQHandler                         0x08000c67   Thumb Code     0  startup_stm32f10x_hd.o(.text)
    EXTI4_IRQHandler                         0x08000c67   Thumb Code     0  startup_stm32f10x_hd.o(.text)
    EXTI9_5_IRQHandler                       0x08000c67   Thumb Code     0  startup_stm32f10x_hd.o(.text)
    FLASH_IRQHandler                         0x08000c67   Thumb Code     0  startup_stm32f10x_hd.o(.text)
    FSMC_IRQHandler                          0x08000c67   Thumb Code     0  startup_stm32f10x_hd.o(.text)
    I2C1_ER_IRQHandler                       0x08000c67   Thumb Code     0  startup_stm32f10x_hd.o(.text)
    I2C1_EV_IRQHandler                       0x08000c67   Thumb Code     0  startup_stm32f10x_hd.o(.text)
    I2C2_ER_IRQHandler                       0x08000c67   Thumb Code     0  startup_stm32f10x_hd.o(.text)
    I2C2_EV_IRQHandler                       0x08000c67   Thumb Code     0  startup_stm32f10x_hd.o(.text)
    PVD_IRQHandler                           0x08000c67   Thumb Code     0  startup_stm32f10x_hd.o(.text)
    RCC_IRQHandler                           0x08000c67   Thumb Code     0  startup_stm32f10x_hd.o(.text)
    RTCAlarm_IRQHandler                      0x08000c67   Thumb Code     0  startup_stm32f10x_hd.o(.text)
    RTC_IRQHandler                           0x08000c67   Thumb Code     0  startup_stm32f10x_hd.o(.text)
    SDIO_IRQHandler                          0x08000c67   Thumb Code     0  startup_stm32f10x_hd.o(.text)
    SPI1_IRQHandler                          0x08000c67   Thumb Code     0  startup_stm32f10x_hd.o(.text)
    SPI2_IRQHandler                          0x08000c67   Thumb Code     0  startup_stm32f10x_hd.o(.text)
    SPI3_IRQHandler                          0x08000c67   Thumb Code     0  startup_stm32f10x_hd.o(.text)
    TAMPER_IRQHandler                        0x08000c67   Thumb Code     0  startup_stm32f10x_hd.o(.text)
    TIM1_BRK_IRQHandler                      0x08000c67   Thumb Code     0  startup_stm32f10x_hd.o(.text)
    TIM1_CC_IRQHandler                       0x08000c67   Thumb Code     0  startup_stm32f10x_hd.o(.text)
    TIM1_TRG_COM_IRQHandler                  0x08000c67   Thumb Code     0  startup_stm32f10x_hd.o(.text)
    TIM1_UP_IRQHandler                       0x08000c67   Thumb Code     0  startup_stm32f10x_hd.o(.text)
    TIM2_IRQHandler                          0x08000c67   Thumb Code     0  startup_stm32f10x_hd.o(.text)
    TIM3_IRQHandler                          0x08000c67   Thumb Code     0  startup_stm32f10x_hd.o(.text)
    TIM4_IRQHandler                          0x08000c67   Thumb Code     0  startup_stm32f10x_hd.o(.text)
    TIM5_IRQHandler                          0x08000c67   Thumb Code     0  startup_stm32f10x_hd.o(.text)
    TIM6_IRQHandler                          0x08000c67   Thumb Code     0  startup_stm32f10x_hd.o(.text)
    TIM7_IRQHandler                          0x08000c67   Thumb Code     0  startup_stm32f10x_hd.o(.text)
    TIM8_BRK_IRQHandler                      0x08000c67   Thumb Code     0  startup_stm32f10x_hd.o(.text)
    TIM8_CC_IRQHandler                       0x08000c67   Thumb Code     0  startup_stm32f10x_hd.o(.text)
    TIM8_TRG_COM_IRQHandler                  0x08000c67   Thumb Code     0  startup_stm32f10x_hd.o(.text)
    TIM8_UP_IRQHandler                       0x08000c67   Thumb Code     0  startup_stm32f10x_hd.o(.text)
    UART4_IRQHandler                         0x08000c67   Thumb Code     0  startup_stm32f10x_hd.o(.text)
    UART5_IRQHandler                         0x08000c67   Thumb Code     0  startup_stm32f10x_hd.o(.text)
    USART2_IRQHandler                        0x08000c67   Thumb Code     0  startup_stm32f10x_hd.o(.text)
    USART3_IRQHandler                        0x08000c67   Thumb Code     0  startup_stm32f10x_hd.o(.text)
    USBWakeUp_IRQHandler                     0x08000c67   Thumb Code     0  startup_stm32f10x_hd.o(.text)
    USB_HP_CAN1_TX_IRQHandler                0x08000c67   Thumb Code     0  startup_stm32f10x_hd.o(.text)
    USB_LP_CAN1_RX0_IRQHandler               0x08000c67   Thumb Code     0  startup_stm32f10x_hd.o(.text)
    WWDG_IRQHandler                          0x08000c67   Thumb Code     0  startup_stm32f10x_hd.o(.text)
    __user_initial_stackheap                 0x08000c69   Thumb Code     0  startup_stm32f10x_hd.o(.text)
    NVIC_PriorityGroupConfig                 0x08000c8d   Thumb Code    10  misc.o(.text)
    NVIC_Init                                0x08000c97   Thumb Code   102  misc.o(.text)
    NVIC_SetVectorTable                      0x08000cfd   Thumb Code    14  misc.o(.text)
    NVIC_SystemLPConfig                      0x08000d0b   Thumb Code    34  misc.o(.text)
    SysTick_CLKSourceConfig                  0x08000d2d   Thumb Code    40  misc.o(.text)
    GPIO_DeInit                              0x08000d69   Thumb Code   172  stm32f10x_gpio.o(.text)
    GPIO_AFIODeInit                          0x08000e15   Thumb Code    20  stm32f10x_gpio.o(.text)
    GPIO_Init                                0x08000e29   Thumb Code   274  stm32f10x_gpio.o(.text)
    GPIO_StructInit                          0x08000f3b   Thumb Code    16  stm32f10x_gpio.o(.text)
    GPIO_ReadInputDataBit                    0x08000f4b   Thumb Code    18  stm32f10x_gpio.o(.text)
    GPIO_ReadInputData                       0x08000f5d   Thumb Code     8  stm32f10x_gpio.o(.text)
    GPIO_ReadOutputDataBit                   0x08000f65   Thumb Code    18  stm32f10x_gpio.o(.text)
    GPIO_ReadOutputData                      0x08000f77   Thumb Code     8  stm32f10x_gpio.o(.text)
    GPIO_SetBits                             0x08000f7f   Thumb Code     4  stm32f10x_gpio.o(.text)
    GPIO_ResetBits                           0x08000f83   Thumb Code     4  stm32f10x_gpio.o(.text)
    GPIO_WriteBit                            0x08000f87   Thumb Code    10  stm32f10x_gpio.o(.text)
    GPIO_Write                               0x08000f91   Thumb Code     4  stm32f10x_gpio.o(.text)
    GPIO_PinLockConfig                       0x08000f95   Thumb Code    18  stm32f10x_gpio.o(.text)
    GPIO_EventOutputConfig                   0x08000fa7   Thumb Code    26  stm32f10x_gpio.o(.text)
    GPIO_EventOutputCmd                      0x08000fc1   Thumb Code     6  stm32f10x_gpio.o(.text)
    GPIO_PinRemapConfig                      0x08000fc7   Thumb Code   138  stm32f10x_gpio.o(.text)
    GPIO_EXTILineConfig                      0x08001051   Thumb Code    66  stm32f10x_gpio.o(.text)
    GPIO_ETH_MediaInterfaceConfig            0x08001093   Thumb Code     6  stm32f10x_gpio.o(.text)
    USART_DeInit                             0x080010c1   Thumb Code   134  stm32f10x_usart.o(.text)
    USART_Init                               0x08001147   Thumb Code   210  stm32f10x_usart.o(.text)
    USART_StructInit                         0x08001219   Thumb Code    24  stm32f10x_usart.o(.text)
    USART_ClockInit                          0x08001231   Thumb Code    34  stm32f10x_usart.o(.text)
    USART_ClockStructInit                    0x08001253   Thumb Code    12  stm32f10x_usart.o(.text)
    USART_Cmd                                0x0800125f   Thumb Code    24  stm32f10x_usart.o(.text)
    USART_ITConfig                           0x08001277   Thumb Code    74  stm32f10x_usart.o(.text)
    USART_DMACmd                             0x080012c1   Thumb Code    18  stm32f10x_usart.o(.text)
    USART_SetAddress                         0x080012d3   Thumb Code    18  stm32f10x_usart.o(.text)
    USART_WakeUpConfig                       0x080012e5   Thumb Code    18  stm32f10x_usart.o(.text)
    USART_ReceiverWakeUpCmd                  0x080012f7   Thumb Code    24  stm32f10x_usart.o(.text)
    USART_LINBreakDetectLengthConfig         0x0800130f   Thumb Code    18  stm32f10x_usart.o(.text)
    USART_LINCmd                             0x08001321   Thumb Code    24  stm32f10x_usart.o(.text)
    USART_SendData                           0x08001339   Thumb Code     8  stm32f10x_usart.o(.text)
    USART_ReceiveData                        0x08001341   Thumb Code    10  stm32f10x_usart.o(.text)
    USART_SendBreak                          0x0800134b   Thumb Code    10  stm32f10x_usart.o(.text)
    USART_SetGuardTime                       0x08001355   Thumb Code    16  stm32f10x_usart.o(.text)
    USART_SetPrescaler                       0x08001365   Thumb Code    16  stm32f10x_usart.o(.text)
    USART_SmartCardCmd                       0x08001375   Thumb Code    24  stm32f10x_usart.o(.text)
    USART_SmartCardNACKCmd                   0x0800138d   Thumb Code    24  stm32f10x_usart.o(.text)
    USART_HalfDuplexCmd                      0x080013a5   Thumb Code    24  stm32f10x_usart.o(.text)
    USART_OverSampling8Cmd                   0x080013bd   Thumb Code    22  stm32f10x_usart.o(.text)
    USART_OneBitMethodCmd                    0x080013d3   Thumb Code    24  stm32f10x_usart.o(.text)
    USART_IrDAConfig                         0x080013eb   Thumb Code    18  stm32f10x_usart.o(.text)
    USART_IrDACmd                            0x080013fd   Thumb Code    24  stm32f10x_usart.o(.text)
    USART_GetFlagStatus                      0x08001415   Thumb Code    26  stm32f10x_usart.o(.text)
    USART_ClearFlag                          0x0800142f   Thumb Code    18  stm32f10x_usart.o(.text)
    USART_GetITStatus                        0x08001441   Thumb Code    84  stm32f10x_usart.o(.text)
    USART_ClearITPendingBit                  0x08001495   Thumb Code    52  stm32f10x_usart.o(.text)
    RCC_DeInit                               0x080014c9   Thumb Code    64  stm32f10x_rcc.o(.text)
    RCC_HSEConfig                            0x08001509   Thumb Code    70  stm32f10x_rcc.o(.text)
    RCC_GetFlagStatus                        0x0800154f   Thumb Code    56  stm32f10x_rcc.o(.text)
    RCC_WaitForHSEStartUp                    0x08001587   Thumb Code    56  stm32f10x_rcc.o(.text)
    RCC_AdjustHSICalibrationValue            0x080015bf   Thumb Code    20  stm32f10x_rcc.o(.text)
    RCC_HSICmd                               0x080015d3   Thumb Code     6  stm32f10x_rcc.o(.text)
    RCC_PLLConfig                            0x080015d9   Thumb Code    24  stm32f10x_rcc.o(.text)
    RCC_PLLCmd                               0x080015f1   Thumb Code     6  stm32f10x_rcc.o(.text)
    RCC_SYSCLKConfig                         0x080015f7   Thumb Code    18  stm32f10x_rcc.o(.text)
    RCC_GetSYSCLKSource                      0x08001609   Thumb Code    10  stm32f10x_rcc.o(.text)
    RCC_HCLKConfig                           0x08001613   Thumb Code    18  stm32f10x_rcc.o(.text)
    RCC_PCLK1Config                          0x08001625   Thumb Code    18  stm32f10x_rcc.o(.text)
    RCC_PCLK2Config                          0x08001637   Thumb Code    20  stm32f10x_rcc.o(.text)
    RCC_ITConfig                             0x0800164b   Thumb Code    26  stm32f10x_rcc.o(.text)
    RCC_USBCLKConfig                         0x08001665   Thumb Code     6  stm32f10x_rcc.o(.text)
    RCC_ADCCLKConfig                         0x0800166b   Thumb Code    18  stm32f10x_rcc.o(.text)
    RCC_LSEConfig                            0x0800167d   Thumb Code    44  stm32f10x_rcc.o(.text)
    RCC_LSICmd                               0x080016a9   Thumb Code     6  stm32f10x_rcc.o(.text)
    RCC_RTCCLKConfig                         0x080016af   Thumb Code    12  stm32f10x_rcc.o(.text)
    RCC_RTCCLKCmd                            0x080016bb   Thumb Code     8  stm32f10x_rcc.o(.text)
    RCC_GetClocksFreq                        0x080016c3   Thumb Code   192  stm32f10x_rcc.o(.text)
    RCC_AHBPeriphClockCmd                    0x08001783   Thumb Code    26  stm32f10x_rcc.o(.text)
    RCC_APB2PeriphClockCmd                   0x0800179d   Thumb Code    26  stm32f10x_rcc.o(.text)
    RCC_APB1PeriphClockCmd                   0x080017b7   Thumb Code    26  stm32f10x_rcc.o(.text)
    RCC_APB2PeriphResetCmd                   0x080017d1   Thumb Code    26  stm32f10x_rcc.o(.text)
    RCC_APB1PeriphResetCmd                   0x080017eb   Thumb Code    26  stm32f10x_rcc.o(.text)
    RCC_BackupResetCmd                       0x08001805   Thumb Code     8  stm32f10x_rcc.o(.text)
    RCC_ClockSecuritySystemCmd               0x0800180d   Thumb Code     6  stm32f10x_rcc.o(.text)
    RCC_MCOConfig                            0x08001813   Thumb Code     6  stm32f10x_rcc.o(.text)
    RCC_ClearFlag                            0x08001819   Thumb Code    14  stm32f10x_rcc.o(.text)
    RCC_GetITStatus                          0x08001827   Thumb Code    20  stm32f10x_rcc.o(.text)
    RCC_ClearITPendingBit                    0x0800183b   Thumb Code     6  stm32f10x_rcc.o(.text)
    ADC_DeInit                               0x0800186d   Thumb Code    78  stm32f10x_adc.o(.text)
    ADC_Init                                 0x080018bb   Thumb Code    70  stm32f10x_adc.o(.text)
    ADC_StructInit                           0x08001901   Thumb Code    18  stm32f10x_adc.o(.text)
    ADC_Cmd                                  0x08001913   Thumb Code    22  stm32f10x_adc.o(.text)
    ADC_DMACmd                               0x08001929   Thumb Code    22  stm32f10x_adc.o(.text)
    ADC_ITConfig                             0x0800193f   Thumb Code    24  stm32f10x_adc.o(.text)
    ADC_ResetCalibration                     0x08001957   Thumb Code    10  stm32f10x_adc.o(.text)
    ADC_GetResetCalibrationStatus            0x08001961   Thumb Code    20  stm32f10x_adc.o(.text)
    ADC_StartCalibration                     0x08001975   Thumb Code    10  stm32f10x_adc.o(.text)
    ADC_GetCalibrationStatus                 0x0800197f   Thumb Code    20  stm32f10x_adc.o(.text)
    ADC_SoftwareStartConvCmd                 0x08001993   Thumb Code    22  stm32f10x_adc.o(.text)
    ADC_GetSoftwareStartConvStatus           0x080019a9   Thumb Code    20  stm32f10x_adc.o(.text)
    ADC_DiscModeChannelCountConfig           0x080019bd   Thumb Code    24  stm32f10x_adc.o(.text)
    ADC_DiscModeCmd                          0x080019d5   Thumb Code    22  stm32f10x_adc.o(.text)
    ADC_RegularChannelConfig                 0x080019eb   Thumb Code   184  stm32f10x_adc.o(.text)
    ADC_ExternalTrigConvCmd                  0x08001aa3   Thumb Code    22  stm32f10x_adc.o(.text)
    ADC_GetConversionValue                   0x08001ab9   Thumb Code     8  stm32f10x_adc.o(.text)
    ADC_GetDualModeConversionValue           0x08001ac1   Thumb Code     8  stm32f10x_adc.o(.text)
    ADC_AutoInjectedConvCmd                  0x08001ac9   Thumb Code    22  stm32f10x_adc.o(.text)
    ADC_InjectedDiscModeCmd                  0x08001adf   Thumb Code    22  stm32f10x_adc.o(.text)
    ADC_ExternalTrigInjectedConvConfig       0x08001af5   Thumb Code    16  stm32f10x_adc.o(.text)
    ADC_ExternalTrigInjectedConvCmd          0x08001b05   Thumb Code    22  stm32f10x_adc.o(.text)
    ADC_SoftwareStartInjectedConvCmd         0x08001b1b   Thumb Code    22  stm32f10x_adc.o(.text)
    ADC_GetSoftwareStartInjectedConvCmdStatus 0x08001b31   Thumb Code    20  stm32f10x_adc.o(.text)
    ADC_InjectedChannelConfig                0x08001b45   Thumb Code   130  stm32f10x_adc.o(.text)
    ADC_InjectedSequencerLengthConfig        0x08001bc7   Thumb Code    24  stm32f10x_adc.o(.text)
    ADC_SetInjectedOffset                    0x08001bdf   Thumb Code    20  stm32f10x_adc.o(.text)
    ADC_GetInjectedConversionValue           0x08001bf3   Thumb Code    28  stm32f10x_adc.o(.text)
    ADC_AnalogWatchdogCmd                    0x08001c0f   Thumb Code    16  stm32f10x_adc.o(.text)
    ADC_AnalogWatchdogThresholdsConfig       0x08001c1f   Thumb Code     6  stm32f10x_adc.o(.text)
    ADC_AnalogWatchdogSingleChannelConfig    0x08001c25   Thumb Code    16  stm32f10x_adc.o(.text)
    ADC_TempSensorVrefintCmd                 0x08001c35   Thumb Code    64  stm32f10x_adc.o(.text)
    ADC_GetFlagStatus                        0x08001c75   Thumb Code    18  stm32f10x_adc.o(.text)
    ADC_ClearFlag                            0x08001c87   Thumb Code     6  stm32f10x_adc.o(.text)
    ADC_GetITStatus                          0x08001c8d   Thumb Code    36  stm32f10x_adc.o(.text)
    ADC_ClearITPendingBit                    0x08001cb1   Thumb Code    10  stm32f10x_adc.o(.text)
    BSP_CPU_ClkFreq                          0x08001cbd   Thumb Code    16  bsp.o(.text)
    CPU_TS_TmrInit                           0x08001ccd   Thumb Code    44  bsp.o(.text)
    CPU_TS_TmrRd                             0x08001cf9   Thumb Code     6  bsp.o(.text)
    CPU_TS32_to_uSec                         0x08001cff   Thumb Code    54  bsp.o(.text)
    CPU_NameClr                              0x08001d41   Thumb Code    42  cpu_core.o(.text)
    CPU_Init                                 0x08001d81   Thumb Code    12  cpu_core.o(.text)
    CPU_SW_Exception                         0x08001d8d   Thumb Code     4  cpu_core.o(.text)
    CPU_NameGet                              0x08001d91   Thumb Code    70  cpu_core.o(.text)
    CPU_NameSet                              0x08001dd7   Thumb Code    96  cpu_core.o(.text)
    CPU_TS_Get32                             0x08001e37   Thumb Code    12  cpu_core.o(.text)
    CPU_TS_Update                            0x08001e43   Thumb Code     2  cpu_core.o(.text)
    CPU_TS_TmrFreqGet                        0x08001e45   Thumb Code    30  cpu_core.o(.text)
    CPU_TS_TmrFreqSet                        0x08001e63   Thumb Code     6  cpu_core.o(.text)
    CPU_CntLeadZeros08                       0x08001e69   Thumb Code    18  cpu_core.o(.text)
    CPU_CntLeadZeros16                       0x08001e7b   Thumb Code    18  cpu_core.o(.text)
    CPU_CntLeadZeros32                       0x08001e8d   Thumb Code    18  cpu_core.o(.text)
    CPU_CntLeadZeros64                       0x08001e9f   Thumb Code   194  cpu_core.o(.text)
    CPU_CntTrailZeros08                      0x08001f61   Thumb Code    22  cpu_core.o(.text)
    CPU_CntTrailZeros16                      0x08001f77   Thumb Code    22  cpu_core.o(.text)
    CPU_CntTrailZeros32                      0x08001f8d   Thumb Code    22  cpu_core.o(.text)
    CPU_CntTrailZeros64                      0x08001fa3   Thumb Code    66  cpu_core.o(.text)
    CPU_IntDis                               0x08001ff1   Thumb Code     0  cpu_a.o(.text)
    CPU_IntEn                                0x08001ff5   Thumb Code     0  cpu_a.o(.text)
    CPU_SR_Save                              0x08001ff9   Thumb Code     0  cpu_a.o(.text)
    CPU_SR_Restore                           0x08002001   Thumb Code     0  cpu_a.o(.text)
    CPU_WaitForInt                           0x08002007   Thumb Code     0  cpu_a.o(.text)
    CPU_WaitForExcept                        0x0800200b   Thumb Code     0  cpu_a.o(.text)
    CPU_CntLeadZeros                         0x0800200f   Thumb Code     0  cpu_a.o(.text)
    CPU_CntTrailZeros                        0x08002015   Thumb Code     0  cpu_a.o(.text)
    CPU_RevBits                              0x0800201f   Thumb Code     0  cpu_a.o(.text)
    ASCII_IsAlpha                            0x08002025   Thumb Code    48  lib_ascii.o(.text)
    ASCII_IsAlphaNum                         0x08002055   Thumb Code    76  lib_ascii.o(.text)
    ASCII_IsLower                            0x080020a1   Thumb Code    20  lib_ascii.o(.text)
    ASCII_IsUpper                            0x080020b5   Thumb Code    20  lib_ascii.o(.text)
    ASCII_IsDig                              0x080020c9   Thumb Code    20  lib_ascii.o(.text)
    ASCII_IsDigOct                           0x080020dd   Thumb Code    20  lib_ascii.o(.text)
    ASCII_IsDigHex                           0x080020f1   Thumb Code    36  lib_ascii.o(.text)
    ASCII_IsBlank                            0x08002115   Thumb Code    20  lib_ascii.o(.text)
    ASCII_IsSpace                            0x08002129   Thumb Code    36  lib_ascii.o(.text)
    ASCII_IsPrint                            0x0800214d   Thumb Code    20  lib_ascii.o(.text)
    ASCII_IsGraph                            0x08002161   Thumb Code    20  lib_ascii.o(.text)
    ASCII_IsPunct                            0x08002175   Thumb Code   134  lib_ascii.o(.text)
    ASCII_IsCtrl                             0x080021fb   Thumb Code    26  lib_ascii.o(.text)
    ASCII_ToLower                            0x08002215   Thumb Code    32  lib_ascii.o(.text)
    ASCII_ToUpper                            0x08002235   Thumb Code    32  lib_ascii.o(.text)
    ASCII_Cmp                                0x08002255   Thumb Code    38  lib_ascii.o(.text)
    Mem_Init                                 0x0800227d   Thumb Code    54  lib_mem.o(.text)
    Mem_Set                                  0x080022b3   Thumb Code    84  lib_mem.o(.text)
    Mem_Clr                                  0x08002307   Thumb Code    18  lib_mem.o(.text)
    Mem_Move                                 0x08002319   Thumb Code   186  lib_mem.o(.text)
    Mem_Cmp                                  0x080023d3   Thumb Code   192  lib_mem.o(.text)
    Mem_HeapAlloc                            0x0800250b   Thumb Code   168  lib_mem.o(.text)
    Mem_SegGetSizeRem                        0x080025b3   Thumb Code   108  lib_mem.o(.text)
    Mem_HeapGetSizeRem                       0x0800261f   Thumb Code    22  lib_mem.o(.text)
    Mem_PoolClr                              0x08002635   Thumb Code    80  lib_mem.o(.text)
    Mem_PoolCreate                           0x08002685   Thumb Code   838  lib_mem.o(.text)
    Mem_PoolBlkGetNbrAvail                   0x080029cb   Thumb Code    52  lib_mem.o(.text)
    Mem_PoolBlkGet                           0x080029ff   Thumb Code   126  lib_mem.o(.text)
    Mem_PoolBlkGetUsedAtIx                   0x08002a7d   Thumb Code   140  lib_mem.o(.text)
    Mem_PoolBlkFree                          0x08002b09   Thumb Code   152  lib_mem.o(.text)
    Mem_PoolBlkIxGet                         0x08002ba1   Thumb Code   162  lib_mem.o(.text)
    Str_Len_N                                0x08002c45   Thumb Code    28  lib_str.o(.text)
    Str_Len                                  0x08002c61   Thumb Code    20  lib_str.o(.text)
    Str_Copy_N                               0x08002c75   Thumb Code    70  lib_str.o(.text)
    Str_Copy                                 0x08002cbb   Thumb Code    24  lib_str.o(.text)
    Str_Cat_N                                0x08002cd3   Thumb Code    90  lib_str.o(.text)
    Str_Cat                                  0x08002d2d   Thumb Code    24  lib_str.o(.text)
    Str_Cmp_N                                0x08002d45   Thumb Code   156  lib_str.o(.text)
    Str_Cmp                                  0x08002de1   Thumb Code    24  lib_str.o(.text)
    Str_CmpIgnoreCase_N                      0x08002df9   Thumb Code   264  lib_str.o(.text)
    Str_CmpIgnoreCase                        0x08002f01   Thumb Code    24  lib_str.o(.text)
    Str_Char_N                               0x08002f19   Thumb Code    74  lib_str.o(.text)
    Str_Char                                 0x08002f63   Thumb Code    24  lib_str.o(.text)
    Str_Char_Last_N                          0x08002f7b   Thumb Code    76  lib_str.o(.text)
    Str_Char_Last                            0x08002fc7   Thumb Code    24  lib_str.o(.text)
    Str_Char_Replace_N                       0x08002fdf   Thumb Code    52  lib_str.o(.text)
    Str_Char_Replace                         0x08003013   Thumb Code    28  lib_str.o(.text)
    Str_Str_N                                0x0800302f   Thumb Code   182  lib_str.o(.text)
    Str_Str                                  0x080030e5   Thumb Code    24  lib_str.o(.text)
    Str_FmtNbr_Int32U                        0x080032d9   Thumb Code    46  lib_str.o(.text)
    Str_FmtNbr_Int32S                        0x08003307   Thumb Code    62  lib_str.o(.text)
    Str_ParseNbr_Int32U                      0x08003503   Thumb Code    30  lib_str.o(.text)
    Str_ParseNbr_Int32S                      0x08003521   Thumb Code    74  lib_str.o(.text)
    Mem_Copy                                 0x08003571   Thumb Code     0  lib_mem_a.o(.text)
    OSCfg_Init                               0x08003791   Thumb Code    86  os_cfg_app.o(.text)
    OS_IdleTask                              0x0800388d   Thumb Code    60  os_core.o(.text)
    OS_IdleTaskInit                          0x080038c9   Thumb Code    68  os_core.o(.text)
    OS_RdyListInit                           0x0800390d   Thumb Code    32  os_core.o(.text)
    OSInit                                   0x0800392d   Thumb Code   300  os_core.o(.text)
    OSIntEnter                               0x08003a59   Thumb Code    34  os_core.o(.text)
    OSIntExit                                0x08003a7b   Thumb Code   192  os_core.o(.text)
    OSSched                                  0x08003b3b   Thumb Code   134  os_core.o(.text)
    OS_SchedLockTimeMeasStart                0x08003bc1   Thumb Code    20  os_core.o(.text)
    OSSchedLock                              0x08003bd5   Thumb Code   104  os_core.o(.text)
    OS_SchedLockTimeMeasStop                 0x08003c3d   Thumb Code    44  os_core.o(.text)
    OSSchedUnlock                            0x08003c69   Thumb Code   290  os_core.o(.text)
    OSSchedRoundRobinCfg                     0x08003d8b   Thumb Code    88  os_core.o(.text)
    OS_RdyListMoveHeadToTail                 0x08003de3   Thumb Code    68  os_core.o(.text)
    OSSchedRoundRobinYield                   0x08003e27   Thumb Code   164  os_core.o(.text)
    OSStart                                  0x08003ecb   Thumb Code    78  os_core.o(.text)
    OSVersion                                0x08003f19   Thumb Code    12  os_core.o(.text)
    OS_PendDbgNameAdd                        0x08003f25   Thumb Code    66  os_core.o(.text)
    OS_PendListInsertPrio                    0x08003f67   Thumb Code   102  os_core.o(.text)
    OS_PendDataInit                          0x08003fcd   Thumb Code    38  os_core.o(.text)
    OS_RdyListRemove                         0x08003ff3   Thumb Code    86  os_core.o(.text)
    OS_TaskBlock                             0x08004049   Thumb Code    56  os_core.o(.text)
    OS_Pend                                  0x08004081   Thumb Code    98  os_core.o(.text)
    OS_PendListRemove1                       0x080040e3   Thumb Code   134  os_core.o(.text)
    OS_PendListRemove                        0x08004169   Thumb Code    48  os_core.o(.text)
    OS_PendAbort1                            0x08004199   Thumb Code    36  os_core.o(.text)
    OS_RdyListInsertHead                     0x080041bd   Thumb Code    58  os_core.o(.text)
    OS_RdyListInsertTail                     0x080041f7   Thumb Code    56  os_core.o(.text)
    OS_RdyListInsert                         0x0800422f   Thumb Code    40  os_core.o(.text)
    OS_TaskRdy                               0x08004257   Thumb Code    28  os_core.o(.text)
    OS_PendAbort                             0x08004273   Thumb Code   178  os_core.o(.text)
    OS_PendDbgNameRemove                     0x08004325   Thumb Code    34  os_core.o(.text)
    OS_PendListChangePrio                    0x08004347   Thumb Code    70  os_core.o(.text)
    OS_PendListInit                          0x0800438d   Thumb Code    10  os_core.o(.text)
    OS_PendListInsertHead                    0x08004397   Thumb Code    32  os_core.o(.text)
    OS_PendObjDel1                           0x080043b7   Thumb Code    36  os_core.o(.text)
    OS_PendObjDel                            0x080043db   Thumb Code   174  os_core.o(.text)
    OS_Post1                                 0x08004489   Thumb Code    42  os_core.o(.text)
    OS_Post                                  0x080044b3   Thumb Code   198  os_core.o(.text)
    OS_Sched0                                0x08004579   Thumb Code   100  os_core.o(.text)
    OS_SchedRoundRobin                       0x080045dd   Thumb Code   190  os_core.o(.text)
    OS_Dbg_Init                              0x080046ad   Thumb Code   146  os_dbg.o(.text)
    OS_FlagDbgListAdd                        0x0800485d   Thumb Code    38  os_flag.o(.text)
    OSFlagCreate                             0x08004883   Thumb Code   172  os_flag.o(.text)
    OS_FlagClr                               0x0800492f   Thumb Code    28  os_flag.o(.text)
    OS_FlagDbgListRemove                     0x0800494b   Thumb Code    44  os_flag.o(.text)
    OSFlagDel                                0x08004977   Thumb Code   594  os_flag.o(.text)
    OS_FlagBlock                             0x08004bc9   Thumb Code    58  os_flag.o(.text)
    OSFlagPend                               0x08004c03   Thumb Code  1492  os_flag.o(.text)
    OSFlagPendAbort                          0x080051d7   Thumb Code   292  os_flag.o(.text)
    OSFlagPendGetFlagsRdy                    0x080052fb   Thumb Code    68  os_flag.o(.text)
    OS_FlagTaskRdy                           0x0800533f   Thumb Code    92  os_flag.o(.text)
    OS_FlagPost                              0x0800539b   Thumb Code   572  os_flag.o(.text)
    OSFlagPost                               0x080055d7   Thumb Code   146  os_flag.o(.text)
    OS_FlagInit                              0x08005669   Thumb Code    14  os_flag.o(.text)
    OS_IntQPost                              0x08005691   Thumb Code   216  os_int.o(.text)
    OS_IntQRePost                            0x08005769   Thumb Code   348  os_int.o(.text)
    OS_IntQTask                              0x080058c5   Thumb Code   162  os_int.o(.text)
    OS_IntQTaskInit                          0x08005967   Thumb Code   208  os_int.o(.text)
    OS_MemDbgListAdd                         0x08005ac9   Thumb Code    34  os_mem.o(.text)
    OSMemCreate                              0x08005aeb   Thumb Code   288  os_mem.o(.text)
    OSMemGet                                 0x08005c0b   Thumb Code   100  os_mem.o(.text)
    OSMemPut                                 0x08005c6f   Thumb Code   112  os_mem.o(.text)
    OS_MemInit                               0x08005cdf   Thumb Code    14  os_mem.o(.text)
    OS_MsgPoolCreate                         0x08005d01   Thumb Code    54  os_msg.o(.text)
    OS_MsgPoolInit                           0x08005d37   Thumb Code    70  os_msg.o(.text)
    OS_MsgQFreeAll                           0x08005d7d   Thumb Code    62  os_msg.o(.text)
    OS_MsgQInit                              0x08005dbb   Thumb Code    14  os_msg.o(.text)
    OS_MsgQGet                               0x08005dc9   Thumb Code    98  os_msg.o(.text)
    OS_MsgQPut                               0x08005e2b   Thumb Code   242  os_msg.o(.text)
    OS_MutexDbgListAdd                       0x08005f29   Thumb Code    38  os_mutex.o(.text)
    OSMutexCreate                            0x08005f4f   Thumb Code   178  os_mutex.o(.text)
    OS_MutexClr                              0x08006001   Thumb Code    38  os_mutex.o(.text)
    OS_MutexDbgListRemove                    0x08006027   Thumb Code    44  os_mutex.o(.text)
    OSMutexDel                               0x08006053   Thumb Code   842  os_mutex.o(.text)
    OSMutexPend                              0x0800639d   Thumb Code   706  os_mutex.o(.text)
    OSMutexPendAbort                         0x0800665f   Thumb Code   314  os_mutex.o(.text)
    OSMutexPost                              0x08006799   Thumb Code   564  os_mutex.o(.text)
    OS_MutexInit                             0x080069cd   Thumb Code    14  os_mutex.o(.text)
    OS_PrioInit                              0x080069fd   Thumb Code    20  os_prio.o(.text)
    OS_PrioGetHighest                        0x08006a11   Thumb Code    36  os_prio.o(.text)
    OS_PrioInsert                            0x08006a35   Thumb Code    32  os_prio.o(.text)
    OS_PrioRemove                            0x08006a55   Thumb Code    32  os_prio.o(.text)
    OS_QDbgListAdd                           0x08006a79   Thumb Code    38  os_q.o(.text)
    OSQCreate                                0x08006a9f   Thumb Code   186  os_q.o(.text)
    OS_QClr                                  0x08006b59   Thumb Code    40  os_q.o(.text)
    OS_QDbgListRemove                        0x08006b81   Thumb Code    44  os_q.o(.text)
    OSQDel                                   0x08006bad   Thumb Code   362  os_q.o(.text)
    OSQFlush                                 0x08006d17   Thumb Code   210  os_q.o(.text)
    OSQPend                                  0x08006de9   Thumb Code   538  os_q.o(.text)
    OSQPendAbort                             0x08007003   Thumb Code   292  os_q.o(.text)
    OS_QPost                                 0x08007127   Thumb Code   322  os_q.o(.text)
    OSQPost                                  0x08007269   Thumb Code   196  os_q.o(.text)
    OS_QInit                                 0x0800732d   Thumb Code    14  os_q.o(.text)
    OS_SemDbgListAdd                         0x0800734d   Thumb Code    38  os_sem.o(.text)
    OSSemCreate                              0x08007373   Thumb Code   172  os_sem.o(.text)
    OS_SemClr                                0x0800741f   Thumb Code    28  os_sem.o(.text)
    OS_SemDbgListRemove                      0x0800743b   Thumb Code    44  os_sem.o(.text)
    OSSemDel                                 0x08007467   Thumb Code   362  os_sem.o(.text)
    OSSemPend                                0x080075d1   Thumb Code   504  os_sem.o(.text)
    OSSemPendAbort                           0x080077c9   Thumb Code   292  os_sem.o(.text)
    OS_SemPost                               0x080078ed   Thumb Code   350  os_sem.o(.text)
    OSSemPost                                0x08007a4b   Thumb Code   144  os_sem.o(.text)
    OSSemSet                                 0x08007adb   Thumb Code   138  os_sem.o(.text)
    OS_SemInit                               0x08007b65   Thumb Code    14  os_sem.o(.text)
    OSStatReset                              0x08007b7d   Thumb Code   276  os_stat.o(.text)
    OSStatTaskCPUUsageInit                   0x08007c91   Thumb Code   212  os_stat.o(.text)
    OS_StatTask                              0x08007d65   Thumb Code   888  os_stat.o(.text)
    OS_StatTaskInit                          0x080080dd   Thumb Code   138  os_stat.o(.text)
    OSTaskChangePrio                         0x080081bd   Thumb Code   416  os_task.o(.text)
    OS_TaskDbgListAdd                        0x0800835d   Thumb Code    42  os_task.o(.text)
    OS_TaskInitTCB                           0x08008387   Thumb Code   194  os_task.o(.text)
    OSTaskCreate                             0x08008449   Thumb Code   614  os_task.o(.text)
    OS_TaskDbgListRemove                     0x080086af   Thumb Code    64  os_task.o(.text)
    OSTaskDel                                0x080086ef   Thumb Code   424  os_task.o(.text)
    OSTaskQFlush                             0x08008897   Thumb Code   214  os_task.o(.text)
    OSTaskQPend                              0x0800896d   Thumb Code   554  os_task.o(.text)
    OSTaskQPendAbort                         0x08008b97   Thumb Code   242  os_task.o(.text)
    OS_TaskQPost                             0x08008c89   Thumb Code   526  os_task.o(.text)
    OSTaskQPost                              0x08008e97   Thumb Code   114  os_task.o(.text)
    OSTaskRegGet                             0x08008f09   Thumb Code    78  os_task.o(.text)
    OSTaskRegGetID                           0x08008f57   Thumb Code    84  os_task.o(.text)
    OSTaskRegSet                             0x08008fab   Thumb Code    78  os_task.o(.text)
    OS_TaskResume                            0x08008ff9   Thumb Code   314  os_task.o(.text)
    OSTaskResume                             0x08009133   Thumb Code   112  os_task.o(.text)
    OSTaskSemPend                            0x080091a3   Thumb Code   550  os_task.o(.text)
    OSTaskSemPendAbort                       0x080093c9   Thumb Code   270  os_task.o(.text)
    OS_TaskSemPost                           0x080094d7   Thumb Code  1216  os_task.o(.text)
    OSTaskSemPost                            0x08009997   Thumb Code    98  os_task.o(.text)
    OSTaskSemSet                             0x080099f9   Thumb Code   100  os_task.o(.text)
    OSTaskStkChk                             0x08009a5d   Thumb Code   204  os_task.o(.text)
    OS_TaskSuspend                           0x08009b29   Thumb Code   328  os_task.o(.text)
    OSTaskSuspend                            0x08009c71   Thumb Code    78  os_task.o(.text)
    OSTaskTimeQuantaSet                      0x08009cbf   Thumb Code    96  os_task.o(.text)
    OS_TaskInit                              0x08009d1f   Thumb Code    18  os_task.o(.text)
    OS_TaskReturn                            0x08009d31   Thumb Code    20  os_task.o(.text)
    OS_TickListRemove                        0x08009d6d   Thumb Code    56  os_tick.o(.text)
    OS_TickListUpdate                        0x08009da5   Thumb Code   492  os_tick.o(.text)
    OS_TickTask                              0x08009f91   Thumb Code    38  os_tick.o(.text)
    OS_TickListInit                          0x08009fb7   Thumb Code    32  os_tick.o(.text)
    OS_TickTaskInit                          0x08009fd7   Thumb Code   130  os_tick.o(.text)
    OS_TickListInsert                        0x0800a059   Thumb Code   502  os_tick.o(.text)
    OS_TickListResetPeak                     0x0800a24f   Thumb Code    28  os_tick.o(.text)
    OSTimeDly                                0x0800a275   Thumb Code   266  os_time.o(.text)
    OSTimeDlyHMSM                            0x0800a37f   Thumb Code   480  os_time.o(.text)
    OSTimeDlyResume                          0x0800a55f   Thumb Code   466  os_time.o(.text)
    OSTimeGet                                0x0800a731   Thumb Code    46  os_time.o(.text)
    OSTimeSet                                0x0800a75f   Thumb Code    46  os_time.o(.text)
    OSTimeTick                               0x0800a78d   Thumb Code    54  os_time.o(.text)
    OS_TmrDbgListAdd                         0x0800a7d9   Thumb Code    34  os_tmr.o(.text)
    OSTmrCreate                              0x0800a7fb   Thumb Code   248  os_tmr.o(.text)
    OS_TmrClr                                0x0800a8f3   Thumb Code    36  os_tmr.o(.text)
    OS_TmrUnlink                             0x0800a917   Thumb Code    72  os_tmr.o(.text)
    OS_TmrDbgListRemove                      0x0800a95f   Thumb Code    44  os_tmr.o(.text)
    OSTmrDel                                 0x0800a98b   Thumb Code   176  os_tmr.o(.text)
    OSTmrRemainGet                           0x0800aa3b   Thumb Code   184  os_tmr.o(.text)
    OS_TmrLink                               0x0800aaf3   Thumb Code   196  os_tmr.o(.text)
    OSTmrStart                               0x0800abb7   Thumb Code   210  os_tmr.o(.text)
    OSTmrStateGet                            0x0800ac89   Thumb Code   134  os_tmr.o(.text)
    OSTmrStop                                0x0800ad0f   Thumb Code   232  os_tmr.o(.text)
    OS_TmrTask                               0x0800adf7   Thumb Code   176  os_tmr.o(.text)
    OS_TmrInit                               0x0800aea7   Thumb Code   208  os_tmr.o(.text)
    OS_TmrResetPeak                          0x0800af77   Thumb Code    28  os_tmr.o(.text)
    OSIdleTaskHook                           0x0800aff1   Thumb Code    16  os_cpu_c.o(.text)
    OSInitHook                               0x0800b001   Thumb Code    42  os_cpu_c.o(.text)
    OSStatTaskHook                           0x0800b02b   Thumb Code    16  os_cpu_c.o(.text)
    OSTaskCreateHook                         0x0800b03b   Thumb Code    20  os_cpu_c.o(.text)
    OSTaskDelHook                            0x0800b04f   Thumb Code    20  os_cpu_c.o(.text)
    OSTaskReturnHook                         0x0800b063   Thumb Code    20  os_cpu_c.o(.text)
    OSTaskStkInit                            0x0800b077   Thumb Code   188  os_cpu_c.o(.text)
    OSTaskSwHook                             0x0800b133   Thumb Code   120  os_cpu_c.o(.text)
    OSTimeTickHook                           0x0800b1ab   Thumb Code    16  os_cpu_c.o(.text)
    OS_CPU_SysTickHandler                    0x0800b1bb   Thumb Code    52  os_cpu_c.o(.text)
    OS_CPU_SysTickInit                       0x0800b1ef   Thumb Code    44  os_cpu_c.o(.text)
    __use_no_semihosting                     0x0800b25d   Thumb Code     2  use_no_semi_2.o(.text)
    __aeabi_uldivmod                         0x0800b25f   Thumb Code     0  lludivv7m.o(.text)
    _ll_udiv                                 0x0800b25f   Thumb Code   238  lludivv7m.o(.text)
    __2printf                                0x0800b34d   Thumb Code    20  noretval__2printf.o(.text)
    __printf                                 0x0800b365   Thumb Code   270  __printf_wp.o(.text)
    __use_two_region_memory                  0x0800b473   Thumb Code     2  heapauxi.o(.text)
    __rt_heap_escrow$2region                 0x0800b475   Thumb Code     2  heapauxi.o(.text)
    __rt_heap_expand$2region                 0x0800b477   Thumb Code     2  heapauxi.o(.text)
    __I$use$semihosting                      0x0800b479   Thumb Code     0  use_no_semi.o(.text)
    __use_no_semihosting_swi                 0x0800b479   Thumb Code     2  use_no_semi.o(.text)
    __lib_sel_fp_printf                      0x0800b47b   Thumb Code     2  _printf_fp_dec.o(.text)
    _printf_fp_dec_real                      0x0800b627   Thumb Code   628  _printf_fp_dec.o(.text)
    _printf_char_file                        0x0800b89d   Thumb Code    32  _printf_char_file.o(.text)
    __rt_locale                              0x0800b8c1   Thumb Code     8  rt_locale_intlibspace.o(.text)
    _ll_udiv10                               0x0800b8c9   Thumb Code   138  lludiv10.o(.text)
    _printf_char_common                      0x0800b95f   Thumb Code    32  _printf_char_common.o(.text)
    _printf_fp_infnan                        0x0800b985   Thumb Code   112  _printf_fp_infnan.o(.text)
    _btod_etento                             0x0800ba05   Thumb Code   222  bigflt0.o(.text)
    ferror                                   0x0800bae9   Thumb Code     8  ferror.o(.text)
    __user_libspace                          0x0800baf1   Thumb Code     8  libspace.o(.text)
    __user_perproc_libspace                  0x0800baf1   Thumb Code     0  libspace.o(.text)
    __user_perthread_libspace                0x0800baf1   Thumb Code     0  libspace.o(.text)
    __user_setup_stackheap                   0x0800baf9   Thumb Code    74  sys_stackheap_outer.o(.text)
    exit                                     0x0800bb43   Thumb Code    12  exit.o(.text)
    strcmp                                   0x0800bb51   Thumb Code   128  strcmpv7m.o(.text)
    _btod_d2e                                0x0800bbd1   Thumb Code    62  btod.o(CL$$btod_d2e)
    _d2e_denorm_low                          0x0800bc0f   Thumb Code    70  btod.o(CL$$btod_d2e_denorm_low)
    _d2e_norm_op1                            0x0800bc55   Thumb Code    96  btod.o(CL$$btod_d2e_norm_op1)
    __btod_div_common                        0x0800bcb5   Thumb Code   696  btod.o(CL$$btod_div_common)
    _e2e                                     0x0800bfed   Thumb Code   198  btod.o(CL$$btod_e2e)
    _btod_ediv                               0x0800c0b3   Thumb Code    40  btod.o(CL$$btod_ediv)
    _btod_emul                               0x0800c0db   Thumb Code    40  btod.o(CL$$btod_emul)
    __btod_mult_common                       0x0800c103   Thumb Code   580  btod.o(CL$$btod_mult_common)
    OSStartHighRdy                           0x0800c349   Thumb Code     0  os_cpu_a.o(CODE)
    PendSV_Handler                           0x0800c37f   Thumb Code     0  os_cpu_a.o(CODE)
    __ARM_fpclassify                         0x0800c3e1   Thumb Code    40  fpclassify.o(i.__ARM_fpclassify)
    _is_digit                                0x0800c409   Thumb Code    14  __printf_wp.o(i._is_digit)
    _get_lc_numeric                          0x0800c419   Thumb Code    44  lc_numeric_c.o(locale$$code)
    __fpl_dretinf                            0x0800c445   Thumb Code    12  dretinf.o(x$fpl$dretinf)
    __aeabi_f2d                              0x0800c451   Thumb Code     0  f2d.o(x$fpl$f2d)
    _f2d                                     0x0800c451   Thumb Code    86  f2d.o(x$fpl$f2d)
    __aeabi_fadd                             0x0800c4a9   Thumb Code     0  faddsub_clz.o(x$fpl$fadd)
    _fadd                                    0x0800c4a9   Thumb Code   196  faddsub_clz.o(x$fpl$fadd)
    __fpl_fnaninf                            0x0800c56d   Thumb Code   140  fnaninf.o(x$fpl$fnaninf)
    __fpl_fretinf                            0x0800c5f9   Thumb Code    10  fretinf.o(x$fpl$fretinf)
    __aeabi_fsub                             0x0800c605   Thumb Code     0  faddsub_clz.o(x$fpl$fsub)
    _fsub                                    0x0800c605   Thumb Code   234  faddsub_clz.o(x$fpl$fsub)
    _printf_fp_dec                           0x0800c6ef   Thumb Code     4  printf1.o(x$fpl$printf1)
    __I$use$fp                               0x0800c6f2   Number         0  usenofp.o(x$fpl$usenofp)
    CPU_EndiannessTest                       0x0800c7f4   Data           4  cpu_core.o(.constdata)
    OSCfg_IdleTaskStkBasePtr                 0x0800c88c   Data           4  os_cfg_app.o(.constdata)
    OSCfg_IdleTaskStkLimit                   0x0800c890   Data           4  os_cfg_app.o(.constdata)
    OSCfg_IdleTaskStkSize                    0x0800c894   Data           4  os_cfg_app.o(.constdata)
    OSCfg_IdleTaskStkSizeRAM                 0x0800c898   Data           4  os_cfg_app.o(.constdata)
    OSCfg_IntQBasePtr                        0x0800c89c   Data           4  os_cfg_app.o(.constdata)
    OSCfg_IntQSize                           0x0800c8a0   Data           2  os_cfg_app.o(.constdata)
    OSCfg_IntQSizeRAM                        0x0800c8a4   Data           4  os_cfg_app.o(.constdata)
    OSCfg_IntQTaskStkBasePtr                 0x0800c8a8   Data           4  os_cfg_app.o(.constdata)
    OSCfg_IntQTaskStkLimit                   0x0800c8ac   Data           4  os_cfg_app.o(.constdata)
    OSCfg_IntQTaskStkSize                    0x0800c8b0   Data           4  os_cfg_app.o(.constdata)
    OSCfg_IntQTaskStkSizeRAM                 0x0800c8b4   Data           4  os_cfg_app.o(.constdata)
    OSCfg_ISRStkBasePtr                      0x0800c8b8   Data           4  os_cfg_app.o(.constdata)
    OSCfg_ISRStkSize                         0x0800c8bc   Data           4  os_cfg_app.o(.constdata)
    OSCfg_ISRStkSizeRAM                      0x0800c8c0   Data           4  os_cfg_app.o(.constdata)
    OSCfg_MsgPoolSize                        0x0800c8c4   Data           2  os_cfg_app.o(.constdata)
    OSCfg_MsgPoolSizeRAM                     0x0800c8c8   Data           4  os_cfg_app.o(.constdata)
    OSCfg_MsgPoolBasePtr                     0x0800c8cc   Data           4  os_cfg_app.o(.constdata)
    OSCfg_StatTaskPrio                       0x0800c8d0   Data           1  os_cfg_app.o(.constdata)
    OSCfg_StatTaskRate_Hz                    0x0800c8d4   Data           4  os_cfg_app.o(.constdata)
    OSCfg_StatTaskStkBasePtr                 0x0800c8d8   Data           4  os_cfg_app.o(.constdata)
    OSCfg_StatTaskStkLimit                   0x0800c8dc   Data           4  os_cfg_app.o(.constdata)
    OSCfg_StatTaskStkSize                    0x0800c8e0   Data           4  os_cfg_app.o(.constdata)
    OSCfg_StatTaskStkSizeRAM                 0x0800c8e4   Data           4  os_cfg_app.o(.constdata)
    OSCfg_StkSizeMin                         0x0800c8e8   Data           4  os_cfg_app.o(.constdata)
    OSCfg_TickRate_Hz                        0x0800c8ec   Data           4  os_cfg_app.o(.constdata)
    OSCfg_TickTaskPrio                       0x0800c8f0   Data           1  os_cfg_app.o(.constdata)
    OSCfg_TickTaskStkBasePtr                 0x0800c8f4   Data           4  os_cfg_app.o(.constdata)
    OSCfg_TickTaskStkLimit                   0x0800c8f8   Data           4  os_cfg_app.o(.constdata)
    OSCfg_TickTaskStkSize                    0x0800c8fc   Data           4  os_cfg_app.o(.constdata)
    OSCfg_TickTaskStkSizeRAM                 0x0800c900   Data           4  os_cfg_app.o(.constdata)
    OSCfg_TickWheelSize                      0x0800c904   Data           2  os_cfg_app.o(.constdata)
    OSCfg_TickWheelSizeRAM                   0x0800c908   Data           4  os_cfg_app.o(.constdata)
    OSCfg_TmrTaskPrio                        0x0800c90c   Data           1  os_cfg_app.o(.constdata)
    OSCfg_TmrTaskRate_Hz                     0x0800c910   Data           4  os_cfg_app.o(.constdata)
    OSCfg_TmrTaskStkBasePtr                  0x0800c914   Data           4  os_cfg_app.o(.constdata)
    OSCfg_TmrTaskStkLimit                    0x0800c918   Data           4  os_cfg_app.o(.constdata)
    OSCfg_TmrTaskStkSize                     0x0800c91c   Data           4  os_cfg_app.o(.constdata)
    OSCfg_TmrTaskStkSizeRAM                  0x0800c920   Data           4  os_cfg_app.o(.constdata)
    OSCfg_TmrWheelSize                       0x0800c924   Data           2  os_cfg_app.o(.constdata)
    OSCfg_TmrWheelSizeRAM                    0x0800c928   Data           4  os_cfg_app.o(.constdata)
    OSCfg_DataSizeRAM                        0x0800c92c   Data           4  os_cfg_app.o(.constdata)
    OSDbg_DbgEn                              0x0800c930   Data           2  os_dbg.o(.constdata)
    OSDbg_ArgChkEn                           0x0800c932   Data           1  os_dbg.o(.constdata)
    OSDbg_AppHooksEn                         0x0800c933   Data           1  os_dbg.o(.constdata)
    OSDbg_EndiannessTest                     0x0800c934   Data           4  os_dbg.o(.constdata)
    OSDbg_CalledFromISRChkEn                 0x0800c938   Data           1  os_dbg.o(.constdata)
    OSDbg_FlagEn                             0x0800c939   Data           1  os_dbg.o(.constdata)
    OSDbg_FlagGrp                            0x0800c93c   Data          40  os_dbg.o(.constdata)
    OSDbg_FlagDelEn                          0x0800c964   Data           1  os_dbg.o(.constdata)
    OSDbg_FlagModeClrEn                      0x0800c965   Data           1  os_dbg.o(.constdata)
    OSDbg_FlagPendAbortEn                    0x0800c966   Data           1  os_dbg.o(.constdata)
    OSDbg_FlagGrpSize                        0x0800c968   Data           2  os_dbg.o(.constdata)
    OSDbg_FlagWidth                          0x0800c96a   Data           2  os_dbg.o(.constdata)
    OSDbg_IntQ                               0x0800c96c   Data           2  os_dbg.o(.constdata)
    OSDbg_ISRPostDeferredEn                  0x0800c96e   Data           1  os_dbg.o(.constdata)
    OSDbg_Mem                                0x0800c970   Data          32  os_dbg.o(.constdata)
    OSDbg_MemEn                              0x0800c990   Data           1  os_dbg.o(.constdata)
    OSDbg_MemSize                            0x0800c992   Data           2  os_dbg.o(.constdata)
    OSDbg_MsgEn                              0x0800c994   Data           1  os_dbg.o(.constdata)
    OSDbg_MsgSize                            0x0800c996   Data           2  os_dbg.o(.constdata)
    OSDbg_MsgPoolSize                        0x0800c998   Data           2  os_dbg.o(.constdata)
    OSDbg_MsgQSize                           0x0800c99a   Data           2  os_dbg.o(.constdata)
    OSDbg_Mutex                              0x0800c99c   Data          44  os_dbg.o(.constdata)
    OSDbg_MutexEn                            0x0800c9c8   Data           1  os_dbg.o(.constdata)
    OSDbg_MutexDelEn                         0x0800c9c9   Data           1  os_dbg.o(.constdata)
    OSDbg_MutexPendAbortEn                   0x0800c9ca   Data           1  os_dbg.o(.constdata)
    OSDbg_MutexSize                          0x0800c9cc   Data           2  os_dbg.o(.constdata)
    OSDbg_ObjTypeChkEn                       0x0800c9ce   Data           1  os_dbg.o(.constdata)
    OSDbg_PendMultiEn                        0x0800c9cf   Data           1  os_dbg.o(.constdata)
    OSDbg_PendDataSize                       0x0800c9d0   Data           2  os_dbg.o(.constdata)
    OSDbg_PendListSize                       0x0800c9d2   Data           2  os_dbg.o(.constdata)
    OSDbg_PendObjSize                        0x0800c9d4   Data           2  os_dbg.o(.constdata)
    OSDbg_PrioMax                            0x0800c9d6   Data           2  os_dbg.o(.constdata)
    OSDbg_PrioTblSize                        0x0800c9d8   Data           2  os_dbg.o(.constdata)
    OSDbg_PtrSize                            0x0800c9da   Data           2  os_dbg.o(.constdata)
    OSDbg_Q                                  0x0800c9dc   Data          48  os_dbg.o(.constdata)
    OSDbg_QEn                                0x0800ca0c   Data           1  os_dbg.o(.constdata)
    OSDbg_QDelEn                             0x0800ca0d   Data           1  os_dbg.o(.constdata)
    OSDbg_QFlushEn                           0x0800ca0e   Data           1  os_dbg.o(.constdata)
    OSDbg_QPendAbortEn                       0x0800ca0f   Data           1  os_dbg.o(.constdata)
    OSDbg_QSize                              0x0800ca10   Data           2  os_dbg.o(.constdata)
    OSDbg_SchedRoundRobinEn                  0x0800ca12   Data           1  os_dbg.o(.constdata)
    OSDbg_Sem                                0x0800ca14   Data          40  os_dbg.o(.constdata)
    OSDbg_SemEn                              0x0800ca3c   Data           1  os_dbg.o(.constdata)
    OSDbg_SemDelEn                           0x0800ca3d   Data           1  os_dbg.o(.constdata)
    OSDbg_SemPendAbortEn                     0x0800ca3e   Data           1  os_dbg.o(.constdata)
    OSDbg_SemSetEn                           0x0800ca3f   Data           1  os_dbg.o(.constdata)
    OSDbg_SemSize                            0x0800ca40   Data           2  os_dbg.o(.constdata)
    OSDbg_RdyList                            0x0800ca42   Data           2  os_dbg.o(.constdata)
    OSDbg_RdyListSize                        0x0800ca44   Data           4  os_dbg.o(.constdata)
    OSDbg_StkWidth                           0x0800ca48   Data           1  os_dbg.o(.constdata)
    OSDbg_StatTaskEn                         0x0800ca49   Data           1  os_dbg.o(.constdata)
    OSDbg_StatTaskStkChkEn                   0x0800ca4a   Data           1  os_dbg.o(.constdata)
    OSDbg_TaskChangePrioEn                   0x0800ca4b   Data           1  os_dbg.o(.constdata)
    OSDbg_TaskDelEn                          0x0800ca4c   Data           1  os_dbg.o(.constdata)
    OSDbg_TaskQEn                            0x0800ca4d   Data           1  os_dbg.o(.constdata)
    OSDbg_TaskQPendAbortEn                   0x0800ca4e   Data           1  os_dbg.o(.constdata)
    OSDbg_TaskProfileEn                      0x0800ca4f   Data           1  os_dbg.o(.constdata)
    OSDbg_TaskRegTblSize                     0x0800ca50   Data           2  os_dbg.o(.constdata)
    OSDbg_TaskSemPendAbortEn                 0x0800ca52   Data           1  os_dbg.o(.constdata)
    OSDbg_TaskSuspendEn                      0x0800ca53   Data           1  os_dbg.o(.constdata)
    OSDbg_TCBSize                            0x0800ca54   Data           2  os_dbg.o(.constdata)
    OSDbg_TickSpokeSize                      0x0800ca56   Data           2  os_dbg.o(.constdata)
    OSDbg_TimeDlyHMSMEn                      0x0800ca58   Data           1  os_dbg.o(.constdata)
    OSDbg_TimeDlyResumeEn                    0x0800ca59   Data           1  os_dbg.o(.constdata)
    OSDbg_TLS_TblSize                        0x0800ca5a   Data           2  os_dbg.o(.constdata)
    OSDbg_Tmr                                0x0800ca5c   Data          52  os_dbg.o(.constdata)
    OSDbg_TmrEn                              0x0800ca90   Data           1  os_dbg.o(.constdata)
    OSDbg_TmrDelEn                           0x0800ca91   Data           1  os_dbg.o(.constdata)
    OSDbg_TmrSize                            0x0800ca92   Data           2  os_dbg.o(.constdata)
    OSDbg_TmrSpokeSize                       0x0800ca94   Data           2  os_dbg.o(.constdata)
    OSDbg_VersionNbr                         0x0800ca96   Data           2  os_dbg.o(.constdata)
    OSDbg_DataSize                           0x0800ca98   Data           4  os_dbg.o(.constdata)
    Region$$Table$$Base                      0x0800cb30   Number         0  anon$$obj.o(Region$$Table)
    Region$$Table$$Limit                     0x0800cb50   Number         0  anon$$obj.o(Region$$Table)
    SystemCoreClock                          0x20000004   Data           4  system_stm32f10x.o(.data)
    AHBPrescTable                            0x20000008   Data          16  system_stm32f10x.o(.data)
    USART_RX_STA                             0x20000020   Data           2  usart.o(.data)
    __stdout                                 0x20000024   Data           4  usart.o(.data)
    CPU_TS_TmrFreq_Hz                        0x2000003c   Data           4  cpu_core.o(.data)
    Mem_PoolTbl                              0x20000040   Data           4  lib_mem.o(.data)
    OSPrioTbl                                0x20000044   Data           8  os_prio.o(.data)
    OS_AppTaskCreateHookPtr                  0x2000004c   Data           4  os_var.o(.data)
    OS_AppTaskDelHookPtr                     0x20000050   Data           4  os_var.o(.data)
    OS_AppTaskReturnHookPtr                  0x20000054   Data           4  os_var.o(.data)
    OS_AppIdleTaskHookPtr                    0x20000058   Data           4  os_var.o(.data)
    OS_AppStatTaskHookPtr                    0x2000005c   Data           4  os_var.o(.data)
    OS_AppTaskSwHookPtr                      0x20000060   Data           4  os_var.o(.data)
    OS_AppTimeTickHookPtr                    0x20000064   Data           4  os_var.o(.data)
    OSIdleTaskCtr                            0x20000068   Data           4  os_var.o(.data)
    OSIntNestingCtr                          0x2000006c   Data           1  os_var.o(.data)
    OSRunning                                0x2000006d   Data           1  os_var.o(.data)
    OSIntQInPtr                              0x20000070   Data           4  os_var.o(.data)
    OSIntQOutPtr                             0x20000074   Data           4  os_var.o(.data)
    OSIntQNbrEntries                         0x20000078   Data           2  os_var.o(.data)
    OSIntQNbrEntriesMax                      0x2000007a   Data           2  os_var.o(.data)
    OSIntQOvfCtr                             0x2000007c   Data           2  os_var.o(.data)
    OSIntQTaskTimeMax                        0x20000080   Data           4  os_var.o(.data)
    OSFlagDbgListPtr                         0x20000084   Data           4  os_var.o(.data)
    OSFlagQty                                0x20000088   Data           2  os_var.o(.data)
    OSMemDbgListPtr                          0x2000008c   Data           4  os_var.o(.data)
    OSMemQty                                 0x20000090   Data           2  os_var.o(.data)
    OSMutexDbgListPtr                        0x20000094   Data           4  os_var.o(.data)
    OSMutexQty                               0x20000098   Data           2  os_var.o(.data)
    OSPrioCur                                0x2000009a   Data           1  os_var.o(.data)
    OSPrioHighRdy                            0x2000009b   Data           1  os_var.o(.data)
    OSPrioSaved                              0x2000009c   Data           1  os_var.o(.data)
    OSQDbgListPtr                            0x200000a0   Data           4  os_var.o(.data)
    OSQQty                                   0x200000a4   Data           2  os_var.o(.data)
    OSSchedLockTimeBegin                     0x200000a8   Data           4  os_var.o(.data)
    OSSchedLockTimeMax                       0x200000ac   Data           4  os_var.o(.data)
    OSSchedLockTimeMaxCur                    0x200000b0   Data           4  os_var.o(.data)
    OSSchedLockNestingCtr                    0x200000b4   Data           1  os_var.o(.data)
    OSSchedRoundRobinDfltTimeQuanta          0x200000b8   Data           4  os_var.o(.data)
    OSSchedRoundRobinEn                      0x200000bc   Data           1  os_var.o(.data)
    OSSemDbgListPtr                          0x200000c0   Data           4  os_var.o(.data)
    OSSemQty                                 0x200000c4   Data           2  os_var.o(.data)
    OSStatResetFlag                          0x200000c6   Data           1  os_var.o(.data)
    OSStatTaskCPUUsage                       0x200000c8   Data           2  os_var.o(.data)
    OSStatTaskCPUUsageMax                    0x200000ca   Data           2  os_var.o(.data)
    OSStatTaskCtr                            0x200000cc   Data           4  os_var.o(.data)
    OSStatTaskCtrMax                         0x200000d0   Data           4  os_var.o(.data)
    OSStatTaskCtrRun                         0x200000d4   Data           4  os_var.o(.data)
    OSStatTaskRdy                            0x200000d8   Data           1  os_var.o(.data)
    OSStatTaskTimeMax                        0x200000dc   Data           4  os_var.o(.data)
    OSTaskCtxSwCtr                           0x200000e0   Data           4  os_var.o(.data)
    OSTaskDbgListPtr                         0x200000e4   Data           4  os_var.o(.data)
    OSTaskQty                                0x200000e8   Data           2  os_var.o(.data)
    OSTaskRegNextAvailID                     0x200000ea   Data           1  os_var.o(.data)
    OSTickCtr                                0x200000ec   Data           4  os_var.o(.data)
    OSTickTaskTimeMax                        0x200000f0   Data           4  os_var.o(.data)
    OSTmrDbgListPtr                          0x200000f4   Data           4  os_var.o(.data)
    OSTmrQty                                 0x200000f8   Data           2  os_var.o(.data)
    OSTmrTaskTimeMax                         0x200000fc   Data           4  os_var.o(.data)
    OSTmrTickCtr                             0x20000100   Data           4  os_var.o(.data)
    OSTmrUpdateCnt                           0x20000104   Data           4  os_var.o(.data)
    OSTmrUpdateCtr                           0x20000108   Data           4  os_var.o(.data)
    OSTCBCurPtr                              0x2000010c   Data           4  os_var.o(.data)
    OSTCBHighRdyPtr                          0x20000110   Data           4  os_var.o(.data)
    OS_CPU_ExceptStkBase                     0x20000114   Data           4  os_cpu_c.o(.data)
    StartTaskTCB                             0x20000118   Data         196  main.o(.bss)
    START_TASK_STK                           0x200001dc   Data        2048  main.o(.bss)
    Led0TaskTCB                              0x200009dc   Data         196  main.o(.bss)
    LED0_TASK_STK                            0x20000aa0   Data         512  main.o(.bss)
    Led1TaskTCB                              0x20000ca0   Data         196  main.o(.bss)
    LED1_TASK_STK                            0x20000d64   Data         512  main.o(.bss)
    FloatTaskTCB                             0x20000f64   Data         196  main.o(.bss)
    FLOAT_TASK_STK                           0x20001028   Data         512  main.o(.bss)
    KeyTaskTCB                               0x20001228   Data         196  main.o(.bss)
    KEY_TASK_STK                             0x200012f0   Data         512  main.o(.bss)
    USART_RX_BUF                             0x200014f0   Data         200  usart.o(.bss)
    CPU_Name                                 0x200015b8   Data          16  cpu_core.o(.bss)
    Mem_PoolHeap                             0x200015c8   Data          72  lib_mem.o(.bss)
    Mem_Heap                                 0x20001610   Data        1024  lib_mem.o(.bss)
    OSCfg_IdleTaskStk                        0x20001a10   Data         512  os_cfg_app.o(.bss)
    OSCfg_IntQ                               0x20001c10   Data         320  os_cfg_app.o(.bss)
    OSCfg_IntQTaskStk                        0x20001d50   Data         512  os_cfg_app.o(.bss)
    OSCfg_ISRStk                             0x20001f50   Data         512  os_cfg_app.o(.bss)
    OSCfg_MsgPool                            0x20002150   Data        1600  os_cfg_app.o(.bss)
    OSCfg_StatTaskStk                        0x20002790   Data         512  os_cfg_app.o(.bss)
    OSCfg_TickTaskStk                        0x20002990   Data         512  os_cfg_app.o(.bss)
    OSCfg_TickWheel                          0x20002b90   Data         136  os_cfg_app.o(.bss)
    OSCfg_TmrTaskStk                         0x20002c18   Data         512  os_cfg_app.o(.bss)
    OSCfg_TmrWheel                           0x20002e18   Data         136  os_cfg_app.o(.bss)
    OSIdleTaskTCB                            0x20002ea0   Data         196  os_var.o(.bss)
    OSIntQTaskTCB                            0x20002f64   Data         196  os_var.o(.bss)
    OSMsgPool                                0x20003028   Data          12  os_var.o(.bss)
    OSRdyList                                0x20003034   Data         768  os_var.o(.bss)
    OSStatTaskTCB                            0x20003334   Data         196  os_var.o(.bss)
    OSTickTaskTCB                            0x200033f8   Data         196  os_var.o(.bss)
    OSTmrTaskTCB                             0x200034bc   Data         196  os_var.o(.bss)
    __libspace_start                         0x20003580   Data          96  libspace.o(.bss)
    __temporary_stack_top$libspace           0x200035e0   Data           0  libspace.o(.bss)



==============================================================================

Memory Map of the image

  Image Entry point : 0x08000131

  Load Region LR_IROM1 (Base: 0x08000000, Size: 0x0000cc84, Max: 0x00080000, ABSOLUTE)

    Execution Region ER_IROM1 (Base: 0x08000000, Size: 0x0000cb6c, Max: 0x00080000, ABSOLUTE)

    Base Addr    Size         Type   Attr      Idx    E Section Name        Object

    0x08000000   0x00000130   Data   RO          304    RESET               startup_stm32f10x_hd.o
    0x08000130   0x00000008   Code   RO          804  * !!!main             c_w.l(__main.o)
    0x08000138   0x00000034   Code   RO         1039    !!!scatter          c_w.l(__scatter.o)
    0x0800016c   0x0000001a   Code   RO         1041    !!handler_copy      c_w.l(__scatter_copy.o)
    0x08000186   0x00000002   PAD
    0x08000188   0x0000001c   Code   RO         1043    !!handler_zi        c_w.l(__scatter_zi.o)
    0x080001a4   0x00000000   Code   RO          801    .ARM.Collect$$_printf_percent$$00000000  c_w.l(_printf_percent.o)
    0x080001a4   0x00000006   Code   RO          800    .ARM.Collect$$_printf_percent$$00000003  c_w.l(_printf_f.o)
    0x080001aa   0x00000004   Code   RO          827    .ARM.Collect$$_printf_percent$$00000017  c_w.l(_printf_percent_end.o)
    0x080001ae   0x00000002   Code   RO          919    .ARM.Collect$$libinit$$00000000  c_w.l(libinit.o)
    0x080001b0   0x00000000   Code   RO          921    .ARM.Collect$$libinit$$00000002  c_w.l(libinit2.o)
    0x080001b0   0x00000000   Code   RO          924    .ARM.Collect$$libinit$$00000008  c_w.l(libinit2.o)
    0x080001b0   0x00000000   Code   RO          926    .ARM.Collect$$libinit$$0000000A  c_w.l(libinit2.o)
    0x080001b0   0x00000000   Code   RO          928    .ARM.Collect$$libinit$$0000000C  c_w.l(libinit2.o)
    0x080001b0   0x00000006   Code   RO          929    .ARM.Collect$$libinit$$0000000D  c_w.l(libinit2.o)
    0x080001b6   0x00000000   Code   RO          931    .ARM.Collect$$libinit$$0000000F  c_w.l(libinit2.o)
    0x080001b6   0x00000000   Code   RO          933    .ARM.Collect$$libinit$$00000011  c_w.l(libinit2.o)
    0x080001b6   0x00000000   Code   RO          935    .ARM.Collect$$libinit$$00000013  c_w.l(libinit2.o)
    0x080001b6   0x0000000a   Code   RO          936    .ARM.Collect$$libinit$$00000014  c_w.l(libinit2.o)
    0x080001c0   0x00000000   Code   RO          937    .ARM.Collect$$libinit$$00000015  c_w.l(libinit2.o)
    0x080001c0   0x00000000   Code   RO          939    .ARM.Collect$$libinit$$00000017  c_w.l(libinit2.o)
    0x080001c0   0x00000000   Code   RO          941    .ARM.Collect$$libinit$$00000019  c_w.l(libinit2.o)
    0x080001c0   0x00000000   Code   RO          943    .ARM.Collect$$libinit$$0000001B  c_w.l(libinit2.o)
    0x080001c0   0x00000000   Code   RO          945    .ARM.Collect$$libinit$$0000001D  c_w.l(libinit2.o)
    0x080001c0   0x00000000   Code   RO          947    .ARM.Collect$$libinit$$0000001F  c_w.l(libinit2.o)
    0x080001c0   0x00000000   Code   RO          949    .ARM.Collect$$libinit$$00000021  c_w.l(libinit2.o)
    0x080001c0   0x00000000   Code   RO          951    .ARM.Collect$$libinit$$00000023  c_w.l(libinit2.o)
    0x080001c0   0x00000000   Code   RO          955    .ARM.Collect$$libinit$$0000002A  c_w.l(libinit2.o)
    0x080001c0   0x00000000   Code   RO          957    .ARM.Collect$$libinit$$0000002C  c_w.l(libinit2.o)
    0x080001c0   0x00000000   Code   RO          959    .ARM.Collect$$libinit$$0000002E  c_w.l(libinit2.o)
    0x080001c0   0x00000000   Code   RO          961    .ARM.Collect$$libinit$$00000030  c_w.l(libinit2.o)
    0x080001c0   0x00000002   Code   RO          962    .ARM.Collect$$libinit$$00000031  c_w.l(libinit2.o)
    0x080001c2   0x00000002   Code   RO         1004    .ARM.Collect$$libshutdown$$00000000  c_w.l(libshutdown.o)
    0x080001c4   0x00000000   Code   RO         1024    .ARM.Collect$$libshutdown$$00000003  c_w.l(libshutdown2.o)
    0x080001c4   0x00000000   Code   RO         1027    .ARM.Collect$$libshutdown$$00000006  c_w.l(libshutdown2.o)
    0x080001c4   0x00000000   Code   RO         1030    .ARM.Collect$$libshutdown$$00000009  c_w.l(libshutdown2.o)
    0x080001c4   0x00000000   Code   RO         1032    .ARM.Collect$$libshutdown$$0000000B  c_w.l(libshutdown2.o)
    0x080001c4   0x00000000   Code   RO         1035    .ARM.Collect$$libshutdown$$0000000E  c_w.l(libshutdown2.o)
    0x080001c4   0x00000002   Code   RO         1036    .ARM.Collect$$libshutdown$$0000000F  c_w.l(libshutdown2.o)
    0x080001c6   0x00000000   Code   RO          818    .ARM.Collect$$rtentry$$00000000  c_w.l(rtentry.o)
    0x080001c6   0x00000000   Code   RO          836    .ARM.Collect$$rtentry$$00000002  c_w.l(rtentry2.o)
    0x080001c6   0x00000006   Code   RO          848    .ARM.Collect$$rtentry$$00000004  c_w.l(rtentry4.o)
    0x080001cc   0x00000000   Code   RO          838    .ARM.Collect$$rtentry$$00000009  c_w.l(rtentry2.o)
    0x080001cc   0x00000004   Code   RO          839    .ARM.Collect$$rtentry$$0000000A  c_w.l(rtentry2.o)
    0x080001d0   0x00000000   Code   RO          841    .ARM.Collect$$rtentry$$0000000C  c_w.l(rtentry2.o)
    0x080001d0   0x00000008   Code   RO          842    .ARM.Collect$$rtentry$$0000000D  c_w.l(rtentry2.o)
    0x080001d8   0x00000002   Code   RO          963    .ARM.Collect$$rtexit$$00000000  c_w.l(rtexit.o)
    0x080001da   0x00000000   Code   RO          976    .ARM.Collect$$rtexit$$00000002  c_w.l(rtexit2.o)
    0x080001da   0x00000004   Code   RO          977    .ARM.Collect$$rtexit$$00000003  c_w.l(rtexit2.o)
    0x080001de   0x00000006   Code   RO          978    .ARM.Collect$$rtexit$$00000004  c_w.l(rtexit2.o)
    0x080001e4   0x000003f8   Code   RO            1    .text               main.o
    0x080005dc   0x00000016   Code   RO          148    .text               stm32f10x_it.o
    0x080005f2   0x00000002   PAD
    0x080005f4   0x000001dc   Code   RO          183    .text               system_stm32f10x.o
    0x080007d0   0x00000048   Code   RO          201    .text               led.o
    0x08000818   0x000000b4   Code   RO          213    .text               key.o
    0x080008cc   0x000000e8   Code   RO          226    .text               adc.o
    0x080009b4   0x0000014c   Code   RO          238    .text               delay.o
    0x08000b00   0x0000014c   Code   RO          269    .text               usart.o
    0x08000c4c   0x00000040   Code   RO          305    .text               startup_stm32f10x_hd.o
    0x08000c8c   0x000000dc   Code   RO          309    .text               misc.o
    0x08000d68   0x00000358   Code   RO          321    .text               stm32f10x_gpio.o
    0x080010c0   0x00000408   Code   RO          333    .text               stm32f10x_usart.o
    0x080014c8   0x000003a4   Code   RO          345    .text               stm32f10x_rcc.o
    0x0800186c   0x0000044e   Code   RO          359    .text               stm32f10x_adc.o
    0x08001cba   0x00000002   PAD
    0x08001cbc   0x00000084   Code   RO          371    .text               bsp.o
    0x08001d40   0x000002b0   Code   RO          386    .text               cpu_core.o
    0x08001ff0   0x00000034   Code   RO          424    .text               cpu_a.o
    0x08002024   0x00000256   Code   RO          427    .text               lib_ascii.o
    0x0800227a   0x00000002   PAD
    0x0800227c   0x000009c6   Code   RO          460    .text               lib_mem.o
    0x08002c42   0x00000002   PAD
    0x08002c44   0x0000092c   Code   RO          479    .text               lib_str.o
    0x08003570   0x00000220   Code   RO          496    .text               lib_mem_a.o
    0x08003790   0x000000fc   Code   RO          499    .text               os_cfg_app.o
    0x0800388c   0x00000e20   Code   RO          522    .text               os_core.o
    0x080046ac   0x000001b0   Code   RO          534    .text               os_dbg.o
    0x0800485c   0x00000e34   Code   RO          549    .text               os_flag.o
    0x08005690   0x00000438   Code   RO          561    .text               os_int.o
    0x08005ac8   0x00000238   Code   RO          573    .text               os_mem.o
    0x08005d00   0x00000228   Code   RO          585    .text               os_msg.o
    0x08005f28   0x00000ad4   Code   RO          597    .text               os_mutex.o
    0x080069fc   0x0000007c   Code   RO          615    .text               os_prio.o
    0x08006a78   0x000008d4   Code   RO          634    .text               os_q.o
    0x0800734c   0x00000830   Code   RO          646    .text               os_sem.o
    0x08007b7c   0x00000640   Code   RO          658    .text               os_stat.o
    0x080081bc   0x00001bb0   Code   RO          670    .text               os_task.o
    0x08009d6c   0x00000508   Code   RO          682    .text               os_tick.o
    0x0800a274   0x00000564   Code   RO          694    .text               os_time.o
    0x0800a7d8   0x00000818   Code   RO          706    .text               os_tmr.o
    0x0800aff0   0x0000026c   Code   RO          735    .text               os_cpu_c.o
    0x0800b25c   0x00000002   Code   RO          770    .text               c_w.l(use_no_semi_2.o)
    0x0800b25e   0x000000ee   Code   RO          772    .text               c_w.l(lludivv7m.o)
    0x0800b34c   0x00000018   Code   RO          776    .text               c_w.l(noretval__2printf.o)
    0x0800b364   0x0000010e   Code   RO          788    .text               c_w.l(__printf_wp.o)
    0x0800b472   0x00000006   Code   RO          802    .text               c_w.l(heapauxi.o)
    0x0800b478   0x00000002   Code   RO          816    .text               c_w.l(use_no_semi.o)
    0x0800b47a   0x00000420   Code   RO          823    .text               c_w.l(_printf_fp_dec.o)
    0x0800b89a   0x00000002   PAD
    0x0800b89c   0x00000024   Code   RO          825    .text               c_w.l(_printf_char_file.o)
    0x0800b8c0   0x00000008   Code   RO          855    .text               c_w.l(rt_locale_intlibspace.o)
    0x0800b8c8   0x0000008a   Code   RO          857    .text               c_w.l(lludiv10.o)
    0x0800b952   0x00000002   PAD
    0x0800b954   0x00000030   Code   RO          859    .text               c_w.l(_printf_char_common.o)
    0x0800b984   0x00000080   Code   RO          861    .text               c_w.l(_printf_fp_infnan.o)
    0x0800ba04   0x000000e4   Code   RO          863    .text               c_w.l(bigflt0.o)
    0x0800bae8   0x00000008   Code   RO          888    .text               c_w.l(ferror.o)
    0x0800baf0   0x00000008   Code   RO          899    .text               c_w.l(libspace.o)
    0x0800baf8   0x0000004a   Code   RO          902    .text               c_w.l(sys_stackheap_outer.o)
    0x0800bb42   0x0000000c   Code   RO          906    .text               c_w.l(exit.o)
    0x0800bb4e   0x00000002   PAD
    0x0800bb50   0x00000080   Code   RO          912    .text               c_w.l(strcmpv7m.o)
    0x0800bbd0   0x0000003e   Code   RO          866    CL$$btod_d2e        c_w.l(btod.o)
    0x0800bc0e   0x00000046   Code   RO          868    CL$$btod_d2e_denorm_low  c_w.l(btod.o)
    0x0800bc54   0x00000060   Code   RO          867    CL$$btod_d2e_norm_op1  c_w.l(btod.o)
    0x0800bcb4   0x00000338   Code   RO          876    CL$$btod_div_common  c_w.l(btod.o)
    0x0800bfec   0x000000c6   Code   RO          873    CL$$btod_e2e        c_w.l(btod.o)
    0x0800c0b2   0x00000028   Code   RO          870    CL$$btod_ediv       c_w.l(btod.o)
    0x0800c0da   0x00000028   Code   RO          869    CL$$btod_emul       c_w.l(btod.o)
    0x0800c102   0x00000244   Code   RO          875    CL$$btod_mult_common  c_w.l(btod.o)
    0x0800c346   0x00000002   PAD
    0x0800c348   0x00000098   Code   RO          732    CODE                os_cpu_a.o
    0x0800c3e0   0x00000028   Code   RO          897    i.__ARM_fpclassify  m_ws.l(fpclassify.o)
    0x0800c408   0x0000000e   Code   RO          790    i._is_digit         c_w.l(__printf_wp.o)
    0x0800c416   0x00000002   PAD
    0x0800c418   0x0000002c   Code   RO          893    locale$$code        c_w.l(lc_numeric_c.o)
    0x0800c444   0x0000000c   Code   RO          828    x$fpl$dretinf       fz_ws.l(dretinf.o)
    0x0800c450   0x00000056   Code   RO          806    x$fpl$f2d           fz_ws.l(f2d.o)
    0x0800c4a6   0x00000002   PAD
    0x0800c4a8   0x000000c4   Code   RO          808    x$fpl$fadd          fz_ws.l(faddsub_clz.o)
    0x0800c56c   0x0000008c   Code   RO          830    x$fpl$fnaninf       fz_ws.l(fnaninf.o)
    0x0800c5f8   0x0000000a   Code   RO          832    x$fpl$fretinf       fz_ws.l(fretinf.o)
    0x0800c602   0x00000002   PAD
    0x0800c604   0x000000ea   Code   RO          810    x$fpl$fsub          fz_ws.l(faddsub_clz.o)
    0x0800c6ee   0x00000004   Code   RO          814    x$fpl$printf1       fz_ws.l(printf1.o)
    0x0800c6f2   0x00000000   Code   RO          834    x$fpl$usenofp       fz_ws.l(usenofp.o)
    0x0800c6f2   0x00000002   PAD
    0x0800c6f4   0x00000104   Data   RO          388    .constdata          cpu_core.o
    0x0800c7f8   0x00000094   Data   RO          480    .constdata          lib_str.o
    0x0800c88c   0x000000a4   Data   RO          501    .constdata          os_cfg_app.o
    0x0800c930   0x0000016c   Data   RO          535    .constdata          os_dbg.o
    0x0800ca9c   0x00000094   Data   RO          864    .constdata          c_w.l(bigflt0.o)
    0x0800cb30   0x00000020   Data   RO         1037    Region$$Table       anon$$obj.o
    0x0800cb50   0x0000001c   Data   RO          892    locale$$data        c_w.l(lc_numeric_c.o)


    Execution Region RW_IRAM1 (Base: 0x20000000, Size: 0x00003fe0, Max: 0x00010000, ABSOLUTE)

    Base Addr    Size         Type   Attr      Idx    E Section Name        Object

    0x20000000   0x00000004   Data   RW            3    .data               main.o
    0x20000004   0x00000014   Data   RW          184    .data               system_stm32f10x.o
    0x20000018   0x00000001   Data   RW          214    .data               key.o
    0x20000019   0x00000001   PAD
    0x2000001a   0x00000004   Data   RW          239    .data               delay.o
    0x2000001e   0x00000002   PAD
    0x20000020   0x00000008   Data   RW          271    .data               usart.o
    0x20000028   0x00000014   Data   RW          346    .data               stm32f10x_rcc.o
    0x2000003c   0x00000004   Data   RW          389    .data               cpu_core.o
    0x20000040   0x00000004   Data   RW          462    .data               lib_mem.o
    0x20000044   0x00000008   Data   RW          616    .data               os_prio.o
    0x2000004c   0x000000c8   Data   RW          719    .data               os_var.o
    0x20000114   0x00000004   Data   RW          736    .data               os_cpu_c.o
    0x20000118   0x000013d8   Zero   RW            2    .bss                main.o
    0x200014f0   0x000000c8   Zero   RW          270    .bss                usart.o
    0x200015b8   0x00000010   Zero   RW          387    .bss                cpu_core.o
    0x200015c8   0x00000448   Zero   RW          461    .bss                lib_mem.o
    0x20001a10   0x00001490   Zero   RW          500    .bss                os_cfg_app.o
    0x20002ea0   0x000006e0   Zero   RW          718    .bss                os_var.o
    0x20003580   0x00000060   Zero   RW          900    .bss                c_w.l(libspace.o)
    0x200035e0   0x00000200   Zero   RW          303    HEAP                startup_stm32f10x_hd.o
    0x200037e0   0x00000800   Zero   RW          302    STACK               startup_stm32f10x_hd.o


==============================================================================

Image component sizes


      Code (inc. data)   RO Data    RW Data    ZI Data      Debug   Object Name

       232          8          0          0          0       1019   adc.o
       132         12          0          0          0       1087   bsp.o
        52          0          0          0          0        288   cpu_a.o
       688         12        260          4         16      14023   cpu_core.o
       332         28          0          4          0       1681   delay.o
       180         10          0          1          0        736   key.o
        72          4          0          0          0        443   led.o
       598          0          0          0          0       3644   lib_ascii.o
      2502         32          0          4       1096      21548   lib_mem.o
       544          0          0          0          0        432   lib_mem_a.o
      2348          6        148          0          0      12914   lib_str.o
      1016        160          0          4       5080     283172   main.o
       220         20          0          0          0       1721   misc.o
       252        166        164          0       5264      20706   os_cfg_app.o
      3616        292          0          0          0      11929   os_core.o
       152         32          0          0          0        344   os_cpu_a.o
       620         66          0          4          0       3557   os_cpu_c.o
       432        286        364          0          0       4605   os_dbg.o
      3636        110          0          0          0       7591   os_flag.o
      1080        146          0          0          0       2172   os_int.o
       568         20          0          0          0       2568   os_mem.o
       552         12          0          0          0       2627   os_msg.o
      2772        114          0          0          0       5286   os_mutex.o
       124          4          0          8          0       1600   os_prio.o
      2260         74          0          0          0       5968   os_q.o
      2096         70          0          0          0       5984   os_sem.o
      1600        182          0          0          0       2669   os_stat.o
      7088        270          0          0          0      13346   os_task.o
      1288         90          0          0          0       3129   os_tick.o
      1380         46          0          0          0       3065   os_time.o
      2072        140          0          0          0       6166   os_tmr.o
         0          0          0        200       1760      19261   os_var.o
        64         26        304          0       2560        744   startup_stm32f10x_hd.o
      1102         26          0          0          0      10757   stm32f10x_adc.o
       856         40          0          0          0       5573   stm32f10x_gpio.o
        22          0          0          0          0        947   stm32f10x_it.o
       932         44          0         20          0       8700   stm32f10x_rcc.o
      1032         22          0          0          0       8292   stm32f10x_usart.o
         0          0          0          0          0         32   sys.o
       476         36          0         20          0       1579   system_stm32f10x.o
       332         16          0          8        200       2978   usart.o

    ----------------------------------------------------------------------
     45328       2622       1272        280      15976     504883   Object Totals
         0          0         32          0          0          0   (incl. Generated)
         8          0          0          3          0          0   (incl. Padding)

    ----------------------------------------------------------------------

      Code (inc. data)   RO Data    RW Data    ZI Data      Debug   Library Member Name

         8          0          0          0          0         68   __main.o
       284          0          0          0          0        156   __printf_wp.o
        52          8          0          0          0          0   __scatter.o
        26          0          0          0          0          0   __scatter_copy.o
        28          0          0          0          0          0   __scatter_zi.o
        48          6          0          0          0         96   _printf_char_common.o
        36          4          0          0          0         80   _printf_char_file.o
         6          0          0          0          0          0   _printf_f.o
      1056          0          0          0          0        216   _printf_fp_dec.o
       128         16          0          0          0         84   _printf_fp_infnan.o
         0          0          0          0          0          0   _printf_percent.o
         4          0          0          0          0          0   _printf_percent_end.o
       228          6        148          0          0         96   bigflt0.o
      1910        128          0          0          0        672   btod.o
        12          0          0          0          0         72   exit.o
         8          0          0          0          0         68   ferror.o
         6          0          0          0          0        152   heapauxi.o
        44         10         28          0          0         76   lc_numeric_c.o
         2          0          0          0          0          0   libinit.o
        18          0          0          0          0          0   libinit2.o
         2          0          0          0          0          0   libshutdown.o
         2          0          0          0          0          0   libshutdown2.o
         8          4          0          0         96         68   libspace.o
       138          0          0          0          0         80   lludiv10.o
       238          0          0          0          0        100   lludivv7m.o
        24          4          0          0          0         84   noretval__2printf.o
         8          4          0          0          0         68   rt_locale_intlibspace.o
         0          0          0          0          0          0   rtentry.o
        12          0          0          0          0          0   rtentry2.o
         6          0          0          0          0          0   rtentry4.o
         2          0          0          0          0          0   rtexit.o
        10          0          0          0          0          0   rtexit2.o
       128          0          0          0          0         68   strcmpv7m.o
        74          0          0          0          0         80   sys_stackheap_outer.o
         2          0          0          0          0         68   use_no_semi.o
         2          0          0          0          0         68   use_no_semi_2.o
        12          0          0          0          0         68   dretinf.o
        86          4          0          0          0         84   f2d.o
       430          8          0          0          0        168   faddsub_clz.o
       140          4          0          0          0         84   fnaninf.o
        10          0          0          0          0         68   fretinf.o
         4          0          0          0          0         68   printf1.o
         0          0          0          0          0          0   usenofp.o
        40          0          0          0          0         68   fpclassify.o

    ----------------------------------------------------------------------
      5300        206        176          0         96       3128   Library Totals
        18          0          0          0          0          0   (incl. Padding)

    ----------------------------------------------------------------------

      Code (inc. data)   RO Data    RW Data    ZI Data      Debug   Library Name

      4560        190        176          0         96       2520   c_w.l
       682         16          0          0          0        540   fz_ws.l
        40          0          0          0          0         68   m_ws.l

    ----------------------------------------------------------------------
      5300        206        176          0         96       3128   Library Totals

    ----------------------------------------------------------------------

==============================================================================


      Code (inc. data)   RO Data    RW Data    ZI Data      Debug   

     50628       2828       1448        280      16072     502603   Grand Totals
     50628       2828       1448        280      16072     502603   ELF Image Totals
     50628       2828       1448        280          0          0   ROM Totals

==============================================================================

    Total RO  Size (Code + RO Data)                52076 (  50.86kB)
    Total RW  Size (RW Data + ZI Data)             16352 (  15.97kB)
    Total ROM Size (Code + RO Data + RW Data)      52356 (  51.13kB)

==============================================================================

