ARM Linker, 5.03 [Build 76] [MDK-ARM Standard]

==============================================================================

Section Cross References

    main.o(.text) refers to _printf_percent.o(.ARM.Collect$$_printf_percent$$00000000) for _printf_percent
    main.o(.text) refers to _printf_x.o(.ARM.Collect$$_printf_percent$$0000000C) for _printf_x
    main.o(.text) refers to _printf_hex_int.o(.text) for _printf_longlong_hex
    main.o(.text) refers to _printf_f.o(.ARM.Collect$$_printf_percent$$00000003) for _printf_f
    main.o(.text) refers to printf1.o(x$fpl$printf1) for _printf_fp_dec
    main.o(.text) refers to delay.o(.text) for delay_ms
    main.o(.text) refers to stm32f10x_tim.o(.text) for TIM_SetCompare3
    main.o(.text) refers to key.o(.text) for KEY_Scan
    main.o(.text) refers to adc.o(.text) for Get_Adc_Average
    main.o(.text) refers to noretval__2printf.o(.text) for __2printf
    main.o(.text) refers to os_time.o(.text) for OSTimeDlyHMSM
    main.o(.text) refers to faddsub_clz.o(x$fpl$fadd) for __aeabi_fadd
    main.o(.text) refers to f2d.o(x$fpl$f2d) for __aeabi_f2d
    main.o(.text) refers to cpu_core.o(.text) for CPU_Init
    main.o(.text) refers to os_stat.o(.text) for OSStatTaskCPUUsageInit
    main.o(.text) refers to os_core.o(.text) for OSSchedRoundRobinCfg
    main.o(.text) refers to cpu_a.o(.text) for CPU_SR_Save
    main.o(.text) refers to os_task.o(.text) for OSTaskCreate
    main.o(.text) refers to misc.o(.text) for NVIC_PriorityGroupConfig
    main.o(.text) refers to usart.o(.text) for uart_init
    main.o(.text) refers to led.o(.text) for LED_Init
    main.o(.text) refers to timer.o(.text) for TIM3_PWM_Init
    main.o(.text) refers to main.o(.data) for float_num
    main.o(.text) refers to os_var.o(.data) for OSSchedLockNestingCtr
    main.o(.text) refers to main.o(.bss) for LED1_TASK_STK
    system_stm32f10x.o(.text) refers to system_stm32f10x.o(.data) for SystemCoreClock
    led.o(.text) refers to stm32f10x_rcc.o(.text) for RCC_APB2PeriphClockCmd
    led.o(.text) refers to stm32f10x_gpio.o(.text) for GPIO_Init
    key.o(.text) refers to stm32f10x_rcc.o(.text) for RCC_APB2PeriphClockCmd
    key.o(.text) refers to stm32f10x_gpio.o(.text) for GPIO_Init
    key.o(.text) refers to delay.o(.text) for delay_ms
    key.o(.text) refers to key.o(.data) for key_up
    adc.o(.text) refers to stm32f10x_rcc.o(.text) for RCC_APB2PeriphClockCmd
    adc.o(.text) refers to stm32f10x_gpio.o(.text) for GPIO_Init
    adc.o(.text) refers to stm32f10x_adc.o(.text) for ADC_DeInit
    adc.o(.text) refers to delay.o(.text) for delay_ms
    timer.o(.text) refers to stm32f10x_rcc.o(.text) for RCC_APB1PeriphClockCmd
    timer.o(.text) refers to stm32f10x_tim.o(.text) for TIM_TimeBaseInit
    timer.o(.text) refers to misc.o(.text) for NVIC_Init
    timer.o(.text) refers to stm32f10x_gpio.o(.text) for GPIO_Init
    timer.o(.text) refers to timer.o(.bss) for TIM5_ICInitStructure
    timer.o(.text) refers to timer.o(.data) for TIM5CH1_CAPTURE_STA
    oled0561.o(.text) refers to rt_memcpy_w.o(.text) for __aeabi_memcpy4
    oled0561.o(.text) refers to i2c.o(.text) for I2C_SAND_BUFFER
    oled0561.o(.text) refers to oled0561.o(.constdata) for ASCII_8x16
    delay.o(.text) refers to os_core.o(.text) for OSSchedLock
    delay.o(.text) refers to os_time.o(.text) for OSTimeDly
    delay.o(.text) refers to misc.o(.text) for SysTick_CLKSourceConfig
    delay.o(.text) refers to os_var.o(.data) for OSRunning
    delay.o(.text) refers to system_stm32f10x.o(.data) for SystemCoreClock
    delay.o(.text) refers to delay.o(.data) for fac_us
    delay.o(.text) refers to os_cfg_app.o(.constdata) for OSCfg_TickRate_Hz
    usart.o(.text) refers (Special) to use_no_semi_2.o(.text) for __use_no_semihosting
    usart.o(.text) refers to stm32f10x_rcc.o(.text) for RCC_APB2PeriphClockCmd
    usart.o(.text) refers to stm32f10x_usart.o(.text) for USART_DeInit
    usart.o(.text) refers to stm32f10x_gpio.o(.text) for GPIO_Init
    usart.o(.text) refers to misc.o(.text) for NVIC_Init
    usart.o(.text) refers to os_core.o(.text) for OSIntEnter
    usart.o(.text) refers to usart.o(.data) for USART_RX_STA
    usart.o(.text) refers to usart.o(.bss) for USART_RX_BUF
    usart.o(.bss) refers (Special) to use_no_semi_2.o(.text) for __use_no_semihosting
    usart.o(.data) refers (Special) to use_no_semi_2.o(.text) for __use_no_semihosting
    i2c.o(.text) refers to stm32f10x_rcc.o(.text) for RCC_APB2PeriphClockCmd
    i2c.o(.text) refers to stm32f10x_gpio.o(.text) for GPIO_Init
    i2c.o(.text) refers to stm32f10x_i2c.o(.text) for I2C_Init
    startup_stm32f10x_hd.o(STACK) refers (Special) to heapauxi.o(.text) for __use_two_region_memory
    startup_stm32f10x_hd.o(HEAP) refers (Special) to heapauxi.o(.text) for __use_two_region_memory
    startup_stm32f10x_hd.o(RESET) refers (Special) to heapauxi.o(.text) for __use_two_region_memory
    startup_stm32f10x_hd.o(RESET) refers to startup_stm32f10x_hd.o(STACK) for __initial_sp
[...]
    GPIO_PinRemapConfig                      0x08001387   Thumb Code   138  stm32f10x_gpio.o(.text)
    GPIO_EXTILineConfig                      0x08001411   Thumb Code    66  stm32f10x_gpio.o(.text)
    GPIO_ETH_MediaInterfaceConfig            0x08001453   Thumb Code     6  stm32f10x_gpio.o(.text)
    USART_DeInit                             0x08001481   Thumb Code   134  stm32f10x_usart.o(.text)
    USART_Init                               0x08001507   Thumb Code   210  stm32f10x_usart.o(.text)
    USART_StructInit                         0x080015d9   Thumb Code    24  stm32f10x_usart.o(.text)
    USART_ClockInit                          0x080015f1   Thumb Code    34  stm32f10x_usart.o(.text)
    USART_ClockStructInit                    0x08001613   Thumb Code    12  stm32f10x_usart.o(.text)
    USART_Cmd                                0x0800161f   Thumb Code    24  stm32f10x_usart.o(.text)
    USART_ITConfig                           0x08001637   Thumb Code    74  stm32f10x_usart.o(.text)
    USART_DMACmd                             0x08001681   Thumb Code    18  stm32f10x_usart.o(.text)
    USART_SetAddress                         0x08001693   Thumb Code    18  stm32f10x_usart.o(.text)
    USART_WakeUpConfig                       0x080016a5   Thumb Code    18  stm32f10x_usart.o(.text)
    USART_ReceiverWakeUpCmd                  0x080016b7   Thumb Code    24  stm32f10x_usart.o(.text)
    USART_LINBreakDetectLengthConfig         0x080016cf   Thumb Code    18  stm32f10x_usart.o(.text)
    USART_LINCmd                             0x080016e1   Thumb Code    24  stm32f10x_usart.o(.text)
    USART_SendData                           0x080016f9   Thumb Code     8  stm32f10x_usart.o(.text)
    USART_ReceiveData                        0x08001701   Thumb Code    10  stm32f10x_usart.o(.text)
    USART_SendBreak                          0x0800170b   Thumb Code    10  stm32f10x_usart.o(.text)
    USART_SetGuardTime                       0x08001715   Thumb Code    16  stm32f10x_usart.o(.text)
    USART_SetPrescaler                       0x08001725   Thumb Code    16  stm32f10x_usart.o(.text)
    USART_SmartCardCmd                       0x08001735   Thumb Code    24  stm32f10x_usart.o(.text)
    USART_SmartCardNACKCmd                   0x0800174d   Thumb Code    24  stm32f10x_usart.o(.text)
    USART_HalfDuplexCmd                      0x08001765   Thumb Code    24  stm32f10x_usart.o(.text)
    USART_OverSampling8Cmd                   0x0800177d   Thumb Code    22  stm32f10x_usart.o(.text)
    USART_OneBitMethodCmd                    0x08001793   Thumb Code    24  stm32f10x_usart.o(.text)
    USART_IrDAConfig                         0x080017ab   Thumb Code    18  stm32f10x_usart.o(.text)
    USART_IrDACmd                            0x080017bd   Thumb Code    24  stm32f10x_usart.o(.text)
    USART_GetFlagStatus                      0x080017d5   Thumb Code    26  stm32f10x_usart.o(.text)
    USART_ClearFlag                          0x080017ef   Thumb Code    18  stm32f10x_usart.o(.text)
    USART_GetITStatus                        0x08001801   Thumb Code    84  stm32f10x_usart.o(.text)
    USART_ClearITPendingBit                  0x08001855   Thumb Code    52  stm32f10x_usart.o(.text)
    RCC_DeInit                               0x08001889   Thumb Code    64  stm32f10x_rcc.o(.text)
    RCC_HSEConfig                            0x080018c9   Thumb Code    70  stm32f10x_rcc.o(.text)
    RCC_GetFlagStatus                        0x0800190f   Thumb Code    56  stm32f10x_rcc.o(.text)
    RCC_WaitForHSEStartUp                    0x08001947   Thumb Code    56  stm32f10x_rcc.o(.text)
    RCC_AdjustHSICalibrationValue            0x0800197f   Thumb Code    20  stm32f10x_rcc.o(.text)
    RCC_HSICmd                               0x08001993   Thumb Code     6  stm32f10x_rcc.o(.text)
    RCC_PLLConfig                            0x08001999   Thumb Code    24  stm32f10x_rcc.o(.text)
    RCC_PLLCmd                               0x080019b1   Thumb Code     6  stm32f10x_rcc.o(.text)
    RCC_SYSCLKConfig                         0x080019b7   Thumb Code    18  stm32f10x_rcc.o(.text)
    RCC_GetSYSCLKSource                      0x080019c9   Thumb Code    10  stm32f10x_rcc.o(.text)
    RCC_HCLKConfig                           0x080019d3   Thumb Code    18  stm32f10x_rcc.o(.text)
    RCC_PCLK1Config                          0x080019e5   Thumb Code    18  stm32f10x_rcc.o(.text)
    RCC_PCLK2Config                          0x080019f7   Thumb Code    20  stm32f10x_rcc.o(.text)
    RCC_ITConfig                             0x08001a0b   Thumb Code    26  stm32f10x_rcc.o(.text)
    RCC_USBCLKConfig                         0x08001a25   Thumb Code     6  stm32f10x_rcc.o(.text)
    RCC_ADCCLKConfig                         0x08001a2b   Thumb Code    18  stm32f10x_rcc.o(.text)
    RCC_LSEConfig                            0x08001a3d   Thumb Code    44  stm32f10x_rcc.o(.text)
    RCC_LSICmd                               0x08001a69   Thumb Code     6  stm32f10x_rcc.o(.text)
    RCC_RTCCLKConfig                         0x08001a6f   Thumb Code    12  stm32f10x_rcc.o(.text)
    RCC_RTCCLKCmd                            0x08001a7b   Thumb Code     8  stm32f10x_rcc.o(.text)
    RCC_GetClocksFreq                        0x08001a83   Thumb Code   192  stm32f10x_rcc.o(.text)
    RCC_AHBPeriphClockCmd                    0x08001b43   Thumb Code    26  stm32f10x_rcc.o(.text)
    RCC_APB2PeriphClockCmd                   0x08001b5d   Thumb Code    26  stm32f10x_rcc.o(.text)
    RCC_APB1PeriphClockCmd                   0x08001b77   Thumb Code    26  stm32f10x_rcc.o(.text)
    RCC_APB2PeriphResetCmd                   0x08001b91   Thumb Code    26  stm32f10x_rcc.o(.text)
    RCC_APB1PeriphResetCmd                   0x08001bab   Thumb Code    26  stm32f10x_rcc.o(.text)
    RCC_BackupResetCmd                       0x08001bc5   Thumb Code     8  stm32f10x_rcc.o(.text)
    RCC_ClockSecuritySystemCmd               0x08001bcd   Thumb Code     6  stm32f10x_rcc.o(.text)
    RCC_MCOConfig                            0x08001bd3   Thumb Code     6  stm32f10x_rcc.o(.text)
    RCC_ClearFlag                            0x08001bd9   Thumb Code    14  stm32f10x_rcc.o(.text)
    RCC_GetITStatus                          0x08001be7   Thumb Code    20  stm32f10x_rcc.o(.text)
    RCC_ClearITPendingBit                    0x08001bfb   Thumb Code     6  stm32f10x_rcc.o(.text)
    ADC_DeInit                               0x08001c2d   Thumb Code    78  stm32f10x_adc.o(.text)
    ADC_Init                                 0x08001c7b   Thumb Code    70  stm32f10x_adc.o(.text)
    ADC_StructInit                           0x08001cc1   Thumb Code    18  stm32f10x_adc.o(.text)
    ADC_Cmd                                  0x08001cd3   Thumb Code    22  stm32f10x_adc.o(.text)
    ADC_DMACmd                               0x08001ce9   Thumb Code    22  stm32f10x_adc.o(.text)
    ADC_ITConfig                             0x08001cff   Thumb Code    24  stm32f10x_adc.o(.text)
    ADC_ResetCalibration                     0x08001d17   Thumb Code    10  stm32f10x_adc.o(.text)
    ADC_GetResetCalibrationStatus            0x08001d21   Thumb Code    20  stm32f10x_adc.o(.text)
    ADC_StartCalibration                     0x08001d35   Thumb Code    10  stm32f10x_adc.o(.text)
    ADC_GetCalibrationStatus                 0x08001d3f   Thumb Code    20  stm32f10x_adc.o(.text)
    ADC_SoftwareStartConvCmd                 0x08001d53   Thumb Code    22  stm32f10x_adc.o(.text)
    ADC_GetSoftwareStartConvStatus           0x08001d69   Thumb Code    20  stm32f10x_adc.o(.text)
    ADC_DiscModeChannelCountConfig           0x08001d7d   Thumb Code    24  stm32f10x_adc.o(.text)
    ADC_DiscModeCmd                          0x08001d95   Thumb Code    22  stm32f10x_adc.o(.text)
    ADC_RegularChannelConfig                 0x08001dab   Thumb Code   184  stm32f10x_adc.o(.text)
    ADC_ExternalTrigConvCmd                  0x08001e63   Thumb Code    22  stm32f10x_adc.o(.text)
    ADC_GetConversionValue                   0x08001e79   Thumb Code     8  stm32f10x_adc.o(.text)
    ADC_GetDualModeConversionValue           0x08001e81   Thumb Code     8  stm32f10x_adc.o(.text)
    ADC_AutoInjectedConvCmd                  0x08001e89   Thumb Code    22  stm32f10x_adc.o(.text)
    ADC_InjectedDiscModeCmd                  0x08001e9f   Thumb Code    22  stm32f10x_adc.o(.text)
    ADC_ExternalTrigInjectedConvConfig       0x08001eb5   Thumb Code    16  stm32f10x_adc.o(.text)
    ADC_ExternalTrigInjectedConvCmd          0x08001ec5   Thumb Code    22  stm32f10x_adc.o(.text)
    ADC_SoftwareStartInjectedConvCmd         0x08001edb   Thumb Code    22  stm32f10x_adc.o(.text)
    ADC_GetSoftwareStartInjectedConvCmdStatus 0x08001ef1   Thumb Code    20  stm32f10x_adc.o(.text)
    ADC_InjectedChannelConfig                0x08001f05   Thumb Code   130  stm32f10x_adc.o(.text)
    ADC_InjectedSequencerLengthConfig        0x08001f87   Thumb Code    24  stm32f10x_adc.o(.text)
    ADC_SetInjectedOffset                    0x08001f9f   Thumb Code    20  stm32f10x_adc.o(.text)
    ADC_GetInjectedConversionValue           0x08001fb3   Thumb Code    28  stm32f10x_adc.o(.text)
    ADC_AnalogWatchdogCmd                    0x08001fcf   Thumb Code    16  stm32f10x_adc.o(.text)
    ADC_AnalogWatchdogThresholdsConfig       0x08001fdf   Thumb Code     6  stm32f10x_adc.o(.text)
    ADC_AnalogWatchdogSingleChannelConfig    0x08001fe5   Thumb Code    16  stm32f10x_adc.o(.text)
    ADC_TempSensorVrefintCmd                 0x08001ff5   Thumb Code    64  stm32f10x_adc.o(.text)
    ADC_GetFlagStatus                        0x08002035   Thumb Code    18  stm32f10x_adc.o(.text)
    ADC_ClearFlag                            0x08002047   Thumb Code     6  stm32f10x_adc.o(.text)
    ADC_GetITStatus                          0x0800204d   Thumb Code    36  stm32f10x_adc.o(.text)
    ADC_ClearITPendingBit                    0x08002071   Thumb Code    10  stm32f10x_adc.o(.text)
    TIM_DeInit                               0x0800207d   Thumb Code   424  stm32f10x_tim.o(.text)
    TIM_TimeBaseInit                         0x08002225   Thumb Code   122  stm32f10x_tim.o(.text)
    TIM_OC1Init                              0x0800229f   Thumb Code   132  stm32f10x_tim.o(.text)
    TIM_OC2Init                              0x08002323   Thumb Code   154  stm32f10x_tim.o(.text)
    TIM_OC3Init                              0x080023bd   Thumb Code   150  stm32f10x_tim.o(.text)
    TIM_OC4Init                              0x08002453   Thumb Code   182  stm32f10x_tim.o(.text)
    TIM_SetIC4Prescaler                      0x08002509   Thumb Code    26  stm32f10x_tim.o(.text)
    TIM_SetIC3Prescaler                      0x080025a5   Thumb Code    18  stm32f10x_tim.o(.text)
    TIM_SetIC2Prescaler                      0x08002631   Thumb Code    26  stm32f10x_tim.o(.text)
    TIM_SetIC1Prescaler                      0x080026cd   Thumb Code    18  stm32f10x_tim.o(.text)
    TIM_ICInit                               0x0800274b   Thumb Code   150  stm32f10x_tim.o(.text)
    TIM_PWMIConfig                           0x080027e1   Thumb Code   124  stm32f10x_tim.o(.text)
    TIM_BDTRConfig                           0x0800285d   Thumb Code    32  stm32f10x_tim.o(.text)
    TIM_TimeBaseStructInit                   0x0800287d   Thumb Code    18  stm32f10x_tim.o(.text)
    TIM_OCStructInit                         0x0800288f   Thumb Code    20  stm32f10x_tim.o(.text)
    TIM_ICStructInit                         0x080028a3   Thumb Code    18  stm32f10x_tim.o(.text)
    TIM_BDTRStructInit                       0x080028b5   Thumb Code    40  stm32f10x_tim.o(.text)
    TIM_Cmd                                  0x080028dd   Thumb Code    24  stm32f10x_tim.o(.text)
    TIM_CtrlPWMOutputs                       0x080028f5   Thumb Code    30  stm32f10x_tim.o(.text)
    TIM_ITConfig                             0x08002913   Thumb Code    18  stm32f10x_tim.o(.text)
    TIM_GenerateEvent                        0x08002925   Thumb Code     4  stm32f10x_tim.o(.text)
    TIM_DMAConfig                            0x08002929   Thumb Code    10  stm32f10x_tim.o(.text)
    TIM_DMACmd                               0x08002933   Thumb Code    18  stm32f10x_tim.o(.text)
    TIM_InternalClockConfig                  0x08002945   Thumb Code    12  stm32f10x_tim.o(.text)
    TIM_SelectInputTrigger                   0x08002951   Thumb Code    18  stm32f10x_tim.o(.text)
    TIM_ITRxExternalClockConfig              0x08002963   Thumb Code    24  stm32f10x_tim.o(.text)
    TIM_TIxExternalClockConfig               0x0800297b   Thumb Code    62  stm32f10x_tim.o(.text)
    TIM_ETRConfig                            0x080029b9   Thumb Code    28  stm32f10x_tim.o(.text)
    TIM_ETRClockMode1Config                  0x080029d5   Thumb Code    54  stm32f10x_tim.o(.text)
    TIM_ETRClockMode2Config                  0x08002a0b   Thumb Code    32  stm32f10x_tim.o(.text)
    TIM_PrescalerConfig                      0x08002a2b   Thumb Code     6  stm32f10x_tim.o(.text)
    TIM_CounterModeConfig                    0x08002a31   Thumb Code    18  stm32f10x_tim.o(.text)
    TIM_EncoderInterfaceConfig               0x08002a43   Thumb Code    66  stm32f10x_tim.o(.text)
    TIM_ForcedOC1Config                      0x08002a85   Thumb Code    18  stm32f10x_tim.o(.text)
    TIM_ForcedOC2Config                      0x08002a97   Thumb Code    26  stm32f10x_tim.o(.text)
    TIM_ForcedOC3Config                      0x08002ab1   Thumb Code    18  stm32f10x_tim.o(.text)
    TIM_ForcedOC4Config                      0x08002ac3   Thumb Code    26  stm32f10x_tim.o(.text)
    TIM_ARRPreloadConfig                     0x08002add   Thumb Code    24  stm32f10x_tim.o(.text)
    TIM_SelectCOM                            0x08002af5   Thumb Code    24  stm32f10x_tim.o(.text)
    TIM_SelectCCDMA                          0x08002b0d   Thumb Code    24  stm32f10x_tim.o(.text)
    TIM_CCPreloadControl                     0x08002b25   Thumb Code    24  stm32f10x_tim.o(.text)
    TIM_OC1PreloadConfig                     0x08002b3d   Thumb Code    18  stm32f10x_tim.o(.text)
    TIM_OC2PreloadConfig                     0x08002b4f   Thumb Code    26  stm32f10x_tim.o(.text)
    TIM_OC3PreloadConfig                     0x08002b69   Thumb Code    18  stm32f10x_tim.o(.text)
    TIM_OC4PreloadConfig                     0x08002b7b   Thumb Code    26  stm32f10x_tim.o(.text)
    TIM_OC1FastConfig                        0x08002b95   Thumb Code    18  stm32f10x_tim.o(.text)
    TIM_OC2FastConfig                        0x08002ba7   Thumb Code    26  stm32f10x_tim.o(.text)
    TIM_OC3FastConfig                        0x08002bc1   Thumb Code    18  stm32f10x_tim.o(.text)
    TIM_OC4FastConfig                        0x08002bd3   Thumb Code    26  stm32f10x_tim.o(.text)
    TIM_ClearOC1Ref                          0x08002bed   Thumb Code    18  stm32f10x_tim.o(.text)
    TIM_ClearOC2Ref                          0x08002bff   Thumb Code    24  stm32f10x_tim.o(.text)
    TIM_ClearOC3Ref                          0x08002c17   Thumb Code    18  stm32f10x_tim.o(.text)
    TIM_ClearOC4Ref                          0x08002c29   Thumb Code    24  stm32f10x_tim.o(.text)
    TIM_OC1PolarityConfig                    0x08002c41   Thumb Code    18  stm32f10x_tim.o(.text)
    TIM_OC1NPolarityConfig                   0x08002c53   Thumb Code    18  stm32f10x_tim.o(.text)
    TIM_OC2PolarityConfig                    0x08002c65   Thumb Code    26  stm32f10x_tim.o(.text)
    TIM_OC2NPolarityConfig                   0x08002c7f   Thumb Code    26  stm32f10x_tim.o(.text)
    TIM_OC3PolarityConfig                    0x08002c99   Thumb Code    26  stm32f10x_tim.o(.text)
    TIM_OC3NPolarityConfig                   0x08002cb3   Thumb Code    26  stm32f10x_tim.o(.text)
    TIM_OC4PolarityConfig                    0x08002ccd   Thumb Code    26  stm32f10x_tim.o(.text)
    TIM_CCxCmd                               0x08002ce7   Thumb Code    30  stm32f10x_tim.o(.text)
    TIM_CCxNCmd                              0x08002d05   Thumb Code    30  stm32f10x_tim.o(.text)
    TIM_SelectOCxM                           0x08002d23   Thumb Code    82  stm32f10x_tim.o(.text)
    TIM_UpdateDisableConfig                  0x08002d75   Thumb Code    24  stm32f10x_tim.o(.text)
    TIM_UpdateRequestConfig                  0x08002d8d   Thumb Code    24  stm32f10x_tim.o(.text)
    TIM_SelectHallSensor                     0x08002da5   Thumb Code    24  stm32f10x_tim.o(.text)
    TIM_SelectOnePulseMode                   0x08002dbd   Thumb Code    18  stm32f10x_tim.o(.text)
    TIM_SelectOutputTrigger                  0x08002dcf   Thumb Code    18  stm32f10x_tim.o(.text)
    TIM_SelectSlaveMode                      0x08002de1   Thumb Code    18  stm32f10x_tim.o(.text)
    TIM_SelectMasterSlaveMode                0x08002df3   Thumb Code    18  stm32f10x_tim.o(.text)
    TIM_SetCounter                           0x08002e05   Thumb Code     4  stm32f10x_tim.o(.text)
    TIM_SetAutoreload                        0x08002e09   Thumb Code     4  stm32f10x_tim.o(.text)
    TIM_SetCompare1                          0x08002e0d   Thumb Code     4  stm32f10x_tim.o(.text)
    TIM_SetCompare2                          0x08002e11   Thumb Code     4  stm32f10x_tim.o(.text)
    TIM_SetCompare3                          0x08002e15   Thumb Code     4  stm32f10x_tim.o(.text)
    TIM_SetCompare4                          0x08002e19   Thumb Code     6  stm32f10x_tim.o(.text)
    TIM_SetClockDivision                     0x08002e1f   Thumb Code    18  stm32f10x_tim.o(.text)
    TIM_GetCapture1                          0x08002e31   Thumb Code     6  stm32f10x_tim.o(.text)
    TIM_GetCapture2                          0x08002e37   Thumb Code     6  stm32f10x_tim.o(.text)
    TIM_GetCapture3                          0x08002e3d   Thumb Code     6  stm32f10x_tim.o(.text)
    TIM_GetCapture4                          0x08002e43   Thumb Code     8  stm32f10x_tim.o(.text)
    TIM_GetCounter                           0x08002e4b   Thumb Code     6  stm32f10x_tim.o(.text)
    TIM_GetPrescaler                         0x08002e51   Thumb Code     6  stm32f10x_tim.o(.text)
    TIM_GetFlagStatus                        0x08002e57   Thumb Code    18  stm32f10x_tim.o(.text)
    TIM_ClearFlag                            0x08002e69   Thumb Code     6  stm32f10x_tim.o(.text)
    TIM_GetITStatus                          0x08002e6f   Thumb Code    34  stm32f10x_tim.o(.text)
    TIM_ClearITPendingBit                    0x08002e91   Thumb Code     6  stm32f10x_tim.o(.text)
    BSP_CPU_ClkFreq                          0x08002e99   Thumb Code    16  bsp.o(.text)
    CPU_TS_TmrInit                           0x08002ea9   Thumb Code    44  bsp.o(.text)
    CPU_TS_TmrRd                             0x08002ed5   Thumb Code     6  bsp.o(.text)
    CPU_TS32_to_uSec                         0x08002edb   Thumb Code    54  bsp.o(.text)
    CPU_NameClr                              0x08002f1d   Thumb Code    42  cpu_core.o(.text)
    CPU_Init                                 0x08002f5d   Thumb Code    12  cpu_core.o(.text)
    CPU_SW_Exception                         0x08002f69   Thumb Code     4  cpu_core.o(.text)
    CPU_NameGet                              0x08002f6d   Thumb Code    70  cpu_core.o(.text)
    CPU_NameSet                              0x08002fb3   Thumb Code    96  cpu_core.o(.text)
    CPU_TS_Get32                             0x08003013   Thumb Code    12  cpu_core.o(.text)
    CPU_TS_Update                            0x0800301f   Thumb Code     2  cpu_core.o(.text)
    CPU_TS_TmrFreqGet                        0x08003021   Thumb Code    30  cpu_core.o(.text)
    CPU_TS_TmrFreqSet                        0x0800303f   Thumb Code     6  cpu_core.o(.text)
    CPU_CntLeadZeros08                       0x08003045   Thumb Code    18  cpu_core.o(.text)
    CPU_CntLeadZeros16                       0x08003057   Thumb Code    18  cpu_core.o(.text)
    CPU_CntLeadZeros32                       0x08003069   Thumb Code    18  cpu_core.o(.text)
    CPU_CntLeadZeros64                       0x0800307b   Thumb Code   194  cpu_core.o(.text)
    CPU_CntTrailZeros08                      0x0800313d   Thumb Code    22  cpu_core.o(.text)
    CPU_CntTrailZeros16                      0x08003153   Thumb Code    22  cpu_core.o(.text)
    CPU_CntTrailZeros32                      0x08003169   Thumb Code    22  cpu_core.o(.text)
    CPU_CntTrailZeros64                      0x0800317f   Thumb Code    66  cpu_core.o(.text)
    CPU_IntDis                               0x080031cd   Thumb Code     0  cpu_a.o(.text)
    CPU_IntEn                                0x080031d1   Thumb Code     0  cpu_a.o(.text)
    CPU_SR_Save                              0x080031d5   Thumb Code     0  cpu_a.o(.text)
    CPU_SR_Restore                           0x080031dd   Thumb Code     0  cpu_a.o(.text)
    CPU_WaitForInt                           0x080031e3   Thumb Code     0  cpu_a.o(.text)
    CPU_WaitForExcept                        0x080031e7   Thumb Code     0  cpu_a.o(.text)
    CPU_CntLeadZeros                         0x080031eb   Thumb Code     0  cpu_a.o(.text)
    CPU_CntTrailZeros                        0x080031f1   Thumb Code     0  cpu_a.o(.text)
    CPU_RevBits                              0x080031fb   Thumb Code     0  cpu_a.o(.text)
    ASCII_IsAlpha                            0x08003201   Thumb Code    48  lib_ascii.o(.text)
    ASCII_IsAlphaNum                         0x08003231   Thumb Code    76  lib_ascii.o(.text)
    ASCII_IsLower                            0x0800327d   Thumb Code    20  lib_ascii.o(.text)
    ASCII_IsUpper                            0x08003291   Thumb Code    20  lib_ascii.o(.text)
    ASCII_IsDig                              0x080032a5   Thumb Code    20  lib_ascii.o(.text)
    ASCII_IsDigOct                           0x080032b9   Thumb Code    20  lib_ascii.o(.text)
    ASCII_IsDigHex                           0x080032cd   Thumb Code    36  lib_ascii.o(.text)
    ASCII_IsBlank                            0x080032f1   Thumb Code    20  lib_ascii.o(.text)
    ASCII_IsSpace                            0x08003305   Thumb Code    36  lib_ascii.o(.text)
    ASCII_IsPrint                            0x08003329   Thumb Code    20  lib_ascii.o(.text)
    ASCII_IsGraph                            0x0800333d   Thumb Code    20  lib_ascii.o(.text)
    ASCII_IsPunct                            0x08003351   Thumb Code   134  lib_ascii.o(.text)
    ASCII_IsCtrl                             0x080033d7   Thumb Code    26  lib_ascii.o(.text)
    ASCII_ToLower                            0x080033f1   Thumb Code    32  lib_ascii.o(.text)
    ASCII_ToUpper                            0x08003411   Thumb Code    32  lib_ascii.o(.text)
    ASCII_Cmp                                0x08003431   Thumb Code    38  lib_ascii.o(.text)
    Mem_Init                                 0x08003459   Thumb Code    54  lib_mem.o(.text)
    Mem_Set                                  0x0800348f   Thumb Code    84  lib_mem.o(.text)
    Mem_Clr                                  0x080034e3   Thumb Code    18  lib_mem.o(.text)
    Mem_Move                                 0x080034f5   Thumb Code   186  lib_mem.o(.text)
    Mem_Cmp                                  0x080035af   Thumb Code   192  lib_mem.o(.text)
    Mem_HeapAlloc                            0x080036e7   Thumb Code   168  lib_mem.o(.text)
    Mem_SegGetSizeRem                        0x0800378f   Thumb Code   108  lib_mem.o(.text)
    Mem_HeapGetSizeRem                       0x080037fb   Thumb Code    22  lib_mem.o(.text)
    Mem_PoolClr                              0x08003811   Thumb Code    80  lib_mem.o(.text)
    Mem_PoolCreate                           0x08003861   Thumb Code   838  lib_mem.o(.text)
    Mem_PoolBlkGetNbrAvail                   0x08003ba7   Thumb Code    52  lib_mem.o(.text)
    Mem_PoolBlkGet                           0x08003bdb   Thumb Code   126  lib_mem.o(.text)
    Mem_PoolBlkGetUsedAtIx                   0x08003c59   Thumb Code   140  lib_mem.o(.text)
    Mem_PoolBlkFree                          0x08003ce5   Thumb Code   152  lib_mem.o(.text)
    Mem_PoolBlkIxGet                         0x08003d7d   Thumb Code   162  lib_mem.o(.text)
    Str_Len_N                                0x08003e21   Thumb Code    28  lib_str.o(.text)
    Str_Len                                  0x08003e3d   Thumb Code    20  lib_str.o(.text)
    Str_Copy_N                               0x08003e51   Thumb Code    70  lib_str.o(.text)
    Str_Copy                                 0x08003e97   Thumb Code    24  lib_str.o(.text)
    Str_Cat_N                                0x08003eaf   Thumb Code    90  lib_str.o(.text)
    Str_Cat                                  0x08003f09   Thumb Code    24  lib_str.o(.text)
    Str_Cmp_N                                0x08003f21   Thumb Code   156  lib_str.o(.text)
    Str_Cmp                                  0x08003fbd   Thumb Code    24  lib_str.o(.text)
    Str_CmpIgnoreCase_N                      0x08003fd5   Thumb Code   264  lib_str.o(.text)
    Str_CmpIgnoreCase                        0x080040dd   Thumb Code    24  lib_str.o(.text)
    Str_Char_N                               0x080040f5   Thumb Code    74  lib_str.o(.text)
    Str_Char                                 0x0800413f   Thumb Code    24  lib_str.o(.text)
    Str_Char_Last_N                          0x08004157   Thumb Code    76  lib_str.o(.text)
    Str_Char_Last                            0x080041a3   Thumb Code    24  lib_str.o(.text)
    Str_Char_Replace_N                       0x080041bb   Thumb Code    52  lib_str.o(.text)
    Str_Char_Replace                         0x080041ef   Thumb Code    28  lib_str.o(.text)
    Str_Str_N                                0x0800420b   Thumb Code   182  lib_str.o(.text)
    Str_Str                                  0x080042c1   Thumb Code    24  lib_str.o(.text)
    Str_FmtNbr_Int32U                        0x080044b5   Thumb Code    46  lib_str.o(.text)
    Str_FmtNbr_Int32S                        0x080044e3   Thumb Code    62  lib_str.o(.text)
    Str_ParseNbr_Int32U                      0x080046df   Thumb Code    30  lib_str.o(.text)
    Str_ParseNbr_Int32S                      0x080046fd   Thumb Code    74  lib_str.o(.text)
    Mem_Copy                                 0x0800474d   Thumb Code     0  lib_mem_a.o(.text)
    OSCfg_Init                               0x0800496d   Thumb Code    86  os_cfg_app.o(.text)
    OS_IdleTask                              0x08004a69   Thumb Code    60  os_core.o(.text)
    OS_IdleTaskInit                          0x08004aa5   Thumb Code    68  os_core.o(.text)
    OS_RdyListInit                           0x08004ae9   Thumb Code    32  os_core.o(.text)
    OSInit                                   0x08004b09   Thumb Code   300  os_core.o(.text)
    OSIntEnter                               0x08004c35   Thumb Code    34  os_core.o(.text)
    OSIntExit                                0x08004c57   Thumb Code   192  os_core.o(.text)
    OSSched                                  0x08004d17   Thumb Code   134  os_core.o(.text)
    OS_SchedLockTimeMeasStart                0x08004d9d   Thumb Code    20  os_core.o(.text)
    OSSchedLock                              0x08004db1   Thumb Code   104  os_core.o(.text)
    OS_SchedLockTimeMeasStop                 0x08004e19   Thumb Code    44  os_core.o(.text)
    OSSchedUnlock                            0x08004e45   Thumb Code   290  os_core.o(.text)
    OSSchedRoundRobinCfg                     0x08004f67   Thumb Code    88  os_core.o(.text)
    OS_RdyListMoveHeadToTail                 0x08004fbf   Thumb Code    68  os_core.o(.text)
    OSSchedRoundRobinYield                   0x08005003   Thumb Code   164  os_core.o(.text)
    OSStart                                  0x080050a7   Thumb Code    78  os_core.o(.text)
    OSVersion                                0x080050f5   Thumb Code    12  os_core.o(.text)
    OS_PendDbgNameAdd                        0x08005101   Thumb Code    66  os_core.o(.text)
    OS_PendListInsertPrio                    0x08005143   Thumb Code   102  os_core.o(.text)
    OS_PendDataInit                          0x080051a9   Thumb Code    38  os_core.o(.text)
    OS_RdyListRemove                         0x080051cf   Thumb Code    86  os_core.o(.text)
    OS_TaskBlock                             0x08005225   Thumb Code    56  os_core.o(.text)
    OS_Pend                                  0x0800525d   Thumb Code    98  os_core.o(.text)
    OS_PendListRemove1                       0x080052bf   Thumb Code   134  os_core.o(.text)
    OS_PendListRemove                        0x08005345   Thumb Code    48  os_core.o(.text)
    OS_PendAbort1                            0x08005375   Thumb Code    36  os_core.o(.text)
    OS_RdyListInsertHead                     0x08005399   Thumb Code    58  os_core.o(.text)
    OS_RdyListInsertTail                     0x080053d3   Thumb Code    56  os_core.o(.text)
    OS_RdyListInsert                         0x0800540b   Thumb Code    40  os_core.o(.text)
    OS_TaskRdy                               0x08005433   Thumb Code    28  os_core.o(.text)
    OS_PendAbort                             0x0800544f   Thumb Code   178  os_core.o(.text)
    OS_PendDbgNameRemove                     0x08005501   Thumb Code    34  os_core.o(.text)
    OS_PendListChangePrio                    0x08005523   Thumb Code    70  os_core.o(.text)
    OS_PendListInit                          0x08005569   Thumb Code    10  os_core.o(.text)
    OS_PendListInsertHead                    0x08005573   Thumb Code    32  os_core.o(.text)
    OS_PendObjDel1                           0x08005593   Thumb Code    36  os_core.o(.text)
    OS_PendObjDel                            0x080055b7   Thumb Code   174  os_core.o(.text)
    OS_Post1                                 0x08005665   Thumb Code    42  os_core.o(.text)
    OS_Post                                  0x0800568f   Thumb Code   198  os_core.o(.text)
    OS_Sched0                                0x08005755   Thumb Code   100  os_core.o(.text)
    OS_SchedRoundRobin                       0x080057b9   Thumb Code   190  os_core.o(.text)
    OS_Dbg_Init                              0x08005889   Thumb Code   146  os_dbg.o(.text)
    OS_FlagDbgListAdd                        0x08005a39   Thumb Code    38  os_flag.o(.text)
    OSFlagCreate                             0x08005a5f   Thumb Code   172  os_flag.o(.text)
    OS_FlagClr                               0x08005b0b   Thumb Code    28  os_flag.o(.text)
    OS_FlagDbgListRemove                     0x08005b27   Thumb Code    44  os_flag.o(.text)
    OSFlagDel                                0x08005b53   Thumb Code   594  os_flag.o(.text)
    OS_FlagBlock                             0x08005da5   Thumb Code    58  os_flag.o(.text)
    OSFlagPend                               0x08005ddf   Thumb Code  1492  os_flag.o(.text)
    OSFlagPendAbort                          0x080063b3   Thumb Code   292  os_flag.o(.text)
    OSFlagPendGetFlagsRdy                    0x080064d7   Thumb Code    68  os_flag.o(.text)
    OS_FlagTaskRdy                           0x0800651b   Thumb Code    92  os_flag.o(.text)
    OS_FlagPost                              0x08006577   Thumb Code   572  os_flag.o(.text)
    OSFlagPost                               0x080067b3   Thumb Code   146  os_flag.o(.text)
    OS_FlagInit                              0x08006845   Thumb Code    14  os_flag.o(.text)
    OS_IntQPost                              0x0800686d   Thumb Code   216  os_int.o(.text)
    OS_IntQRePost                            0x08006945   Thumb Code   348  os_int.o(.text)
    OS_IntQTask                              0x08006aa1   Thumb Code   162  os_int.o(.text)
    OS_IntQTaskInit                          0x08006b43   Thumb Code   208  os_int.o(.text)
    OS_MemDbgListAdd                         0x08006ca5   Thumb Code    34  os_mem.o(.text)
    OSMemCreate                              0x08006cc7   Thumb Code   288  os_mem.o(.text)
    OSMemGet                                 0x08006de7   Thumb Code   100  os_mem.o(.text)
    OSMemPut                                 0x08006e4b   Thumb Code   112  os_mem.o(.text)
    OS_MemInit                               0x08006ebb   Thumb Code    14  os_mem.o(.text)
    OS_MsgPoolCreate                         0x08006edd   Thumb Code    54  os_msg.o(.text)
    OS_MsgPoolInit                           0x08006f13   Thumb Code    70  os_msg.o(.text)
    OS_MsgQFreeAll                           0x08006f59   Thumb Code    62  os_msg.o(.text)
    OS_MsgQInit                              0x08006f97   Thumb Code    14  os_msg.o(.text)
    OS_MsgQGet                               0x08006fa5   Thumb Code    98  os_msg.o(.text)
    OS_MsgQPut                               0x08007007   Thumb Code   242  os_msg.o(.text)
    OS_MutexDbgListAdd                       0x08007105   Thumb Code    38  os_mutex.o(.text)
    OSMutexCreate                            0x0800712b   Thumb Code   178  os_mutex.o(.text)
    OS_MutexClr                              0x080071dd   Thumb Code    38  os_mutex.o(.text)
    OS_MutexDbgListRemove                    0x08007203   Thumb Code    44  os_mutex.o(.text)
    OSMutexDel                               0x0800722f   Thumb Code   842  os_mutex.o(.text)
    OSMutexPend                              0x08007579   Thumb Code   706  os_mutex.o(.text)
    OSMutexPendAbort                         0x0800783b   Thumb Code   314  os_mutex.o(.text)
    OSMutexPost                              0x08007975   Thumb Code   564  os_mutex.o(.text)
    OS_MutexInit                             0x08007ba9   Thumb Code    14  os_mutex.o(.text)
    OS_PrioInit                              0x08007bd9   Thumb Code    20  os_prio.o(.text)
    OS_PrioGetHighest                        0x08007bed   Thumb Code    36  os_prio.o(.text)
    OS_PrioInsert                            0x08007c11   Thumb Code    32  os_prio.o(.text)
    OS_PrioRemove                            0x08007c31   Thumb Code    32  os_prio.o(.text)
    OS_QDbgListAdd                           0x08007c55   Thumb Code    38  os_q.o(.text)
    OSQCreate                                0x08007c7b   Thumb Code   186  os_q.o(.text)
    OS_QClr                                  0x08007d35   Thumb Code    40  os_q.o(.text)
    OS_QDbgListRemove                        0x08007d5d   Thumb Code    44  os_q.o(.text)
    OSQDel                                   0x08007d89   Thumb Code   362  os_q.o(.text)
    OSQFlush                                 0x08007ef3   Thumb Code   210  os_q.o(.text)
    OSQPend                                  0x08007fc5   Thumb Code   538  os_q.o(.text)
    OSQPendAbort                             0x080081df   Thumb Code   292  os_q.o(.text)
    OS_QPost                                 0x08008303   Thumb Code   322  os_q.o(.text)
    OSQPost                                  0x08008445   Thumb Code   196  os_q.o(.text)
    OS_QInit                                 0x08008509   Thumb Code    14  os_q.o(.text)
    OS_SemDbgListAdd                         0x08008529   Thumb Code    38  os_sem.o(.text)
    OSSemCreate                              0x0800854f   Thumb Code   172  os_sem.o(.text)
    OS_SemClr                                0x080085fb   Thumb Code    28  os_sem.o(.text)
    OS_SemDbgListRemove                      0x08008617   Thumb Code    44  os_sem.o(.text)
    OSSemDel                                 0x08008643   Thumb Code   362  os_sem.o(.text)
    OSSemPend                                0x080087ad   Thumb Code   504  os_sem.o(.text)
    OSSemPendAbort                           0x080089a5   Thumb Code   292  os_sem.o(.text)
    OS_SemPost                               0x08008ac9   Thumb Code   350  os_sem.o(.text)
    OSSemPost                                0x08008c27   Thumb Code   144  os_sem.o(.text)
    OSSemSet                                 0x08008cb7   Thumb Code   138  os_sem.o(.text)
    OS_SemInit                               0x08008d41   Thumb Code    14  os_sem.o(.text)
    OSStatReset                              0x08008d59   Thumb Code   276  os_stat.o(.text)
    OSStatTaskCPUUsageInit                   0x08008e6d   Thumb Code   212  os_stat.o(.text)
    OS_StatTask                              0x08008f41   Thumb Code   888  os_stat.o(.text)
    OS_StatTaskInit                          0x080092b9   Thumb Code   138  os_stat.o(.text)
    OSTaskChangePrio                         0x08009399   Thumb Code   416  os_task.o(.text)
    OS_TaskDbgListAdd                        0x08009539   Thumb Code    42  os_task.o(.text)
    OS_TaskInitTCB                           0x08009563   Thumb Code   194  os_task.o(.text)
    OSTaskCreate                             0x08009625   Thumb Code   614  os_task.o(.text)
    OS_TaskDbgListRemove                     0x0800988b   Thumb Code    64  os_task.o(.text)
    OSTaskDel                                0x080098cb   Thumb Code   424  os_task.o(.text)
    OSTaskQFlush                             0x08009a73   Thumb Code   214  os_task.o(.text)
    OSTaskQPend                              0x08009b49   Thumb Code   554  os_task.o(.text)
    OSTaskQPendAbort                         0x08009d73   Thumb Code   242  os_task.o(.text)
    OS_TaskQPost                             0x08009e65   Thumb Code   526  os_task.o(.text)
    OSTaskQPost                              0x0800a073   Thumb Code   114  os_task.o(.text)
    OSTaskRegGet                             0x0800a0e5   Thumb Code    78  os_task.o(.text)
    OSTaskRegGetID                           0x0800a133   Thumb Code    84  os_task.o(.text)
    OSTaskRegSet                             0x0800a187   Thumb Code    78  os_task.o(.text)
    OS_TaskResume                            0x0800a1d5   Thumb Code   314  os_task.o(.text)
    OSTaskResume                             0x0800a30f   Thumb Code   112  os_task.o(.text)
    OSTaskSemPend                            0x0800a37f   Thumb Code   550  os_task.o(.text)
    OSTaskSemPendAbort                       0x0800a5a5   Thumb Code   270  os_task.o(.text)
    OS_TaskSemPost                           0x0800a6b3   Thumb Code  1216  os_task.o(.text)
    OSTaskSemPost                            0x0800ab73   Thumb Code    98  os_task.o(.text)
    OSTaskSemSet                             0x0800abd5   Thumb Code   100  os_task.o(.text)
    OSTaskStkChk                             0x0800ac39   Thumb Code   204  os_task.o(.text)
    OS_TaskSuspend                           0x0800ad05   Thumb Code   328  os_task.o(.text)
    OSTaskSuspend                            0x0800ae4d   Thumb Code    78  os_task.o(.text)
    OSTaskTimeQuantaSet                      0x0800ae9b   Thumb Code    96  os_task.o(.text)
    OS_TaskInit                              0x0800aefb   Thumb Code    18  os_task.o(.text)
    OS_TaskReturn                            0x0800af0d   Thumb Code    20  os_task.o(.text)
    OS_TickListRemove                        0x0800af49   Thumb Code    56  os_tick.o(.text)
    OS_TickListUpdate                        0x0800af81   Thumb Code   492  os_tick.o(.text)
    OS_TickTask                              0x0800b16d   Thumb Code    38  os_tick.o(.text)
    OS_TickListInit                          0x0800b193   Thumb Code    32  os_tick.o(.text)
    OS_TickTaskInit                          0x0800b1b3   Thumb Code   130  os_tick.o(.text)
    OS_TickListInsert                        0x0800b235   Thumb Code   502  os_tick.o(.text)
    OS_TickListResetPeak                     0x0800b42b   Thumb Code    28  os_tick.o(.text)
    OSTimeDly                                0x0800b451   Thumb Code   266  os_time.o(.text)
    OSTimeDlyHMSM                            0x0800b55b   Thumb Code   480  os_time.o(.text)
    OSTimeDlyResume                          0x0800b73b   Thumb Code   466  os_time.o(.text)
    OSTimeGet                                0x0800b90d   Thumb Code    46  os_time.o(.text)
    OSTimeSet                                0x0800b93b   Thumb Code    46  os_time.o(.text)
    OSTimeTick                               0x0800b969   Thumb Code    54  os_time.o(.text)
    OS_TmrDbgListAdd                         0x0800b9b5   Thumb Code    34  os_tmr.o(.text)
    OSTmrCreate                              0x0800b9d7   Thumb Code   248  os_tmr.o(.text)
    OS_TmrClr                                0x0800bacf   Thumb Code    36  os_tmr.o(.text)
    OS_TmrUnlink                             0x0800baf3   Thumb Code    72  os_tmr.o(.text)
    OS_TmrDbgListRemove                      0x0800bb3b   Thumb Code    44  os_tmr.o(.text)
    OSTmrDel                                 0x0800bb67   Thumb Code   176  os_tmr.o(.text)
    OSTmrRemainGet                           0x0800bc17   Thumb Code   184  os_tmr.o(.text)
    OS_TmrLink                               0x0800bccf   Thumb Code   196  os_tmr.o(.text)
    OSTmrStart                               0x0800bd93   Thumb Code   210  os_tmr.o(.text)
    OSTmrStateGet                            0x0800be65   Thumb Code   134  os_tmr.o(.text)
    OSTmrStop                                0x0800beeb   Thumb Code   232  os_tmr.o(.text)
    OS_TmrTask                               0x0800bfd3   Thumb Code   176  os_tmr.o(.text)
    OS_TmrInit                               0x0800c083   Thumb Code   208  os_tmr.o(.text)
    OS_TmrResetPeak                          0x0800c153   Thumb Code    28  os_tmr.o(.text)
    OSIdleTaskHook                           0x0800c1cd   Thumb Code    16  os_cpu_c.o(.text)
    OSInitHook                               0x0800c1dd   Thumb Code    42  os_cpu_c.o(.text)
    OSStatTaskHook                           0x0800c207   Thumb Code    16  os_cpu_c.o(.text)
    OSTaskCreateHook                         0x0800c217   Thumb Code    20  os_cpu_c.o(.text)
    OSTaskDelHook                            0x0800c22b   Thumb Code    20  os_cpu_c.o(.text)
    OSTaskReturnHook                         0x0800c23f   Thumb Code    20  os_cpu_c.o(.text)
    OSTaskStkInit                            0x0800c253   Thumb Code   188  os_cpu_c.o(.text)
    OSTaskSwHook                             0x0800c30f   Thumb Code   120  os_cpu_c.o(.text)
    OSTimeTickHook                           0x0800c387   Thumb Code    16  os_cpu_c.o(.text)
    OS_CPU_SysTickHandler                    0x0800c397   Thumb Code    52  os_cpu_c.o(.text)
    OS_CPU_SysTickInit                       0x0800c3cb   Thumb Code    44  os_cpu_c.o(.text)
    __use_no_semihosting                     0x0800c439   Thumb Code     2  use_no_semi_2.o(.text)
    __aeabi_uldivmod                         0x0800c43b   Thumb Code     0  lludivv7m.o(.text)
    _ll_udiv                                 0x0800c43b   Thumb Code   238  lludivv7m.o(.text)
    __2printf                                0x0800c529   Thumb Code    20  noretval__2printf.o(.text)
    _printf_int_hex                          0x0800c541   Thumb Code    88  _printf_hex_int.o(.text)
    _printf_longlong_hex                     0x0800c541   Thumb Code     0  _printf_hex_int.o(.text)
    __printf                                 0x0800c59d   Thumb Code   270  __printf_wp.o(.text)
    __use_two_region_memory                  0x0800c6ab   Thumb Code     2  heapauxi.o(.text)
    __rt_heap_escrow$2region                 0x0800c6ad   Thumb Code     2  heapauxi.o(.text)
    __rt_heap_expand$2region                 0x0800c6af   Thumb Code     2  heapauxi.o(.text)
    __I$use$semihosting                      0x0800c6b1   Thumb Code     0  use_no_semi.o(.text)
    __use_no_semihosting_swi                 0x0800c6b1   Thumb Code     2  use_no_semi.o(.text)
    _printf_int_common                       0x0800c6b3   Thumb Code   184  _printf_intcommon.o(.text)
    __lib_sel_fp_printf                      0x0800c76b   Thumb Code     2  _printf_fp_dec.o(.text)
    _printf_fp_dec_real                      0x0800c917   Thumb Code   628  _printf_fp_dec.o(.text)
    _printf_char_file                        0x0800cb8d   Thumb Code    32  _printf_char_file.o(.text)
    __rt_locale                              0x0800cbb1   Thumb Code     8  rt_locale_intlibspace.o(.text)
    _ll_udiv10                               0x0800cbb9   Thumb Code   138  lludiv10.o(.text)
    _printf_char_common                      0x0800cc4f   Thumb Code    32  _printf_char_common.o(.text)
    _printf_fp_infnan                        0x0800cc75   Thumb Code   112  _printf_fp_infnan.o(.text)
    _btod_etento                             0x0800ccf5   Thumb Code   222  bigflt0.o(.text)
    ferror                                   0x0800cdd9   Thumb Code     8  ferror.o(.text)
    __user_libspace                          0x0800cde1   Thumb Code     8  libspace.o(.text)
    __user_perproc_libspace                  0x0800cde1   Thumb Code     0  libspace.o(.text)
    __user_perthread_libspace                0x0800cde1   Thumb Code     0  libspace.o(.text)
    __user_setup_stackheap                   0x0800cde9   Thumb Code    74  sys_stackheap_outer.o(.text)
    exit                                     0x0800ce33   Thumb Code    12  exit.o(.text)
    strcmp                                   0x0800ce41   Thumb Code   128  strcmpv7m.o(.text)
    _btod_d2e                                0x0800cec1   Thumb Code    62  btod.o(CL$$btod_d2e)
    _d2e_denorm_low                          0x0800ceff   Thumb Code    70  btod.o(CL$$btod_d2e_denorm_low)
    _d2e_norm_op1                            0x0800cf45   Thumb Code    96  btod.o(CL$$btod_d2e_norm_op1)
    __btod_div_common                        0x0800cfa5   Thumb Code   696  btod.o(CL$$btod_div_common)
    _e2e                                     0x0800d2dd   Thumb Code   198  btod.o(CL$$btod_e2e)
    _btod_ediv                               0x0800d3a3   Thumb Code    40  btod.o(CL$$btod_ediv)
    _btod_emul                               0x0800d3cb   Thumb Code    40  btod.o(CL$$btod_emul)
    __btod_mult_common                       0x0800d3f3   Thumb Code   580  btod.o(CL$$btod_mult_common)
    OSStartHighRdy                           0x0800d639   Thumb Code     0  os_cpu_a.o(CODE)
    PendSV_Handler                           0x0800d66f   Thumb Code     0  os_cpu_a.o(CODE)
    __ARM_fpclassify                         0x0800d6d1   Thumb Code    40  fpclassify.o(i.__ARM_fpclassify)
    _is_digit                                0x0800d6f9   Thumb Code    14  __printf_wp.o(i._is_digit)
    _get_lc_numeric                          0x0800d709   Thumb Code    44  lc_numeric_c.o(locale$$code)
    __fpl_dretinf                            0x0800d735   Thumb Code    12  dretinf.o(x$fpl$dretinf)
    __aeabi_f2d                              0x0800d741   Thumb Code     0  f2d.o(x$fpl$f2d)
    _f2d                                     0x0800d741   Thumb Code    86  f2d.o(x$fpl$f2d)
    __aeabi_fadd                             0x0800d799   Thumb Code     0  faddsub_clz.o(x$fpl$fadd)
    _fadd                                    0x0800d799   Thumb Code   196  faddsub_clz.o(x$fpl$fadd)
    __fpl_fnaninf                            0x0800d85d   Thumb Code   140  fnaninf.o(x$fpl$fnaninf)
    __fpl_fretinf                            0x0800d8e9   Thumb Code    10  fretinf.o(x$fpl$fretinf)
    __aeabi_fsub                             0x0800d8f5   Thumb Code     0  faddsub_clz.o(x$fpl$fsub)
    _fsub                                    0x0800d8f5   Thumb Code   234  faddsub_clz.o(x$fpl$fsub)
    _printf_fp_dec                           0x0800d9df   Thumb Code     4  printf1.o(x$fpl$printf1)
    __I$use$fp                               0x0800d9e2   Number         0  usenofp.o(x$fpl$usenofp)
    CPU_EndiannessTest                       0x0800dae4   Data           4  cpu_core.o(.constdata)
    OSCfg_IdleTaskStkBasePtr                 0x0800db7c   Data           4  os_cfg_app.o(.constdata)
    OSCfg_IdleTaskStkLimit                   0x0800db80   Data           4  os_cfg_app.o(.constdata)
    OSCfg_IdleTaskStkSize                    0x0800db84   Data           4  os_cfg_app.o(.constdata)
    OSCfg_IdleTaskStkSizeRAM                 0x0800db88   Data           4  os_cfg_app.o(.constdata)
    OSCfg_IntQBasePtr                        0x0800db8c   Data           4  os_cfg_app.o(.constdata)
    OSCfg_IntQSize                           0x0800db90   Data           2  os_cfg_app.o(.constdata)
    OSCfg_IntQSizeRAM                        0x0800db94   Data           4  os_cfg_app.o(.constdata)
    OSCfg_IntQTaskStkBasePtr                 0x0800db98   Data           4  os_cfg_app.o(.constdata)
    OSCfg_IntQTaskStkLimit                   0x0800db9c   Data           4  os_cfg_app.o(.constdata)
    OSCfg_IntQTaskStkSize                    0x0800dba0   Data           4  os_cfg_app.o(.constdata)
    OSCfg_IntQTaskStkSizeRAM                 0x0800dba4   Data           4  os_cfg_app.o(.constdata)
    OSCfg_ISRStkBasePtr                      0x0800dba8   Data           4  os_cfg_app.o(.constdata)
    OSCfg_ISRStkSize                         0x0800dbac   Data           4  os_cfg_app.o(.constdata)
    OSCfg_ISRStkSizeRAM                      0x0800dbb0   Data           4  os_cfg_app.o(.constdata)
    OSCfg_MsgPoolSize                        0x0800dbb4   Data           2  os_cfg_app.o(.constdata)
    OSCfg_MsgPoolSizeRAM                     0x0800dbb8   Data           4  os_cfg_app.o(.constdata)
    OSCfg_MsgPoolBasePtr                     0x0800dbbc   Data           4  os_cfg_app.o(.constdata)
    OSCfg_StatTaskPrio                       0x0800dbc0   Data           1  os_cfg_app.o(.constdata)
    OSCfg_StatTaskRate_Hz                    0x0800dbc4   Data           4  os_cfg_app.o(.constdata)
    OSCfg_StatTaskStkBasePtr                 0x0800dbc8   Data           4  os_cfg_app.o(.constdata)
    OSCfg_StatTaskStkLimit                   0x0800dbcc   Data           4  os_cfg_app.o(.constdata)
    OSCfg_StatTaskStkSize                    0x0800dbd0   Data           4  os_cfg_app.o(.constdata)
    OSCfg_StatTaskStkSizeRAM                 0x0800dbd4   Data           4  os_cfg_app.o(.constdata)
    OSCfg_StkSizeMin                         0x0800dbd8   Data           4  os_cfg_app.o(.constdata)
    OSCfg_TickRate_Hz                        0x0800dbdc   Data           4  os_cfg_app.o(.constdata)
    OSCfg_TickTaskPrio                       0x0800dbe0   Data           1  os_cfg_app.o(.constdata)
    OSCfg_TickTaskStkBasePtr                 0x0800dbe4   Data           4  os_cfg_app.o(.constdata)
    OSCfg_TickTaskStkLimit                   0x0800dbe8   Data           4  os_cfg_app.o(.constdata)
    OSCfg_TickTaskStkSize                    0x0800dbec   Data           4  os_cfg_app.o(.constdata)
    OSCfg_TickTaskStkSizeRAM                 0x0800dbf0   Data           4  os_cfg_app.o(.constdata)
    OSCfg_TickWheelSize                      0x0800dbf4   Data           2  os_cfg_app.o(.constdata)
    OSCfg_TickWheelSizeRAM                   0x0800dbf8   Data           4  os_cfg_app.o(.constdata)
    OSCfg_TmrTaskPrio                        0x0800dbfc   Data           1  os_cfg_app.o(.constdata)
    OSCfg_TmrTaskRate_Hz                     0x0800dc00   Data           4  os_cfg_app.o(.constdata)
    OSCfg_TmrTaskStkBasePtr                  0x0800dc04   Data           4  os_cfg_app.o(.constdata)
    OSCfg_TmrTaskStkLimit                    0x0800dc08   Data           4  os_cfg_app.o(.constdata)
    OSCfg_TmrTaskStkSize                     0x0800dc0c   Data           4  os_cfg_app.o(.constdata)
    OSCfg_TmrTaskStkSizeRAM                  0x0800dc10   Data           4  os_cfg_app.o(.constdata)
    OSCfg_TmrWheelSize                       0x0800dc14   Data           2  os_cfg_app.o(.constdata)
    OSCfg_TmrWheelSizeRAM                    0x0800dc18   Data           4  os_cfg_app.o(.constdata)
    OSCfg_DataSizeRAM                        0x0800dc1c   Data           4  os_cfg_app.o(.constdata)
    OSDbg_DbgEn                              0x0800dc20   Data           2  os_dbg.o(.constdata)
    OSDbg_ArgChkEn                           0x0800dc22   Data           1  os_dbg.o(.constdata)
    OSDbg_AppHooksEn                         0x0800dc23   Data           1  os_dbg.o(.constdata)
    OSDbg_EndiannessTest                     0x0800dc24   Data           4  os_dbg.o(.constdata)
    OSDbg_CalledFromISRChkEn                 0x0800dc28   Data           1  os_dbg.o(.constdata)
    OSDbg_FlagEn                             0x0800dc29   Data           1  os_dbg.o(.constdata)
    OSDbg_FlagGrp                            0x0800dc2c   Data          40  os_dbg.o(.constdata)
    OSDbg_FlagDelEn                          0x0800dc54   Data           1  os_dbg.o(.constdata)
    OSDbg_FlagModeClrEn                      0x0800dc55   Data           1  os_dbg.o(.constdata)
    OSDbg_FlagPendAbortEn                    0x0800dc56   Data           1  os_dbg.o(.constdata)
    OSDbg_FlagGrpSize                        0x0800dc58   Data           2  os_dbg.o(.constdata)
    OSDbg_FlagWidth                          0x0800dc5a   Data           2  os_dbg.o(.constdata)
    OSDbg_IntQ                               0x0800dc5c   Data           2  os_dbg.o(.constdata)
    OSDbg_ISRPostDeferredEn                  0x0800dc5e   Data           1  os_dbg.o(.constdata)
    OSDbg_Mem                                0x0800dc60   Data          32  os_dbg.o(.constdata)
    OSDbg_MemEn                              0x0800dc80   Data           1  os_dbg.o(.constdata)
    OSDbg_MemSize                            0x0800dc82   Data           2  os_dbg.o(.constdata)
    OSDbg_MsgEn                              0x0800dc84   Data           1  os_dbg.o(.constdata)
    OSDbg_MsgSize                            0x0800dc86   Data           2  os_dbg.o(.constdata)
    OSDbg_MsgPoolSize                        0x0800dc88   Data           2  os_dbg.o(.constdata)
    OSDbg_MsgQSize                           0x0800dc8a   Data           2  os_dbg.o(.constdata)
    OSDbg_Mutex                              0x0800dc8c   Data          44  os_dbg.o(.constdata)
    OSDbg_MutexEn                            0x0800dcb8   Data           1  os_dbg.o(.constdata)
    OSDbg_MutexDelEn                         0x0800dcb9   Data           1  os_dbg.o(.constdata)
    OSDbg_MutexPendAbortEn                   0x0800dcba   Data           1  os_dbg.o(.constdata)
    OSDbg_MutexSize                          0x0800dcbc   Data           2  os_dbg.o(.constdata)
    OSDbg_ObjTypeChkEn                       0x0800dcbe   Data           1  os_dbg.o(.constdata)
    OSDbg_PendMultiEn                        0x0800dcbf   Data           1  os_dbg.o(.constdata)
    OSDbg_PendDataSize                       0x0800dcc0   Data           2  os_dbg.o(.constdata)
    OSDbg_PendListSize                       0x0800dcc2   Data           2  os_dbg.o(.constdata)
    OSDbg_PendObjSize                        0x0800dcc4   Data           2  os_dbg.o(.constdata)
    OSDbg_PrioMax                            0x0800dcc6   Data           2  os_dbg.o(.constdata)
    OSDbg_PrioTblSize                        0x0800dcc8   Data           2  os_dbg.o(.constdata)
    OSDbg_PtrSize                            0x0800dcca   Data           2  os_dbg.o(.constdata)
    OSDbg_Q                                  0x0800dccc   Data          48  os_dbg.o(.constdata)
    OSDbg_QEn                                0x0800dcfc   Data           1  os_dbg.o(.constdata)
    OSDbg_QDelEn                             0x0800dcfd   Data           1  os_dbg.o(.constdata)
    OSDbg_QFlushEn                           0x0800dcfe   Data           1  os_dbg.o(.constdata)
    OSDbg_QPendAbortEn                       0x0800dcff   Data           1  os_dbg.o(.constdata)
    OSDbg_QSize                              0x0800dd00   Data           2  os_dbg.o(.constdata)
    OSDbg_SchedRoundRobinEn                  0x0800dd02   Data           1  os_dbg.o(.constdata)
    OSDbg_Sem                                0x0800dd04   Data          40  os_dbg.o(.constdata)
    OSDbg_SemEn                              0x0800dd2c   Data           1  os_dbg.o(.constdata)
    OSDbg_SemDelEn                           0x0800dd2d   Data           1  os_dbg.o(.constdata)
    OSDbg_SemPendAbortEn                     0x0800dd2e   Data           1  os_dbg.o(.constdata)
    OSDbg_SemSetEn                           0x0800dd2f   Data           1  os_dbg.o(.constdata)
    OSDbg_SemSize                            0x0800dd30   Data           2  os_dbg.o(.constdata)
    OSDbg_RdyList                            0x0800dd32   Data           2  os_dbg.o(.constdata)
    OSDbg_RdyListSize                        0x0800dd34   Data           4  os_dbg.o(.constdata)
    OSDbg_StkWidth                           0x0800dd38   Data           1  os_dbg.o(.constdata)
    OSDbg_StatTaskEn                         0x0800dd39   Data           1  os_dbg.o(.constdata)
    OSDbg_StatTaskStkChkEn                   0x0800dd3a   Data           1  os_dbg.o(.constdata)
    OSDbg_TaskChangePrioEn                   0x0800dd3b   Data           1  os_dbg.o(.constdata)
    OSDbg_TaskDelEn                          0x0800dd3c   Data           1  os_dbg.o(.constdata)
    OSDbg_TaskQEn                            0x0800dd3d   Data           1  os_dbg.o(.constdata)
    OSDbg_TaskQPendAbortEn                   0x0800dd3e   Data           1  os_dbg.o(.constdata)
    OSDbg_TaskProfileEn                      0x0800dd3f   Data           1  os_dbg.o(.constdata)
    OSDbg_TaskRegTblSize                     0x0800dd40   Data           2  os_dbg.o(.constdata)
    OSDbg_TaskSemPendAbortEn                 0x0800dd42   Data           1  os_dbg.o(.constdata)
    OSDbg_TaskSuspendEn                      0x0800dd43   Data           1  os_dbg.o(.constdata)
    OSDbg_TCBSize                            0x0800dd44   Data           2  os_dbg.o(.constdata)
    OSDbg_TickSpokeSize                      0x0800dd46   Data           2  os_dbg.o(.constdata)
    OSDbg_TimeDlyHMSMEn                      0x0800dd48   Data           1  os_dbg.o(.constdata)
    OSDbg_TimeDlyResumeEn                    0x0800dd49   Data           1  os_dbg.o(.constdata)
    OSDbg_TLS_TblSize                        0x0800dd4a   Data           2  os_dbg.o(.constdata)
    OSDbg_Tmr                                0x0800dd4c   Data          52  os_dbg.o(.constdata)
    OSDbg_TmrEn                              0x0800dd80   Data           1  os_dbg.o(.constdata)
    OSDbg_TmrDelEn                           0x0800dd81   Data           1  os_dbg.o(.constdata)
    OSDbg_TmrSize                            0x0800dd82   Data           2  os_dbg.o(.constdata)
    OSDbg_TmrSpokeSize                       0x0800dd84   Data           2  os_dbg.o(.constdata)
    OSDbg_VersionNbr                         0x0800dd86   Data           2  os_dbg.o(.constdata)
    OSDbg_DataSize                           0x0800dd88   Data           4  os_dbg.o(.constdata)
    Region$$Table$$Base                      0x0800de48   Number         0  anon$$obj.o(Region$$Table)
    Region$$Table$$Limit                     0x0800de68   Number         0  anon$$obj.o(Region$$Table)
    SystemCoreClock                          0x20000004   Data           4  system_stm32f10x.o(.data)
    AHBPrescTable                            0x20000008   Data          16  system_stm32f10x.o(.data)
    TIM5CH1_CAPTURE_STA                      0x2000001a   Data           1  timer.o(.data)
    TIM5CH1_CAPTURE_VAL                      0x2000001c   Data           2  timer.o(.data)
    USART_RX_STA                             0x20000024   Data           2  usart.o(.data)
    __stdout                                 0x20000028   Data           4  usart.o(.data)
    CPU_TS_TmrFreq_Hz                        0x20000040   Data           4  cpu_core.o(.data)
    Mem_PoolTbl                              0x20000044   Data           4  lib_mem.o(.data)
    OSPrioTbl                                0x20000048   Data           8  os_prio.o(.data)
    OS_AppTaskCreateHookPtr                  0x20000050   Data           4  os_var.o(.data)
    OS_AppTaskDelHookPtr                     0x20000054   Data           4  os_var.o(.data)
    OS_AppTaskReturnHookPtr                  0x20000058   Data           4  os_var.o(.data)
    OS_AppIdleTaskHookPtr                    0x2000005c   Data           4  os_var.o(.data)
    OS_AppStatTaskHookPtr                    0x20000060   Data           4  os_var.o(.data)
    OS_AppTaskSwHookPtr                      0x20000064   Data           4  os_var.o(.data)
    OS_AppTimeTickHookPtr                    0x20000068   Data           4  os_var.o(.data)
    OSIdleTaskCtr                            0x2000006c   Data           4  os_var.o(.data)
    OSIntNestingCtr                          0x20000070   Data           1  os_var.o(.data)
    OSRunning                                0x20000071   Data           1  os_var.o(.data)
    OSIntQInPtr                              0x20000074   Data           4  os_var.o(.data)
    OSIntQOutPtr                             0x20000078   Data           4  os_var.o(.data)
    OSIntQNbrEntries                         0x2000007c   Data           2  os_var.o(.data)
    OSIntQNbrEntriesMax                      0x2000007e   Data           2  os_var.o(.data)
    OSIntQOvfCtr                             0x20000080   Data           2  os_var.o(.data)
    OSIntQTaskTimeMax                        0x20000084   Data           4  os_var.o(.data)
    OSFlagDbgListPtr                         0x20000088   Data           4  os_var.o(.data)
    OSFlagQty                                0x2000008c   Data           2  os_var.o(.data)
    OSMemDbgListPtr                          0x20000090   Data           4  os_var.o(.data)
    OSMemQty                                 0x20000094   Data           2  os_var.o(.data)
    OSMutexDbgListPtr                        0x20000098   Data           4  os_var.o(.data)
    OSMutexQty                               0x2000009c   Data           2  os_var.o(.data)
    OSPrioCur                                0x2000009e   Data           1  os_var.o(.data)
    OSPrioHighRdy                            0x2000009f   Data           1  os_var.o(.data)
    OSPrioSaved                              0x200000a0   Data           1  os_var.o(.data)
    OSQDbgListPtr                            0x200000a4   Data           4  os_var.o(.data)
    OSQQty                                   0x200000a8   Data           2  os_var.o(.data)
    OSSchedLockTimeBegin                     0x200000ac   Data           4  os_var.o(.data)
    OSSchedLockTimeMax                       0x200000b0   Data           4  os_var.o(.data)
    OSSchedLockTimeMaxCur                    0x200000b4   Data           4  os_var.o(.data)
    OSSchedLockNestingCtr                    0x200000b8   Data           1  os_var.o(.data)
    OSSchedRoundRobinDfltTimeQuanta          0x200000bc   Data           4  os_var.o(.data)
    OSSchedRoundRobinEn                      0x200000c0   Data           1  os_var.o(.data)
    OSSemDbgListPtr                          0x200000c4   Data           4  os_var.o(.data)
    OSSemQty                                 0x200000c8   Data           2  os_var.o(.data)
    OSStatResetFlag                          0x200000ca   Data           1  os_var.o(.data)
    OSStatTaskCPUUsage                       0x200000cc   Data           2  os_var.o(.data)
    OSStatTaskCPUUsageMax                    0x200000ce   Data           2  os_var.o(.data)
    OSStatTaskCtr                            0x200000d0   Data           4  os_var.o(.data)
    OSStatTaskCtrMax                         0x200000d4   Data           4  os_var.o(.data)
    OSStatTaskCtrRun                         0x200000d8   Data           4  os_var.o(.data)
    OSStatTaskRdy                            0x200000dc   Data           1  os_var.o(.data)
    OSStatTaskTimeMax                        0x200000e0   Data           4  os_var.o(.data)
    OSTaskCtxSwCtr                           0x200000e4   Data           4  os_var.o(.data)
    OSTaskDbgListPtr                         0x200000e8   Data           4  os_var.o(.data)
    OSTaskQty                                0x200000ec   Data           2  os_var.o(.data)
    OSTaskRegNextAvailID                     0x200000ee   Data           1  os_var.o(.data)
    OSTickCtr                                0x200000f0   Data           4  os_var.o(.data)
    OSTickTaskTimeMax                        0x200000f4   Data           4  os_var.o(.data)
    OSTmrDbgListPtr                          0x200000f8   Data           4  os_var.o(.data)
    OSTmrQty                                 0x200000fc   Data           2  os_var.o(.data)
    OSTmrTaskTimeMax                         0x20000100   Data           4  os_var.o(.data)
    OSTmrTickCtr                             0x20000104   Data           4  os_var.o(.data)
    OSTmrUpdateCnt                           0x20000108   Data           4  os_var.o(.data)
    OSTmrUpdateCtr                           0x2000010c   Data           4  os_var.o(.data)
    OSTCBCurPtr                              0x20000110   Data           4  os_var.o(.data)
    OSTCBHighRdyPtr                          0x20000114   Data           4  os_var.o(.data)
    OS_CPU_ExceptStkBase                     0x20000118   Data           4  os_cpu_c.o(.data)
    StartTaskTCB                             0x20000120   Data         196  main.o(.bss)
    START_TASK_STK                           0x200001e4   Data        2048  main.o(.bss)
    Led0TaskTCB                              0x200009e4   Data         196  main.o(.bss)
    LED0_TASK_STK                            0x20000aa8   Data         512  main.o(.bss)
    Led1TaskTCB                              0x20000ca8   Data         196  main.o(.bss)
    LED1_TASK_STK                            0x20000d6c   Data         512  main.o(.bss)
    FloatTaskTCB                             0x20000f6c   Data         196  main.o(.bss)
    FLOAT_TASK_STK                           0x20001030   Data         512  main.o(.bss)
    AdcTaskTCB                               0x20001230   Data         196  main.o(.bss)
    ADC_TASK_STK                             0x200012f8   Data         512  main.o(.bss)
    KeyTaskTCB                               0x200014f8   Data         196  main.o(.bss)
    KEY_TASK_STK                             0x200015c0   Data         512  main.o(.bss)
    PwmTaskTCB                               0x200017c0   Data         196  main.o(.bss)
    PWM_TASK_STK                             0x20001888   Data         512  main.o(.bss)
    TIM5_ICInitStructure                     0x20001a88   Data          10  timer.o(.bss)
    USART_RX_BUF                             0x20001a92   Data         200  usart.o(.bss)
    CPU_Name                                 0x20001b5a   Data          16  cpu_core.o(.bss)
    Mem_PoolHeap                             0x20001b6c   Data          72  lib_mem.o(.bss)
    Mem_Heap                                 0x20001bb4   Data        1024  lib_mem.o(.bss)
    OSCfg_IdleTaskStk                        0x20001fb4   Data         512  os_cfg_app.o(.bss)
    OSCfg_IntQ                               0x200021b4   Data         320  os_cfg_app.o(.bss)
    OSCfg_IntQTaskStk                        0x200022f4   Data         512  os_cfg_app.o(.bss)
    OSCfg_ISRStk                             0x200024f4   Data         512  os_cfg_app.o(.bss)
    OSCfg_MsgPool                            0x200026f4   Data        1600  os_cfg_app.o(.bss)
    OSCfg_StatTaskStk                        0x20002d34   Data         512  os_cfg_app.o(.bss)
    OSCfg_TickTaskStk                        0x20002f34   Data         512  os_cfg_app.o(.bss)
    OSCfg_TickWheel                          0x20003134   Data         136  os_cfg_app.o(.bss)
    OSCfg_TmrTaskStk                         0x200031bc   Data         512  os_cfg_app.o(.bss)
    OSCfg_TmrWheel                           0x200033bc   Data         136  os_cfg_app.o(.bss)
    OSIdleTaskTCB                            0x20003444   Data         196  os_var.o(.bss)
    OSIntQTaskTCB                            0x20003508   Data         196  os_var.o(.bss)
    OSMsgPool                                0x200035cc   Data          12  os_var.o(.bss)
    OSRdyList                                0x200035d8   Data         768  os_var.o(.bss)
    OSStatTaskTCB                            0x200038d8   Data         196  os_var.o(.bss)
    OSTickTaskTCB                            0x2000399c   Data         196  os_var.o(.bss)
    OSTmrTaskTCB                             0x20003a60   Data         196  os_var.o(.bss)
    __libspace_start                         0x20003b24   Data          96  libspace.o(.bss)
    __temporary_stack_top$libspace           0x20003b84   Data           0  libspace.o(.bss)



==============================================================================

Memory Map of the image

  Image Entry point : 0x08000131

  Load Region LR_IROM1 (Base: 0x08000000, Size: 0x0000dfa0, Max: 0x00080000, ABSOLUTE)

    Execution Region ER_IROM1 (Base: 0x08000000, Size: 0x0000de84, Max: 0x00080000, ABSOLUTE)

    Base Addr    Size         Type   Attr      Idx    E Section Name        Object

    0x08000000   0x00000130   Data   RO          373    RESET               startup_stm32f10x_hd.o
    0x08000130   0x00000008   Code   RO          921  * !!!main             c_w.l(__main.o)
    0x08000138   0x00000034   Code   RO         1158    !!!scatter          c_w.l(__scatter.o)
    0x0800016c   0x0000001a   Code   RO         1160    !!handler_copy      c_w.l(__scatter_copy.o)
    0x08000186   0x00000002   PAD
    0x08000188   0x0000001c   Code   RO         1162    !!handler_zi        c_w.l(__scatter_zi.o)
    0x080001a4   0x00000000   Code   RO          916    .ARM.Collect$$_printf_percent$$00000000  c_w.l(_printf_percent.o)
    0x080001a4   0x00000006   Code   RO          915    .ARM.Collect$$_printf_percent$$00000003  c_w.l(_printf_f.o)
    0x080001aa   0x00000006   Code   RO          914    .ARM.Collect$$_printf_percent$$0000000C  c_w.l(_printf_x.o)
    0x080001b0   0x00000004   Code   RO          946    .ARM.Collect$$_printf_percent$$00000017  c_w.l(_printf_percent_end.o)
    0x080001b4   0x00000002   Code   RO         1038    .ARM.Collect$$libinit$$00000000  c_w.l(libinit.o)
    0x080001b6   0x00000000   Code   RO         1040    .ARM.Collect$$libinit$$00000002  c_w.l(libinit2.o)
    0x080001b6   0x00000000   Code   RO         1043    .ARM.Collect$$libinit$$00000008  c_w.l(libinit2.o)
    0x080001b6   0x00000000   Code   RO         1045    .ARM.Collect$$libinit$$0000000A  c_w.l(libinit2.o)
    0x080001b6   0x00000000   Code   RO         1047    .ARM.Collect$$libinit$$0000000C  c_w.l(libinit2.o)
    0x080001b6   0x00000006   Code   RO         1048    .ARM.Collect$$libinit$$0000000D  c_w.l(libinit2.o)
    0x080001bc   0x00000000   Code   RO         1050    .ARM.Collect$$libinit$$0000000F  c_w.l(libinit2.o)
    0x080001bc   0x00000000   Code   RO         1052    .ARM.Collect$$libinit$$00000011  c_w.l(libinit2.o)
    0x080001bc   0x00000000   Code   RO         1054    .ARM.Collect$$libinit$$00000013  c_w.l(libinit2.o)
    0x080001bc   0x0000000a   Code   RO         1055    .ARM.Collect$$libinit$$00000014  c_w.l(libinit2.o)
    0x080001c6   0x00000000   Code   RO         1056    .ARM.Collect$$libinit$$00000015  c_w.l(libinit2.o)
    0x080001c6   0x00000000   Code   RO         1058    .ARM.Collect$$libinit$$00000017  c_w.l(libinit2.o)
    0x080001c6   0x00000000   Code   RO         1060    .ARM.Collect$$libinit$$00000019  c_w.l(libinit2.o)
    0x080001c6   0x00000000   Code   RO         1062    .ARM.Collect$$libinit$$0000001B  c_w.l(libinit2.o)
    0x080001c6   0x00000000   Code   RO         1064    .ARM.Collect$$libinit$$0000001D  c_w.l(libinit2.o)
    0x080001c6   0x00000000   Code   RO         1066    .ARM.Collect$$libinit$$0000001F  c_w.l(libinit2.o)
    0x080001c6   0x00000000   Code   RO         1068    .ARM.Collect$$libinit$$00000021  c_w.l(libinit2.o)
    0x080001c6   0x00000000   Code   RO         1070    .ARM.Collect$$libinit$$00000023  c_w.l(libinit2.o)
    0x080001c6   0x00000000   Code   RO         1074    .ARM.Collect$$libinit$$0000002A  c_w.l(libinit2.o)
    0x080001c6   0x00000000   Code   RO         1076    .ARM.Collect$$libinit$$0000002C  c_w.l(libinit2.o)
    0x080001c6   0x00000000   Code   RO         1078    .ARM.Collect$$libinit$$0000002E  c_w.l(libinit2.o)
    0x080001c6   0x00000000   Code   RO         1080    .ARM.Collect$$libinit$$00000030  c_w.l(libinit2.o)
    0x080001c6   0x00000002   Code   RO         1081    .ARM.Collect$$libinit$$00000031  c_w.l(libinit2.o)
    0x080001c8   0x00000002   Code   RO         1123    .ARM.Collect$$libshutdown$$00000000  c_w.l(libshutdown.o)
    0x080001ca   0x00000000   Code   RO         1143    .ARM.Collect$$libshutdown$$00000003  c_w.l(libshutdown2.o)
    0x080001ca   0x00000000   Code   RO         1146    .ARM.Collect$$libshutdown$$00000006  c_w.l(libshutdown2.o)
    0x080001ca   0x00000000   Code   RO         1149    .ARM.Collect$$libshutdown$$00000009  c_w.l(libshutdown2.o)
    0x080001ca   0x00000000   Code   RO         1151    .ARM.Collect$$libshutdown$$0000000B  c_w.l(libshutdown2.o)
    0x080001ca   0x00000000   Code   RO         1154    .ARM.Collect$$libshutdown$$0000000E  c_w.l(libshutdown2.o)
    0x080001ca   0x00000002   Code   RO         1155    .ARM.Collect$$libshutdown$$0000000F  c_w.l(libshutdown2.o)
    0x080001cc   0x00000000   Code   RO          935    .ARM.Collect$$rtentry$$00000000  c_w.l(rtentry.o)
    0x080001cc   0x00000000   Code   RO          955    .ARM.Collect$$rtentry$$00000002  c_w.l(rtentry2.o)
    0x080001cc   0x00000006   Code   RO          967    .ARM.Collect$$rtentry$$00000004  c_w.l(rtentry4.o)
    0x080001d2   0x00000000   Code   RO          957    .ARM.Collect$$rtentry$$00000009  c_w.l(rtentry2.o)
    0x080001d2   0x00000004   Code   RO          958    .ARM.Collect$$rtentry$$0000000A  c_w.l(rtentry2.o)
    0x080001d6   0x00000000   Code   RO          960    .ARM.Collect$$rtentry$$0000000C  c_w.l(rtentry2.o)
    0x080001d6   0x00000008   Code   RO          961    .ARM.Collect$$rtentry$$0000000D  c_w.l(rtentry2.o)
    0x080001de   0x00000002   Code   RO         1082    .ARM.Collect$$rtexit$$00000000  c_w.l(rtexit.o)
    0x080001e0   0x00000000   Code   RO         1095    .ARM.Collect$$rtexit$$00000002  c_w.l(rtexit2.o)
    0x080001e0   0x00000004   Code   RO         1096    .ARM.Collect$$rtexit$$00000003  c_w.l(rtexit2.o)
    0x080001e4   0x00000006   Code   RO         1097    .ARM.Collect$$rtexit$$00000004  c_w.l(rtexit2.o)
    0x080001ea   0x00000002   PAD
    0x080001ec   0x000004bc   Code   RO            1    .text               main.o
    0x080006a8   0x00000016   Code   RO          157    .text               stm32f10x_it.o
    0x080006be   0x00000002   PAD
    0x080006c0   0x000001dc   Code   RO          192    .text               system_stm32f10x.o
    0x0800089c   0x00000034   Code   RO          210    .text               led.o
    0x080008d0   0x000000b4   Code   RO          222    .text               key.o
    0x08000984   0x000000e8   Code   RO          235    .text               adc.o
    0x08000a6c   0x00000308   Code   RO          247    .text               timer.o
    0x08000d74   0x0000014c   Code   RO          295    .text               delay.o
    0x08000ec0   0x0000014c   Code   RO          326    .text               usart.o
    0x0800100c   0x00000040   Code   RO          374    .text               startup_stm32f10x_hd.o
    0x0800104c   0x000000dc   Code   RO          378    .text               misc.o
    0x08001128   0x00000358   Code   RO          390    .text               stm32f10x_gpio.o
    0x08001480   0x00000408   Code   RO          402    .text               stm32f10x_usart.o
    0x08001888   0x000003a4   Code   RO          414    .text               stm32f10x_rcc.o
    0x08001c2c   0x0000044e   Code   RO          428    .text               stm32f10x_adc.o
    0x0800207a   0x00000002   PAD
    0x0800207c   0x00000e1a   Code   RO          440    .text               stm32f10x_tim.o
    0x08002e96   0x00000002   PAD
    0x08002e98   0x00000084   Code   RO          464    .text               bsp.o
    0x08002f1c   0x000002b0   Code   RO          479    .text               cpu_core.o
    0x080031cc   0x00000034   Code   RO          517    .text               cpu_a.o
    0x08003200   0x00000256   Code   RO          520    .text               lib_ascii.o
    0x08003456   0x00000002   PAD
    0x08003458   0x000009c6   Code   RO          553    .text               lib_mem.o
    0x08003e1e   0x00000002   PAD
    0x08003e20   0x0000092c   Code   RO          572    .text               lib_str.o
    0x0800474c   0x00000220   Code   RO          589    .text               lib_mem_a.o
    0x0800496c   0x000000fc   Code   RO          592    .text               os_cfg_app.o
    0x08004a68   0x00000e20   Code   RO          615    .text               os_core.o
    0x08005888   0x000001b0   Code   RO          627    .text               os_dbg.o
    0x08005a38   0x00000e34   Code   RO          642    .text               os_flag.o
    0x0800686c   0x00000438   Code   RO          654    .text               os_int.o
    0x08006ca4   0x00000238   Code   RO          666    .text               os_mem.o
    0x08006edc   0x00000228   Code   RO          678    .text               os_msg.o
    0x08007104   0x00000ad4   Code   RO          690    .text               os_mutex.o
    0x08007bd8   0x0000007c   Code   RO          708    .text               os_prio.o
    0x08007c54   0x000008d4   Code   RO          727    .text               os_q.o
    0x08008528   0x00000830   Code   RO          739    .text               os_sem.o
    0x08008d58   0x00000640   Code   RO          751    .text               os_stat.o
    0x08009398   0x00001bb0   Code   RO          763    .text               os_task.o
    0x0800af48   0x00000508   Code   RO          775    .text               os_tick.o
    0x0800b450   0x00000564   Code   RO          787    .text               os_time.o
    0x0800b9b4   0x00000818   Code   RO          799    .text               os_tmr.o
    0x0800c1cc   0x0000026c   Code   RO          828    .text               os_cpu_c.o
    0x0800c438   0x00000002   Code   RO          863    .text               c_w.l(use_no_semi_2.o)
    0x0800c43a   0x000000ee   Code   RO          865    .text               c_w.l(lludivv7m.o)
    0x0800c528   0x00000018   Code   RO          869    .text               c_w.l(noretval__2printf.o)
    0x0800c540   0x0000005c   Code   RO          876    .text               c_w.l(_printf_hex_int.o)
    0x0800c59c   0x0000010e   Code   RO          902    .text               c_w.l(__printf_wp.o)
    0x0800c6aa   0x00000006   Code   RO          919    .text               c_w.l(heapauxi.o)
    0x0800c6b0   0x00000002   Code   RO          933    .text               c_w.l(use_no_semi.o)
    0x0800c6b2   0x000000b8   Code   RO          940    .text               c_w.l(_printf_intcommon.o)
    0x0800c76a   0x00000420   Code   RO          942    .text               c_w.l(_printf_fp_dec.o)
    0x0800cb8a   0x00000002   PAD
    0x0800cb8c   0x00000024   Code   RO          944    .text               c_w.l(_printf_char_file.o)
    0x0800cbb0   0x00000008   Code   RO          974    .text               c_w.l(rt_locale_intlibspace.o)
    0x0800cbb8   0x0000008a   Code   RO          976    .text               c_w.l(lludiv10.o)
    0x0800cc42   0x00000002   PAD
    0x0800cc44   0x00000030   Code   RO          978    .text               c_w.l(_printf_char_common.o)
    0x0800cc74   0x00000080   Code   RO          980    .text               c_w.l(_printf_fp_infnan.o)
    0x0800ccf4   0x000000e4   Code   RO          982    .text               c_w.l(bigflt0.o)
    0x0800cdd8   0x00000008   Code   RO         1007    .text               c_w.l(ferror.o)
    0x0800cde0   0x00000008   Code   RO         1018    .text               c_w.l(libspace.o)
    0x0800cde8   0x0000004a   Code   RO         1021    .text               c_w.l(sys_stackheap_outer.o)
    0x0800ce32   0x0000000c   Code   RO         1025    .text               c_w.l(exit.o)
    0x0800ce3e   0x00000002   PAD
    0x0800ce40   0x00000080   Code   RO         1031    .text               c_w.l(strcmpv7m.o)
    0x0800cec0   0x0000003e   Code   RO          985    CL$$btod_d2e        c_w.l(btod.o)
    0x0800cefe   0x00000046   Code   RO          987    CL$$btod_d2e_denorm_low  c_w.l(btod.o)
    0x0800cf44   0x00000060   Code   RO          986    CL$$btod_d2e_norm_op1  c_w.l(btod.o)
    0x0800cfa4   0x00000338   Code   RO          995    CL$$btod_div_common  c_w.l(btod.o)
    0x0800d2dc   0x000000c6   Code   RO          992    CL$$btod_e2e        c_w.l(btod.o)
    0x0800d3a2   0x00000028   Code   RO          989    CL$$btod_ediv       c_w.l(btod.o)
    0x0800d3ca   0x00000028   Code   RO          988    CL$$btod_emul       c_w.l(btod.o)
    0x0800d3f2   0x00000244   Code   RO          994    CL$$btod_mult_common  c_w.l(btod.o)
    0x0800d636   0x00000002   PAD
    0x0800d638   0x00000098   Code   RO          825    CODE                os_cpu_a.o
    0x0800d6d0   0x00000028   Code   RO         1016    i.__ARM_fpclassify  m_ws.l(fpclassify.o)
    0x0800d6f8   0x0000000e   Code   RO          904    i._is_digit         c_w.l(__printf_wp.o)
    0x0800d706   0x00000002   PAD
    0x0800d708   0x0000002c   Code   RO         1012    locale$$code        c_w.l(lc_numeric_c.o)
    0x0800d734   0x0000000c   Code   RO          947    x$fpl$dretinf       fz_ws.l(dretinf.o)
    0x0800d740   0x00000056   Code   RO          923    x$fpl$f2d           fz_ws.l(f2d.o)
    0x0800d796   0x00000002   PAD
    0x0800d798   0x000000c4   Code   RO          925    x$fpl$fadd          fz_ws.l(faddsub_clz.o)
    0x0800d85c   0x0000008c   Code   RO          949    x$fpl$fnaninf       fz_ws.l(fnaninf.o)
    0x0800d8e8   0x0000000a   Code   RO          951    x$fpl$fretinf       fz_ws.l(fretinf.o)
    0x0800d8f2   0x00000002   PAD
    0x0800d8f4   0x000000ea   Code   RO          927    x$fpl$fsub          fz_ws.l(faddsub_clz.o)
    0x0800d9de   0x00000004   Code   RO          931    x$fpl$printf1       fz_ws.l(printf1.o)
    0x0800d9e2   0x00000000   Code   RO          953    x$fpl$usenofp       fz_ws.l(usenofp.o)
    0x0800d9e2   0x00000002   PAD
    0x0800d9e4   0x00000104   Data   RO          481    .constdata          cpu_core.o
    0x0800dae8   0x00000094   Data   RO          573    .constdata          lib_str.o
    0x0800db7c   0x000000a4   Data   RO          594    .constdata          os_cfg_app.o
    0x0800dc20   0x0000016c   Data   RO          628    .constdata          os_dbg.o
    0x0800dd8c   0x00000028   Data   RO          877    .constdata          c_w.l(_printf_hex_int.o)
    0x0800ddb4   0x00000094   Data   RO          983    .constdata          c_w.l(bigflt0.o)
    0x0800de48   0x00000020   Data   RO         1156    Region$$Table       anon$$obj.o
    0x0800de68   0x0000001c   Data   RO         1011    locale$$data        c_w.l(lc_numeric_c.o)


    Execution Region RW_IRAM1 (Base: 0x20000000, Size: 0x00004588, Max: 0x00010000, ABSOLUTE)

    Base Addr    Size         Type   Attr      Idx    E Section Name        Object

    0x20000000   0x00000004   Data   RW            3    .data               main.o
    0x20000004   0x00000014   Data   RW          193    .data               system_stm32f10x.o
    0x20000018   0x00000001   Data   RW          223    .data               key.o
    0x20000019   0x00000001   PAD
    0x2000001a   0x00000004   Data   RW          249    .data               timer.o
    0x2000001e   0x00000004   Data   RW          296    .data               delay.o
    0x20000022   0x00000002   PAD
    0x20000024   0x00000008   Data   RW          328    .data               usart.o
    0x2000002c   0x00000014   Data   RW          415    .data               stm32f10x_rcc.o
    0x20000040   0x00000004   Data   RW          482    .data               cpu_core.o
    0x20000044   0x00000004   Data   RW          555    .data               lib_mem.o
    0x20000048   0x00000008   Data   RW          709    .data               os_prio.o
    0x20000050   0x000000c8   Data   RW          812    .data               os_var.o
    0x20000118   0x00000004   Data   RW          829    .data               os_cpu_c.o
    0x2000011c   0x00000004   PAD
    0x20000120   0x00001968   Zero   RW            2    .bss                main.o
    0x20001a88   0x0000000a   Zero   RW          248    .bss                timer.o
    0x20001a92   0x000000c8   Zero   RW          327    .bss                usart.o
    0x20001b5a   0x00000010   Zero   RW          480    .bss                cpu_core.o
    0x20001b6a   0x00000002   PAD
    0x20001b6c   0x00000448   Zero   RW          554    .bss                lib_mem.o
    0x20001fb4   0x00001490   Zero   RW          593    .bss                os_cfg_app.o
    0x20003444   0x000006e0   Zero   RW          811    .bss                os_var.o
    0x20003b24   0x00000060   Zero   RW         1019    .bss                c_w.l(libspace.o)
    0x20003b84   0x00000004   PAD
    0x20003b88   0x00000200   Zero   RW          372    HEAP                startup_stm32f10x_hd.o
    0x20003d88   0x00000800   Zero   RW          371    STACK               startup_stm32f10x_hd.o


==============================================================================

Image component sizes


      Code (inc. data)   RO Data    RW Data    ZI Data      Debug   Object Name

       232          8          0          0          0       1011   adc.o
       132         12          0          0          0       1083   bsp.o
        52          0          0          0          0        280   cpu_a.o
       688         12        260          4         16      13999   cpu_core.o
       332         28          0          4          0       1673   delay.o
       180         10          0          1          0        732   key.o
        52          6          0          0          0        427   led.o
       598          0          0          0          0       3640   lib_ascii.o
      2502         32          0          4       1096      21516   lib_mem.o
       544          0          0          0          0        428   lib_mem_a.o
      2348          6        148          0          0      12890   lib_str.o
      1212        214          0          4       6504     304042   main.o
       220         20          0          0          0       1713   misc.o
       252        166        164          0       5264      20682   os_cfg_app.o
      3616        292          0          0          0      11921   os_core.o
       152         32          0          0          0        336   os_cpu_a.o
       620         66          0          4          0       3529   os_cpu_c.o
       432        286        364          0          0       4581   os_dbg.o
      3636        110          0          0          0       7579   os_flag.o
      1080        146          0          0          0       2156   os_int.o
       568         20          0          0          0       2556   os_mem.o
       552         12          0          0          0       2619   os_msg.o
      2772        114          0          0          0       5278   os_mutex.o
       124          4          0          8          0       1584   os_prio.o
      2260         74          0          0          0       5956   os_q.o
      2096         70          0          0          0       5968   os_sem.o
      1600        182          0          0          0       2661   os_stat.o
      7088        270          0          0          0      13330   os_task.o
      1288         90          0          0          0       3113   os_tick.o
      1380         46          0          0          0       3053   os_time.o
      2072        140          0          0          0       6154   os_tmr.o
         0          0          0        200       1760      19245   os_var.o
        64         26        304          0       2560        736   startup_stm32f10x_hd.o
      1102         26          0          0          0      10745   stm32f10x_adc.o
       856         40          0          0          0       5561   stm32f10x_gpio.o
        22          0          0          0          0        939   stm32f10x_it.o
       932         44          0         20          0       8676   stm32f10x_rcc.o
      3610         88          0          0          0      22044   stm32f10x_tim.o
      1032         22          0          0          0       8280   stm32f10x_usart.o
         0          0          0          0          0         32   sys.o
       476         36          0         20          0       1563   system_stm32f10x.o
       776         38          0          4         10       2425   timer.o
       332         16          0          8        200       2954   usart.o

    ----------------------------------------------------------------------
     49892       2804       1272        284      17416     549690   Object Totals
         0          0         32          0          0          0   (incl. Generated)
        10          0          0          3          6          0   (incl. Padding)

    ----------------------------------------------------------------------

      Code (inc. data)   RO Data    RW Data    ZI Data      Debug   Library Member Name

         8          0          0          0          0         68   __main.o
       284          0          0          0          0        156   __printf_wp.o
        52          8          0          0          0          0   __scatter.o
        26          0          0          0          0          0   __scatter_copy.o
        28          0          0          0          0          0   __scatter_zi.o
        48          6          0          0          0         96   _printf_char_common.o
        36          4          0          0          0         80   _printf_char_file.o
         6          0          0          0          0          0   _printf_f.o
      1056          0          0          0          0        216   _printf_fp_dec.o
       128         16          0          0          0         84   _printf_fp_infnan.o
        92          4         40          0          0         88   _printf_hex_int.o
       184          0          0          0          0         88   _printf_intcommon.o
         0          0          0          0          0          0   _printf_percent.o
         4          0          0          0          0          0   _printf_percent_end.o
         6          0          0          0          0          0   _printf_x.o
       228          6        148          0          0         96   bigflt0.o
      1910        128          0          0          0        672   btod.o
        12          0          0          0          0         72   exit.o
         8          0          0          0          0         68   ferror.o
         6          0          0          0          0        152   heapauxi.o
        44         10         28          0          0         76   lc_numeric_c.o
         2          0          0          0          0          0   libinit.o
        18          0          0          0          0          0   libinit2.o
         2          0          0          0          0          0   libshutdown.o
         2          0          0          0          0          0   libshutdown2.o
         8          4          0          0         96         68   libspace.o
       138          0          0          0          0         80   lludiv10.o
       238          0          0          0          0        100   lludivv7m.o
        24          4          0          0          0         84   noretval__2printf.o
         8          4          0          0          0         68   rt_locale_intlibspace.o
         0          0          0          0          0          0   rtentry.o
        12          0          0          0          0          0   rtentry2.o
         6          0          0          0          0          0   rtentry4.o
         2          0          0          0          0          0   rtexit.o
        10          0          0          0          0          0   rtexit2.o
       128          0          0          0          0         68   strcmpv7m.o
        74          0          0          0          0         80   sys_stackheap_outer.o
         2          0          0          0          0         68   use_no_semi.o
         2          0          0          0          0         68   use_no_semi_2.o
        12          0          0          0          0         68   dretinf.o
        86          4          0          0          0         84   f2d.o
       430          8          0          0          0        168   faddsub_clz.o
       140          4          0          0          0         84   fnaninf.o
        10          0          0          0          0         68   fretinf.o
         4          0          0          0          0         68   printf1.o
         0          0          0          0          0          0   usenofp.o
        40          0          0          0          0         68   fpclassify.o

    ----------------------------------------------------------------------
      5584        210        216          0        100       3304   Library Totals
        20          0          0          0          4          0   (incl. Padding)

    ----------------------------------------------------------------------

      Code (inc. data)   RO Data    RW Data    ZI Data      Debug   Library Name

      4842        194        216          0         96       2696   c_w.l
       682         16          0          0          0        540   fz_ws.l
        40          0          0          0          0         68   m_ws.l

    ----------------------------------------------------------------------
      5584        210        216          0        100       3304   Library Totals

    ----------------------------------------------------------------------

==============================================================================


      Code (inc. data)   RO Data    RW Data    ZI Data      Debug   

     55476       3014       1488        284      17516     547274   Grand Totals
     55476       3014       1488        284      17516     547274   ELF Image Totals
     55476       3014       1488        284          0          0   ROM Totals

==============================================================================

    Total RO  Size (Code + RO Data)                56964 (  55.63kB)
    Total RW  Size (RW Data + ZI Data)             17800 (  17.38kB)
    Total ROM Size (Code + RO Data + RW Data)      57248 (  55.91kB)

==============================================================================

