ARM Linker, 5.03 [Build 76] [MDK-ARM Standard]

==============================================================================

Section Cross References

    main.o(.text) refers to _printf_percent.o(.ARM.Collect$$_printf_percent$$00000000) for _printf_percent
    main.o(.text) refers to _printf_x.o(.ARM.Collect$$_printf_percent$$0000000C) for _printf_x
    main.o(.text) refers to _printf_hex_int.o(.text) for _printf_longlong_hex
    main.o(.text) refers to _printf_f.o(.ARM.Collect$$_printf_percent$$00000003) for _printf_f
    main.o(.text) refers to printf1.o(x$fpl$printf1) for _printf_fp_dec
    main.o(.text) refers to oled0561.o(.text) for OLED_DISPLAY_PIC1
    main.o(.text) refers to delay.o(.text) for delay_ms
    main.o(.text) refers to lm75a.o(.text) for LM75A_GetTemp
    main.o(.text) refers to stm32f10x_tim.o(.text) for TIM_SetCompare3
    main.o(.text) refers to key.o(.text) for KEY_Scan
    main.o(.text) refers to adc.o(.text) for Get_Adc_Average
    main.o(.text) refers to noretval__2printf.o(.text) for __2printf
    main.o(.text) refers to os_time.o(.text) for OSTimeDlyHMSM
    main.o(.text) refers to faddsub_clz.o(x$fpl$fadd) for __aeabi_fadd
    main.o(.text) refers to f2d.o(x$fpl$f2d) for __aeabi_f2d
    main.o(.text) refers to cpu_core.o(.text) for CPU_Init
    main.o(.text) refers to os_stat.o(.text) for OSStatTaskCPUUsageInit
    main.o(.text) refers to os_core.o(.text) for OSSchedRoundRobinCfg
    main.o(.text) refers to cpu_a.o(.text) for CPU_SR_Save
    main.o(.text) refers to os_task.o(.text) for OSTaskCreate
    main.o(.text) refers to misc.o(.text) for NVIC_PriorityGroupConfig
    main.o(.text) refers to usart.o(.text) for uart_init
    main.o(.text) refers to led.o(.text) for LED_Init
    main.o(.text) refers to timer.o(.text) for TIM3_PWM_Init
    main.o(.text) refers to i2c.o(.text) for I2C_Configuration
    main.o(.text) refers to main.o(.data) for float_num
    main.o(.text) refers to os_var.o(.data) for OSSchedLockNestingCtr
    main.o(.text) refers to main.o(.bss) for LED1_TASK_STK
    system_stm32f10x.o(.text) refers to system_stm32f10x.o(.data) for SystemCoreClock
    led.o(.text) refers to stm32f10x_rcc.o(.text) for RCC_APB2PeriphClockCmd
    led.o(.text) refers to stm32f10x_gpio.o(.text) for GPIO_Init
    key.o(.text) refers to stm32f10x_rcc.o(.text) for RCC_APB2PeriphClockCmd
    key.o(.text) refers to stm32f10x_gpio.o(.text) for GPIO_Init
    key.o(.text) refers to delay.o(.text) for delay_ms
    key.o(.text) refers to key.o(.data) for key_up
    adc.o(.text) refers to stm32f10x_rcc.o(.text) for RCC_APB2PeriphClockCmd
    adc.o(.text) refers to stm32f10x_gpio.o(.text) for GPIO_Init
    adc.o(.text) refers to stm32f10x_adc.o(.text) for ADC_DeInit
    adc.o(.text) refers to delay.o(.text) for delay_ms
    timer.o(.text) refers to stm32f10x_rcc.o(.text) for RCC_APB1PeriphClockCmd
    timer.o(.text) refers to stm32f10x_tim.o(.text) for TIM_TimeBaseInit
    timer.o(.text) refers to misc.o(.text) for NVIC_Init
    timer.o(.text) refers to stm32f10x_gpio.o(.text) for GPIO_Init
    timer.o(.text) refers to timer.o(.bss) for TIM5_ICInitStructure
    timer.o(.text) refers to timer.o(.data) for TIM5CH1_CAPTURE_STA
    oled0561.o(.text) refers to rt_memcpy_w.o(.text) for __aeabi_memcpy4
    oled0561.o(.text) refers to i2c.o(.text) for I2C_SAND_BUFFER
    oled0561.o(.text) refers to oled0561.o(.constdata) for ASCII_8x16
    lm75a.o(.text) refers to i2c.o(.text) for I2C_READ_BUFFER
    delay.o(.text) refers to os_core.o(.text) for OSSchedLock
    delay.o(.text) refers to os_time.o(.text) for OSTimeDly
    delay.o(.text) refers to misc.o(.text) for SysTick_CLKSourceConfig
    delay.o(.text) refers to os_var.o(.data) for OSRunning
    delay.o(.text) refers to system_stm32f10x.o(.data) for SystemCoreClock
    delay.o(.text) refers to delay.o(.data) for fac_us
    delay.o(.text) refers to os_cfg_app.o(.constdata) for OSCfg_TickRate_Hz
    usart.o(.text) refers (Special) to use_no_semi_2.o(.text) for __use_no_semihosting
    usart.o(.text) refers to stm32f10x_rcc.o(.text) for RCC_APB2PeriphClockCmd
    usart.o(.text) refers to stm32f10x_usart.o(.text) for USART_DeInit
    usart.o(.text) refers to stm32f10x_gpio.o(.text) for GPIO_Init
    usart.o(.text) refers to misc.o(.text) for NVIC_Init
    usart.o(.text) refers to os_core.o(.text) for OSIntEnter
    usart.o(.text) refers to usart.o(.data) for USART_RX_STA
    usart.o(.text) refers to usart.o(.bss) for USART_RX_BUF
    usart.o(.bss) refers (Special) to use_no_semi_2.o(.text) for __use_no_semihosting
    usart.o(.data) refers (Special) to use_no_semi_2.o(.text) for __use_no_semihosting
    i2c.o(.text) refers to stm32f10x_rcc.o(.text) for RCC_APB2PeriphClockCmd
    i2c.o(.text) refers to stm32f10x_gpio.o(.text) for GPIO_Init
    i2c.o(.text) refers to stm32f10x_i2c.o(.text) for I2C_Init
    startup_stm32f10x_hd.o(STACK) refers (Special) to heapauxi.o(.text) for __use_two_region_memory
[...]
    RCC_RTCCLKCmd                            0x08002213   Thumb Code     8  stm32f10x_rcc.o(.text)
    RCC_GetClocksFreq                        0x0800221b   Thumb Code   192  stm32f10x_rcc.o(.text)
    RCC_AHBPeriphClockCmd                    0x080022db   Thumb Code    26  stm32f10x_rcc.o(.text)
    RCC_APB2PeriphClockCmd                   0x080022f5   Thumb Code    26  stm32f10x_rcc.o(.text)
    RCC_APB1PeriphClockCmd                   0x0800230f   Thumb Code    26  stm32f10x_rcc.o(.text)
    RCC_APB2PeriphResetCmd                   0x08002329   Thumb Code    26  stm32f10x_rcc.o(.text)
    RCC_APB1PeriphResetCmd                   0x08002343   Thumb Code    26  stm32f10x_rcc.o(.text)
    RCC_BackupResetCmd                       0x0800235d   Thumb Code     8  stm32f10x_rcc.o(.text)
    RCC_ClockSecuritySystemCmd               0x08002365   Thumb Code     6  stm32f10x_rcc.o(.text)
    RCC_MCOConfig                            0x0800236b   Thumb Code     6  stm32f10x_rcc.o(.text)
    RCC_ClearFlag                            0x08002371   Thumb Code    14  stm32f10x_rcc.o(.text)
    RCC_GetITStatus                          0x0800237f   Thumb Code    20  stm32f10x_rcc.o(.text)
    RCC_ClearITPendingBit                    0x08002393   Thumb Code     6  stm32f10x_rcc.o(.text)
    ADC_DeInit                               0x080023c5   Thumb Code    78  stm32f10x_adc.o(.text)
    ADC_Init                                 0x08002413   Thumb Code    70  stm32f10x_adc.o(.text)
    ADC_StructInit                           0x08002459   Thumb Code    18  stm32f10x_adc.o(.text)
    ADC_Cmd                                  0x0800246b   Thumb Code    22  stm32f10x_adc.o(.text)
    ADC_DMACmd                               0x08002481   Thumb Code    22  stm32f10x_adc.o(.text)
    ADC_ITConfig                             0x08002497   Thumb Code    24  stm32f10x_adc.o(.text)
    ADC_ResetCalibration                     0x080024af   Thumb Code    10  stm32f10x_adc.o(.text)
    ADC_GetResetCalibrationStatus            0x080024b9   Thumb Code    20  stm32f10x_adc.o(.text)
    ADC_StartCalibration                     0x080024cd   Thumb Code    10  stm32f10x_adc.o(.text)
    ADC_GetCalibrationStatus                 0x080024d7   Thumb Code    20  stm32f10x_adc.o(.text)
    ADC_SoftwareStartConvCmd                 0x080024eb   Thumb Code    22  stm32f10x_adc.o(.text)
    ADC_GetSoftwareStartConvStatus           0x08002501   Thumb Code    20  stm32f10x_adc.o(.text)
    ADC_DiscModeChannelCountConfig           0x08002515   Thumb Code    24  stm32f10x_adc.o(.text)
    ADC_DiscModeCmd                          0x0800252d   Thumb Code    22  stm32f10x_adc.o(.text)
    ADC_RegularChannelConfig                 0x08002543   Thumb Code   184  stm32f10x_adc.o(.text)
    ADC_ExternalTrigConvCmd                  0x080025fb   Thumb Code    22  stm32f10x_adc.o(.text)
    ADC_GetConversionValue                   0x08002611   Thumb Code     8  stm32f10x_adc.o(.text)
    ADC_GetDualModeConversionValue           0x08002619   Thumb Code     8  stm32f10x_adc.o(.text)
    ADC_AutoInjectedConvCmd                  0x08002621   Thumb Code    22  stm32f10x_adc.o(.text)
    ADC_InjectedDiscModeCmd                  0x08002637   Thumb Code    22  stm32f10x_adc.o(.text)
    ADC_ExternalTrigInjectedConvConfig       0x0800264d   Thumb Code    16  stm32f10x_adc.o(.text)
    ADC_ExternalTrigInjectedConvCmd          0x0800265d   Thumb Code    22  stm32f10x_adc.o(.text)
    ADC_SoftwareStartInjectedConvCmd         0x08002673   Thumb Code    22  stm32f10x_adc.o(.text)
    ADC_GetSoftwareStartInjectedConvCmdStatus 0x08002689   Thumb Code    20  stm32f10x_adc.o(.text)
    ADC_InjectedChannelConfig                0x0800269d   Thumb Code   130  stm32f10x_adc.o(.text)
    ADC_InjectedSequencerLengthConfig        0x0800271f   Thumb Code    24  stm32f10x_adc.o(.text)
    ADC_SetInjectedOffset                    0x08002737   Thumb Code    20  stm32f10x_adc.o(.text)
    ADC_GetInjectedConversionValue           0x0800274b   Thumb Code    28  stm32f10x_adc.o(.text)
    ADC_AnalogWatchdogCmd                    0x08002767   Thumb Code    16  stm32f10x_adc.o(.text)
    ADC_AnalogWatchdogThresholdsConfig       0x08002777   Thumb Code     6  stm32f10x_adc.o(.text)
    ADC_AnalogWatchdogSingleChannelConfig    0x0800277d   Thumb Code    16  stm32f10x_adc.o(.text)
    ADC_TempSensorVrefintCmd                 0x0800278d   Thumb Code    64  stm32f10x_adc.o(.text)
    ADC_GetFlagStatus                        0x080027cd   Thumb Code    18  stm32f10x_adc.o(.text)
    ADC_ClearFlag                            0x080027df   Thumb Code     6  stm32f10x_adc.o(.text)
    ADC_GetITStatus                          0x080027e5   Thumb Code    36  stm32f10x_adc.o(.text)
    ADC_ClearITPendingBit                    0x08002809   Thumb Code    10  stm32f10x_adc.o(.text)
    TIM_DeInit                               0x08002815   Thumb Code   424  stm32f10x_tim.o(.text)
    TIM_TimeBaseInit                         0x080029bd   Thumb Code   122  stm32f10x_tim.o(.text)
    TIM_OC1Init                              0x08002a37   Thumb Code   132  stm32f10x_tim.o(.text)
    TIM_OC2Init                              0x08002abb   Thumb Code   154  stm32f10x_tim.o(.text)
    TIM_OC3Init                              0x08002b55   Thumb Code   150  stm32f10x_tim.o(.text)
    TIM_OC4Init                              0x08002beb   Thumb Code   182  stm32f10x_tim.o(.text)
    TIM_SetIC4Prescaler                      0x08002ca1   Thumb Code    26  stm32f10x_tim.o(.text)
    TIM_SetIC3Prescaler                      0x08002d3d   Thumb Code    18  stm32f10x_tim.o(.text)
    TIM_SetIC2Prescaler                      0x08002dc9   Thumb Code    26  stm32f10x_tim.o(.text)
    TIM_SetIC1Prescaler                      0x08002e65   Thumb Code    18  stm32f10x_tim.o(.text)
    TIM_ICInit                               0x08002ee3   Thumb Code   150  stm32f10x_tim.o(.text)
    TIM_PWMIConfig                           0x08002f79   Thumb Code   124  stm32f10x_tim.o(.text)
    TIM_BDTRConfig                           0x08002ff5   Thumb Code    32  stm32f10x_tim.o(.text)
    TIM_TimeBaseStructInit                   0x08003015   Thumb Code    18  stm32f10x_tim.o(.text)
    TIM_OCStructInit                         0x08003027   Thumb Code    20  stm32f10x_tim.o(.text)
    TIM_ICStructInit                         0x0800303b   Thumb Code    18  stm32f10x_tim.o(.text)
    TIM_BDTRStructInit                       0x0800304d   Thumb Code    40  stm32f10x_tim.o(.text)
    TIM_Cmd                                  0x08003075   Thumb Code    24  stm32f10x_tim.o(.text)
    TIM_CtrlPWMOutputs                       0x0800308d   Thumb Code    30  stm32f10x_tim.o(.text)
    TIM_ITConfig                             0x080030ab   Thumb Code    18  stm32f10x_tim.o(.text)
    TIM_GenerateEvent                        0x080030bd   Thumb Code     4  stm32f10x_tim.o(.text)
    TIM_DMAConfig                            0x080030c1   Thumb Code    10  stm32f10x_tim.o(.text)
    TIM_DMACmd                               0x080030cb   Thumb Code    18  stm32f10x_tim.o(.text)
    TIM_InternalClockConfig                  0x080030dd   Thumb Code    12  stm32f10x_tim.o(.text)
    TIM_SelectInputTrigger                   0x080030e9   Thumb Code    18  stm32f10x_tim.o(.text)
    TIM_ITRxExternalClockConfig              0x080030fb   Thumb Code    24  stm32f10x_tim.o(.text)
    TIM_TIxExternalClockConfig               0x08003113   Thumb Code    62  stm32f10x_tim.o(.text)
    TIM_ETRConfig                            0x08003151   Thumb Code    28  stm32f10x_tim.o(.text)
    TIM_ETRClockMode1Config                  0x0800316d   Thumb Code    54  stm32f10x_tim.o(.text)
    TIM_ETRClockMode2Config                  0x080031a3   Thumb Code    32  stm32f10x_tim.o(.text)
    TIM_PrescalerConfig                      0x080031c3   Thumb Code     6  stm32f10x_tim.o(.text)
    TIM_CounterModeConfig                    0x080031c9   Thumb Code    18  stm32f10x_tim.o(.text)
    TIM_EncoderInterfaceConfig               0x080031db   Thumb Code    66  stm32f10x_tim.o(.text)
    TIM_ForcedOC1Config                      0x0800321d   Thumb Code    18  stm32f10x_tim.o(.text)
    TIM_ForcedOC2Config                      0x0800322f   Thumb Code    26  stm32f10x_tim.o(.text)
    TIM_ForcedOC3Config                      0x08003249   Thumb Code    18  stm32f10x_tim.o(.text)
    TIM_ForcedOC4Config                      0x0800325b   Thumb Code    26  stm32f10x_tim.o(.text)
    TIM_ARRPreloadConfig                     0x08003275   Thumb Code    24  stm32f10x_tim.o(.text)
    TIM_SelectCOM                            0x0800328d   Thumb Code    24  stm32f10x_tim.o(.text)
    TIM_SelectCCDMA                          0x080032a5   Thumb Code    24  stm32f10x_tim.o(.text)
    TIM_CCPreloadControl                     0x080032bd   Thumb Code    24  stm32f10x_tim.o(.text)
    TIM_OC1PreloadConfig                     0x080032d5   Thumb Code    18  stm32f10x_tim.o(.text)
    TIM_OC2PreloadConfig                     0x080032e7   Thumb Code    26  stm32f10x_tim.o(.text)
    TIM_OC3PreloadConfig                     0x08003301   Thumb Code    18  stm32f10x_tim.o(.text)
    TIM_OC4PreloadConfig                     0x08003313   Thumb Code    26  stm32f10x_tim.o(.text)
    TIM_OC1FastConfig                        0x0800332d   Thumb Code    18  stm32f10x_tim.o(.text)
    TIM_OC2FastConfig                        0x0800333f   Thumb Code    26  stm32f10x_tim.o(.text)
    TIM_OC3FastConfig                        0x08003359   Thumb Code    18  stm32f10x_tim.o(.text)
    TIM_OC4FastConfig                        0x0800336b   Thumb Code    26  stm32f10x_tim.o(.text)
    TIM_ClearOC1Ref                          0x08003385   Thumb Code    18  stm32f10x_tim.o(.text)
    TIM_ClearOC2Ref                          0x08003397   Thumb Code    24  stm32f10x_tim.o(.text)
    TIM_ClearOC3Ref                          0x080033af   Thumb Code    18  stm32f10x_tim.o(.text)
    TIM_ClearOC4Ref                          0x080033c1   Thumb Code    24  stm32f10x_tim.o(.text)
    TIM_OC1PolarityConfig                    0x080033d9   Thumb Code    18  stm32f10x_tim.o(.text)
    TIM_OC1NPolarityConfig                   0x080033eb   Thumb Code    18  stm32f10x_tim.o(.text)
    TIM_OC2PolarityConfig                    0x080033fd   Thumb Code    26  stm32f10x_tim.o(.text)
    TIM_OC2NPolarityConfig                   0x08003417   Thumb Code    26  stm32f10x_tim.o(.text)
    TIM_OC3PolarityConfig                    0x08003431   Thumb Code    26  stm32f10x_tim.o(.text)
    TIM_OC3NPolarityConfig                   0x0800344b   Thumb Code    26  stm32f10x_tim.o(.text)
    TIM_OC4PolarityConfig                    0x08003465   Thumb Code    26  stm32f10x_tim.o(.text)
    TIM_CCxCmd                               0x0800347f   Thumb Code    30  stm32f10x_tim.o(.text)
    TIM_CCxNCmd                              0x0800349d   Thumb Code    30  stm32f10x_tim.o(.text)
    TIM_SelectOCxM                           0x080034bb   Thumb Code    82  stm32f10x_tim.o(.text)
    TIM_UpdateDisableConfig                  0x0800350d   Thumb Code    24  stm32f10x_tim.o(.text)
    TIM_UpdateRequestConfig                  0x08003525   Thumb Code    24  stm32f10x_tim.o(.text)
    TIM_SelectHallSensor                     0x0800353d   Thumb Code    24  stm32f10x_tim.o(.text)
    TIM_SelectOnePulseMode                   0x08003555   Thumb Code    18  stm32f10x_tim.o(.text)
    TIM_SelectOutputTrigger                  0x08003567   Thumb Code    18  stm32f10x_tim.o(.text)
    TIM_SelectSlaveMode                      0x08003579   Thumb Code    18  stm32f10x_tim.o(.text)
    TIM_SelectMasterSlaveMode                0x0800358b   Thumb Code    18  stm32f10x_tim.o(.text)
    TIM_SetCounter                           0x0800359d   Thumb Code     4  stm32f10x_tim.o(.text)
    TIM_SetAutoreload                        0x080035a1   Thumb Code     4  stm32f10x_tim.o(.text)
    TIM_SetCompare1                          0x080035a5   Thumb Code     4  stm32f10x_tim.o(.text)
    TIM_SetCompare2                          0x080035a9   Thumb Code     4  stm32f10x_tim.o(.text)
    TIM_SetCompare3                          0x080035ad   Thumb Code     4  stm32f10x_tim.o(.text)
    TIM_SetCompare4                          0x080035b1   Thumb Code     6  stm32f10x_tim.o(.text)
    TIM_SetClockDivision                     0x080035b7   Thumb Code    18  stm32f10x_tim.o(.text)
    TIM_GetCapture1                          0x080035c9   Thumb Code     6  stm32f10x_tim.o(.text)
    TIM_GetCapture2                          0x080035cf   Thumb Code     6  stm32f10x_tim.o(.text)
    TIM_GetCapture3                          0x080035d5   Thumb Code     6  stm32f10x_tim.o(.text)
    TIM_GetCapture4                          0x080035db   Thumb Code     8  stm32f10x_tim.o(.text)
    TIM_GetCounter                           0x080035e3   Thumb Code     6  stm32f10x_tim.o(.text)
    TIM_GetPrescaler                         0x080035e9   Thumb Code     6  stm32f10x_tim.o(.text)
    TIM_GetFlagStatus                        0x080035ef   Thumb Code    18  stm32f10x_tim.o(.text)
    TIM_ClearFlag                            0x08003601   Thumb Code     6  stm32f10x_tim.o(.text)
    TIM_GetITStatus                          0x08003607   Thumb Code    34  stm32f10x_tim.o(.text)
    TIM_ClearITPendingBit                    0x08003629   Thumb Code     6  stm32f10x_tim.o(.text)
    I2C_DeInit                               0x08003631   Thumb Code    50  stm32f10x_i2c.o(.text)
    I2C_Init                                 0x08003663   Thumb Code   222  stm32f10x_i2c.o(.text)
    I2C_StructInit                           0x08003741   Thumb Code    30  stm32f10x_i2c.o(.text)
    I2C_Cmd                                  0x0800375f   Thumb Code    24  stm32f10x_i2c.o(.text)
    I2C_DMACmd                               0x08003777   Thumb Code    24  stm32f10x_i2c.o(.text)
    I2C_DMALastTransferCmd                   0x0800378f   Thumb Code    24  stm32f10x_i2c.o(.text)
    I2C_GenerateSTART                        0x080037a7   Thumb Code    24  stm32f10x_i2c.o(.text)
    I2C_GenerateSTOP                         0x080037bf   Thumb Code    24  stm32f10x_i2c.o(.text)
    I2C_AcknowledgeConfig                    0x080037d7   Thumb Code    24  stm32f10x_i2c.o(.text)
    I2C_OwnAddress2Config                    0x080037ef   Thumb Code    22  stm32f10x_i2c.o(.text)
    I2C_DualAddressCmd                       0x08003805   Thumb Code    24  stm32f10x_i2c.o(.text)
    I2C_GeneralCallCmd                       0x0800381d   Thumb Code    24  stm32f10x_i2c.o(.text)
    I2C_ITConfig                             0x08003835   Thumb Code    18  stm32f10x_i2c.o(.text)
    I2C_SendData                             0x08003847   Thumb Code     4  stm32f10x_i2c.o(.text)
    I2C_ReceiveData                          0x0800384b   Thumb Code     8  stm32f10x_i2c.o(.text)
    I2C_Send7bitAddress                      0x08003853   Thumb Code    18  stm32f10x_i2c.o(.text)
    I2C_ReadRegister                         0x08003865   Thumb Code    22  stm32f10x_i2c.o(.text)
    I2C_SoftwareResetCmd                     0x0800387b   Thumb Code    22  stm32f10x_i2c.o(.text)
    I2C_NACKPositionConfig                   0x08003891   Thumb Code    28  stm32f10x_i2c.o(.text)
    I2C_SMBusAlertConfig                     0x080038ad   Thumb Code    28  stm32f10x_i2c.o(.text)
    I2C_TransmitPEC                          0x080038c9   Thumb Code    24  stm32f10x_i2c.o(.text)
    I2C_PECPositionConfig                    0x080038e1   Thumb Code    28  stm32f10x_i2c.o(.text)
    I2C_CalculatePEC                         0x080038fd   Thumb Code    24  stm32f10x_i2c.o(.text)
    I2C_GetPEC                               0x08003915   Thumb Code     8  stm32f10x_i2c.o(.text)
    I2C_ARPCmd                               0x0800391d   Thumb Code    24  stm32f10x_i2c.o(.text)
    I2C_StretchClockCmd                      0x08003935   Thumb Code    24  stm32f10x_i2c.o(.text)
    I2C_FastModeDutyCycleConfig              0x0800394d   Thumb Code    28  stm32f10x_i2c.o(.text)
    I2C_CheckEvent                           0x08003969   Thumb Code    42  stm32f10x_i2c.o(.text)
    I2C_GetLastEvent                         0x08003993   Thumb Code    26  stm32f10x_i2c.o(.text)
    I2C_GetFlagStatus                        0x080039ad   Thumb Code    58  stm32f10x_i2c.o(.text)
    I2C_ClearFlag                            0x080039e7   Thumb Code    12  stm32f10x_i2c.o(.text)
    I2C_GetITStatus                          0x080039f3   Thumb Code    54  stm32f10x_i2c.o(.text)
    I2C_ClearITPendingBit                    0x08003a29   Thumb Code    12  stm32f10x_i2c.o(.text)
    BSP_CPU_ClkFreq                          0x08003a35   Thumb Code    16  bsp.o(.text)
    CPU_TS_TmrInit                           0x08003a45   Thumb Code    44  bsp.o(.text)
    CPU_TS_TmrRd                             0x08003a71   Thumb Code     6  bsp.o(.text)
    CPU_TS32_to_uSec                         0x08003a77   Thumb Code    54  bsp.o(.text)
    CPU_NameClr                              0x08003ab9   Thumb Code    42  cpu_core.o(.text)
    CPU_Init                                 0x08003af9   Thumb Code    12  cpu_core.o(.text)
    CPU_SW_Exception                         0x08003b05   Thumb Code     4  cpu_core.o(.text)
    CPU_NameGet                              0x08003b09   Thumb Code    70  cpu_core.o(.text)
    CPU_NameSet                              0x08003b4f   Thumb Code    96  cpu_core.o(.text)
    CPU_TS_Get32                             0x08003baf   Thumb Code    12  cpu_core.o(.text)
    CPU_TS_Update                            0x08003bbb   Thumb Code     2  cpu_core.o(.text)
    CPU_TS_TmrFreqGet                        0x08003bbd   Thumb Code    30  cpu_core.o(.text)
    CPU_TS_TmrFreqSet                        0x08003bdb   Thumb Code     6  cpu_core.o(.text)
    CPU_CntLeadZeros08                       0x08003be1   Thumb Code    18  cpu_core.o(.text)
    CPU_CntLeadZeros16                       0x08003bf3   Thumb Code    18  cpu_core.o(.text)
    CPU_CntLeadZeros32                       0x08003c05   Thumb Code    18  cpu_core.o(.text)
    CPU_CntLeadZeros64                       0x08003c17   Thumb Code   194  cpu_core.o(.text)
    CPU_CntTrailZeros08                      0x08003cd9   Thumb Code    22  cpu_core.o(.text)
    CPU_CntTrailZeros16                      0x08003cef   Thumb Code    22  cpu_core.o(.text)
    CPU_CntTrailZeros32                      0x08003d05   Thumb Code    22  cpu_core.o(.text)
    CPU_CntTrailZeros64                      0x08003d1b   Thumb Code    66  cpu_core.o(.text)
    CPU_IntDis                               0x08003d69   Thumb Code     0  cpu_a.o(.text)
    CPU_IntEn                                0x08003d6d   Thumb Code     0  cpu_a.o(.text)
    CPU_SR_Save                              0x08003d71   Thumb Code     0  cpu_a.o(.text)
    CPU_SR_Restore                           0x08003d79   Thumb Code     0  cpu_a.o(.text)
    CPU_WaitForInt                           0x08003d7f   Thumb Code     0  cpu_a.o(.text)
    CPU_WaitForExcept                        0x08003d83   Thumb Code     0  cpu_a.o(.text)
    CPU_CntLeadZeros                         0x08003d87   Thumb Code     0  cpu_a.o(.text)
    CPU_CntTrailZeros                        0x08003d8d   Thumb Code     0  cpu_a.o(.text)
    CPU_RevBits                              0x08003d97   Thumb Code     0  cpu_a.o(.text)
    ASCII_IsAlpha                            0x08003d9d   Thumb Code    48  lib_ascii.o(.text)
    ASCII_IsAlphaNum                         0x08003dcd   Thumb Code    76  lib_ascii.o(.text)
    ASCII_IsLower                            0x08003e19   Thumb Code    20  lib_ascii.o(.text)
    ASCII_IsUpper                            0x08003e2d   Thumb Code    20  lib_ascii.o(.text)
    ASCII_IsDig                              0x08003e41   Thumb Code    20  lib_ascii.o(.text)
    ASCII_IsDigOct                           0x08003e55   Thumb Code    20  lib_ascii.o(.text)
    ASCII_IsDigHex                           0x08003e69   Thumb Code    36  lib_ascii.o(.text)
    ASCII_IsBlank                            0x08003e8d   Thumb Code    20  lib_ascii.o(.text)
    ASCII_IsSpace                            0x08003ea1   Thumb Code    36  lib_ascii.o(.text)
    ASCII_IsPrint                            0x08003ec5   Thumb Code    20  lib_ascii.o(.text)
    ASCII_IsGraph                            0x08003ed9   Thumb Code    20  lib_ascii.o(.text)
    ASCII_IsPunct                            0x08003eed   Thumb Code   134  lib_ascii.o(.text)
    ASCII_IsCtrl                             0x08003f73   Thumb Code    26  lib_ascii.o(.text)
    ASCII_ToLower                            0x08003f8d   Thumb Code    32  lib_ascii.o(.text)
    ASCII_ToUpper                            0x08003fad   Thumb Code    32  lib_ascii.o(.text)
    ASCII_Cmp                                0x08003fcd   Thumb Code    38  lib_ascii.o(.text)
    Mem_Init                                 0x08003ff5   Thumb Code    54  lib_mem.o(.text)
    Mem_Set                                  0x0800402b   Thumb Code    84  lib_mem.o(.text)
    Mem_Clr                                  0x0800407f   Thumb Code    18  lib_mem.o(.text)
    Mem_Move                                 0x08004091   Thumb Code   186  lib_mem.o(.text)
    Mem_Cmp                                  0x0800414b   Thumb Code   192  lib_mem.o(.text)
    Mem_HeapAlloc                            0x08004283   Thumb Code   168  lib_mem.o(.text)
    Mem_SegGetSizeRem                        0x0800432b   Thumb Code   108  lib_mem.o(.text)
    Mem_HeapGetSizeRem                       0x08004397   Thumb Code    22  lib_mem.o(.text)
    Mem_PoolClr                              0x080043ad   Thumb Code    80  lib_mem.o(.text)
    Mem_PoolCreate                           0x080043fd   Thumb Code   838  lib_mem.o(.text)
    Mem_PoolBlkGetNbrAvail                   0x08004743   Thumb Code    52  lib_mem.o(.text)
    Mem_PoolBlkGet                           0x08004777   Thumb Code   126  lib_mem.o(.text)
    Mem_PoolBlkGetUsedAtIx                   0x080047f5   Thumb Code   140  lib_mem.o(.text)
    Mem_PoolBlkFree                          0x08004881   Thumb Code   152  lib_mem.o(.text)
    Mem_PoolBlkIxGet                         0x08004919   Thumb Code   162  lib_mem.o(.text)
    Str_Len_N                                0x080049bd   Thumb Code    28  lib_str.o(.text)
    Str_Len                                  0x080049d9   Thumb Code    20  lib_str.o(.text)
    Str_Copy_N                               0x080049ed   Thumb Code    70  lib_str.o(.text)
    Str_Copy                                 0x08004a33   Thumb Code    24  lib_str.o(.text)
    Str_Cat_N                                0x08004a4b   Thumb Code    90  lib_str.o(.text)
    Str_Cat                                  0x08004aa5   Thumb Code    24  lib_str.o(.text)
    Str_Cmp_N                                0x08004abd   Thumb Code   156  lib_str.o(.text)
    Str_Cmp                                  0x08004b59   Thumb Code    24  lib_str.o(.text)
    Str_CmpIgnoreCase_N                      0x08004b71   Thumb Code   264  lib_str.o(.text)
    Str_CmpIgnoreCase                        0x08004c79   Thumb Code    24  lib_str.o(.text)
    Str_Char_N                               0x08004c91   Thumb Code    74  lib_str.o(.text)
    Str_Char                                 0x08004cdb   Thumb Code    24  lib_str.o(.text)
    Str_Char_Last_N                          0x08004cf3   Thumb Code    76  lib_str.o(.text)
    Str_Char_Last                            0x08004d3f   Thumb Code    24  lib_str.o(.text)
    Str_Char_Replace_N                       0x08004d57   Thumb Code    52  lib_str.o(.text)
    Str_Char_Replace                         0x08004d8b   Thumb Code    28  lib_str.o(.text)
    Str_Str_N                                0x08004da7   Thumb Code   182  lib_str.o(.text)
    Str_Str                                  0x08004e5d   Thumb Code    24  lib_str.o(.text)
    Str_FmtNbr_Int32U                        0x08005051   Thumb Code    46  lib_str.o(.text)
    Str_FmtNbr_Int32S                        0x0800507f   Thumb Code    62  lib_str.o(.text)
    Str_ParseNbr_Int32U                      0x0800527b   Thumb Code    30  lib_str.o(.text)
    Str_ParseNbr_Int32S                      0x08005299   Thumb Code    74  lib_str.o(.text)
    Mem_Copy                                 0x080052e9   Thumb Code     0  lib_mem_a.o(.text)
    OSCfg_Init                               0x08005509   Thumb Code    86  os_cfg_app.o(.text)
    OS_IdleTask                              0x08005605   Thumb Code    60  os_core.o(.text)
    OS_IdleTaskInit                          0x08005641   Thumb Code    68  os_core.o(.text)
    OS_RdyListInit                           0x08005685   Thumb Code    32  os_core.o(.text)
    OSInit                                   0x080056a5   Thumb Code   300  os_core.o(.text)
    OSIntEnter                               0x080057d1   Thumb Code    34  os_core.o(.text)
    OSIntExit                                0x080057f3   Thumb Code   192  os_core.o(.text)
    OSSched                                  0x080058b3   Thumb Code   134  os_core.o(.text)
    OS_SchedLockTimeMeasStart                0x08005939   Thumb Code    20  os_core.o(.text)
    OSSchedLock                              0x0800594d   Thumb Code   104  os_core.o(.text)
    OS_SchedLockTimeMeasStop                 0x080059b5   Thumb Code    44  os_core.o(.text)
    OSSchedUnlock                            0x080059e1   Thumb Code   290  os_core.o(.text)
    OSSchedRoundRobinCfg                     0x08005b03   Thumb Code    88  os_core.o(.text)
    OS_RdyListMoveHeadToTail                 0x08005b5b   Thumb Code    68  os_core.o(.text)
    OSSchedRoundRobinYield                   0x08005b9f   Thumb Code   164  os_core.o(.text)
    OSStart                                  0x08005c43   Thumb Code    78  os_core.o(.text)
    OSVersion                                0x08005c91   Thumb Code    12  os_core.o(.text)
    OS_PendDbgNameAdd                        0x08005c9d   Thumb Code    66  os_core.o(.text)
    OS_PendListInsertPrio                    0x08005cdf   Thumb Code   102  os_core.o(.text)
    OS_PendDataInit                          0x08005d45   Thumb Code    38  os_core.o(.text)
    OS_RdyListRemove                         0x08005d6b   Thumb Code    86  os_core.o(.text)
    OS_TaskBlock                             0x08005dc1   Thumb Code    56  os_core.o(.text)
    OS_Pend                                  0x08005df9   Thumb Code    98  os_core.o(.text)
    OS_PendListRemove1                       0x08005e5b   Thumb Code   134  os_core.o(.text)
    OS_PendListRemove                        0x08005ee1   Thumb Code    48  os_core.o(.text)
    OS_PendAbort1                            0x08005f11   Thumb Code    36  os_core.o(.text)
    OS_RdyListInsertHead                     0x08005f35   Thumb Code    58  os_core.o(.text)
    OS_RdyListInsertTail                     0x08005f6f   Thumb Code    56  os_core.o(.text)
    OS_RdyListInsert                         0x08005fa7   Thumb Code    40  os_core.o(.text)
    OS_TaskRdy                               0x08005fcf   Thumb Code    28  os_core.o(.text)
    OS_PendAbort                             0x08005feb   Thumb Code   178  os_core.o(.text)
    OS_PendDbgNameRemove                     0x0800609d   Thumb Code    34  os_core.o(.text)
    OS_PendListChangePrio                    0x080060bf   Thumb Code    70  os_core.o(.text)
    OS_PendListInit                          0x08006105   Thumb Code    10  os_core.o(.text)
    OS_PendListInsertHead                    0x0800610f   Thumb Code    32  os_core.o(.text)
    OS_PendObjDel1                           0x0800612f   Thumb Code    36  os_core.o(.text)
    OS_PendObjDel                            0x08006153   Thumb Code   174  os_core.o(.text)
    OS_Post1                                 0x08006201   Thumb Code    42  os_core.o(.text)
    OS_Post                                  0x0800622b   Thumb Code   198  os_core.o(.text)
    OS_Sched0                                0x080062f1   Thumb Code   100  os_core.o(.text)
    OS_SchedRoundRobin                       0x08006355   Thumb Code   190  os_core.o(.text)
    OS_Dbg_Init                              0x08006425   Thumb Code   146  os_dbg.o(.text)
    OS_FlagDbgListAdd                        0x080065d5   Thumb Code    38  os_flag.o(.text)
    OSFlagCreate                             0x080065fb   Thumb Code   172  os_flag.o(.text)
    OS_FlagClr                               0x080066a7   Thumb Code    28  os_flag.o(.text)
    OS_FlagDbgListRemove                     0x080066c3   Thumb Code    44  os_flag.o(.text)
    OSFlagDel                                0x080066ef   Thumb Code   594  os_flag.o(.text)
    OS_FlagBlock                             0x08006941   Thumb Code    58  os_flag.o(.text)
    OSFlagPend                               0x0800697b   Thumb Code  1492  os_flag.o(.text)
    OSFlagPendAbort                          0x08006f4f   Thumb Code   292  os_flag.o(.text)
    OSFlagPendGetFlagsRdy                    0x08007073   Thumb Code    68  os_flag.o(.text)
    OS_FlagTaskRdy                           0x080070b7   Thumb Code    92  os_flag.o(.text)
    OS_FlagPost                              0x08007113   Thumb Code   572  os_flag.o(.text)
    OSFlagPost                               0x0800734f   Thumb Code   146  os_flag.o(.text)
    OS_FlagInit                              0x080073e1   Thumb Code    14  os_flag.o(.text)
    OS_IntQPost                              0x08007409   Thumb Code   216  os_int.o(.text)
    OS_IntQRePost                            0x080074e1   Thumb Code   348  os_int.o(.text)
    OS_IntQTask                              0x0800763d   Thumb Code   162  os_int.o(.text)
    OS_IntQTaskInit                          0x080076df   Thumb Code   208  os_int.o(.text)
    OS_MemDbgListAdd                         0x08007841   Thumb Code    34  os_mem.o(.text)
    OSMemCreate                              0x08007863   Thumb Code   288  os_mem.o(.text)
    OSMemGet                                 0x08007983   Thumb Code   100  os_mem.o(.text)
    OSMemPut                                 0x080079e7   Thumb Code   112  os_mem.o(.text)
    OS_MemInit                               0x08007a57   Thumb Code    14  os_mem.o(.text)
    OS_MsgPoolCreate                         0x08007a79   Thumb Code    54  os_msg.o(.text)
    OS_MsgPoolInit                           0x08007aaf   Thumb Code    70  os_msg.o(.text)
    OS_MsgQFreeAll                           0x08007af5   Thumb Code    62  os_msg.o(.text)
    OS_MsgQInit                              0x08007b33   Thumb Code    14  os_msg.o(.text)
    OS_MsgQGet                               0x08007b41   Thumb Code    98  os_msg.o(.text)
    OS_MsgQPut                               0x08007ba3   Thumb Code   242  os_msg.o(.text)
    OS_MutexDbgListAdd                       0x08007ca1   Thumb Code    38  os_mutex.o(.text)
    OSMutexCreate                            0x08007cc7   Thumb Code   178  os_mutex.o(.text)
    OS_MutexClr                              0x08007d79   Thumb Code    38  os_mutex.o(.text)
    OS_MutexDbgListRemove                    0x08007d9f   Thumb Code    44  os_mutex.o(.text)
    OSMutexDel                               0x08007dcb   Thumb Code   842  os_mutex.o(.text)
    OSMutexPend                              0x08008115   Thumb Code   706  os_mutex.o(.text)
    OSMutexPendAbort                         0x080083d7   Thumb Code   314  os_mutex.o(.text)
    OSMutexPost                              0x08008511   Thumb Code   564  os_mutex.o(.text)
    OS_MutexInit                             0x08008745   Thumb Code    14  os_mutex.o(.text)
    OS_PrioInit                              0x08008775   Thumb Code    20  os_prio.o(.text)
    OS_PrioGetHighest                        0x08008789   Thumb Code    36  os_prio.o(.text)
    OS_PrioInsert                            0x080087ad   Thumb Code    32  os_prio.o(.text)
    OS_PrioRemove                            0x080087cd   Thumb Code    32  os_prio.o(.text)
    OS_QDbgListAdd                           0x080087f1   Thumb Code    38  os_q.o(.text)
    OSQCreate                                0x08008817   Thumb Code   186  os_q.o(.text)
    OS_QClr                                  0x080088d1   Thumb Code    40  os_q.o(.text)
    OS_QDbgListRemove                        0x080088f9   Thumb Code    44  os_q.o(.text)
    OSQDel                                   0x08008925   Thumb Code   362  os_q.o(.text)
    OSQFlush                                 0x08008a8f   Thumb Code   210  os_q.o(.text)
    OSQPend                                  0x08008b61   Thumb Code   538  os_q.o(.text)
    OSQPendAbort                             0x08008d7b   Thumb Code   292  os_q.o(.text)
    OS_QPost                                 0x08008e9f   Thumb Code   322  os_q.o(.text)
    OSQPost                                  0x08008fe1   Thumb Code   196  os_q.o(.text)
    OS_QInit                                 0x080090a5   Thumb Code    14  os_q.o(.text)
    OS_SemDbgListAdd                         0x080090c5   Thumb Code    38  os_sem.o(.text)
    OSSemCreate                              0x080090eb   Thumb Code   172  os_sem.o(.text)
    OS_SemClr                                0x08009197   Thumb Code    28  os_sem.o(.text)
    OS_SemDbgListRemove                      0x080091b3   Thumb Code    44  os_sem.o(.text)
    OSSemDel                                 0x080091df   Thumb Code   362  os_sem.o(.text)
    OSSemPend                                0x08009349   Thumb Code   504  os_sem.o(.text)
    OSSemPendAbort                           0x08009541   Thumb Code   292  os_sem.o(.text)
    OS_SemPost                               0x08009665   Thumb Code   350  os_sem.o(.text)
    OSSemPost                                0x080097c3   Thumb Code   144  os_sem.o(.text)
    OSSemSet                                 0x08009853   Thumb Code   138  os_sem.o(.text)
    OS_SemInit                               0x080098dd   Thumb Code    14  os_sem.o(.text)
    OSStatReset                              0x080098f5   Thumb Code   276  os_stat.o(.text)
    OSStatTaskCPUUsageInit                   0x08009a09   Thumb Code   212  os_stat.o(.text)
    OS_StatTask                              0x08009add   Thumb Code   888  os_stat.o(.text)
    OS_StatTaskInit                          0x08009e55   Thumb Code   138  os_stat.o(.text)
    OSTaskChangePrio                         0x08009f35   Thumb Code   416  os_task.o(.text)
    OS_TaskDbgListAdd                        0x0800a0d5   Thumb Code    42  os_task.o(.text)
    OS_TaskInitTCB                           0x0800a0ff   Thumb Code   194  os_task.o(.text)
    OSTaskCreate                             0x0800a1c1   Thumb Code   614  os_task.o(.text)
    OS_TaskDbgListRemove                     0x0800a427   Thumb Code    64  os_task.o(.text)
    OSTaskDel                                0x0800a467   Thumb Code   424  os_task.o(.text)
    OSTaskQFlush                             0x0800a60f   Thumb Code   214  os_task.o(.text)
    OSTaskQPend                              0x0800a6e5   Thumb Code   554  os_task.o(.text)
    OSTaskQPendAbort                         0x0800a90f   Thumb Code   242  os_task.o(.text)
    OS_TaskQPost                             0x0800aa01   Thumb Code   526  os_task.o(.text)
    OSTaskQPost                              0x0800ac0f   Thumb Code   114  os_task.o(.text)
    OSTaskRegGet                             0x0800ac81   Thumb Code    78  os_task.o(.text)
    OSTaskRegGetID                           0x0800accf   Thumb Code    84  os_task.o(.text)
    OSTaskRegSet                             0x0800ad23   Thumb Code    78  os_task.o(.text)
    OS_TaskResume                            0x0800ad71   Thumb Code   314  os_task.o(.text)
    OSTaskResume                             0x0800aeab   Thumb Code   112  os_task.o(.text)
    OSTaskSemPend                            0x0800af1b   Thumb Code   550  os_task.o(.text)
    OSTaskSemPendAbort                       0x0800b141   Thumb Code   270  os_task.o(.text)
    OS_TaskSemPost                           0x0800b24f   Thumb Code  1216  os_task.o(.text)
    OSTaskSemPost                            0x0800b70f   Thumb Code    98  os_task.o(.text)
    OSTaskSemSet                             0x0800b771   Thumb Code   100  os_task.o(.text)
    OSTaskStkChk                             0x0800b7d5   Thumb Code   204  os_task.o(.text)
    OS_TaskSuspend                           0x0800b8a1   Thumb Code   328  os_task.o(.text)
    OSTaskSuspend                            0x0800b9e9   Thumb Code    78  os_task.o(.text)
    OSTaskTimeQuantaSet                      0x0800ba37   Thumb Code    96  os_task.o(.text)
    OS_TaskInit                              0x0800ba97   Thumb Code    18  os_task.o(.text)
    OS_TaskReturn                            0x0800baa9   Thumb Code    20  os_task.o(.text)
    OS_TickListRemove                        0x0800bae5   Thumb Code    56  os_tick.o(.text)
    OS_TickListUpdate                        0x0800bb1d   Thumb Code   492  os_tick.o(.text)
    OS_TickTask                              0x0800bd09   Thumb Code    38  os_tick.o(.text)
    OS_TickListInit                          0x0800bd2f   Thumb Code    32  os_tick.o(.text)
    OS_TickTaskInit                          0x0800bd4f   Thumb Code   130  os_tick.o(.text)
    OS_TickListInsert                        0x0800bdd1   Thumb Code   502  os_tick.o(.text)
    OS_TickListResetPeak                     0x0800bfc7   Thumb Code    28  os_tick.o(.text)
    OSTimeDly                                0x0800bfed   Thumb Code   266  os_time.o(.text)
    OSTimeDlyHMSM                            0x0800c0f7   Thumb Code   480  os_time.o(.text)
    OSTimeDlyResume                          0x0800c2d7   Thumb Code   466  os_time.o(.text)
    OSTimeGet                                0x0800c4a9   Thumb Code    46  os_time.o(.text)
    OSTimeSet                                0x0800c4d7   Thumb Code    46  os_time.o(.text)
    OSTimeTick                               0x0800c505   Thumb Code    54  os_time.o(.text)
    OS_TmrDbgListAdd                         0x0800c551   Thumb Code    34  os_tmr.o(.text)
    OSTmrCreate                              0x0800c573   Thumb Code   248  os_tmr.o(.text)
    OS_TmrClr                                0x0800c66b   Thumb Code    36  os_tmr.o(.text)
    OS_TmrUnlink                             0x0800c68f   Thumb Code    72  os_tmr.o(.text)
    OS_TmrDbgListRemove                      0x0800c6d7   Thumb Code    44  os_tmr.o(.text)
    OSTmrDel                                 0x0800c703   Thumb Code   176  os_tmr.o(.text)
    OSTmrRemainGet                           0x0800c7b3   Thumb Code   184  os_tmr.o(.text)
    OS_TmrLink                               0x0800c86b   Thumb Code   196  os_tmr.o(.text)
    OSTmrStart                               0x0800c92f   Thumb Code   210  os_tmr.o(.text)
    OSTmrStateGet                            0x0800ca01   Thumb Code   134  os_tmr.o(.text)
    OSTmrStop                                0x0800ca87   Thumb Code   232  os_tmr.o(.text)
    OS_TmrTask                               0x0800cb6f   Thumb Code   176  os_tmr.o(.text)
    OS_TmrInit                               0x0800cc1f   Thumb Code   208  os_tmr.o(.text)
    OS_TmrResetPeak                          0x0800ccef   Thumb Code    28  os_tmr.o(.text)
    OSIdleTaskHook                           0x0800cd69   Thumb Code    16  os_cpu_c.o(.text)
    OSInitHook                               0x0800cd79   Thumb Code    42  os_cpu_c.o(.text)
    OSStatTaskHook                           0x0800cda3   Thumb Code    16  os_cpu_c.o(.text)
    OSTaskCreateHook                         0x0800cdb3   Thumb Code    20  os_cpu_c.o(.text)
    OSTaskDelHook                            0x0800cdc7   Thumb Code    20  os_cpu_c.o(.text)
    OSTaskReturnHook                         0x0800cddb   Thumb Code    20  os_cpu_c.o(.text)
    OSTaskStkInit                            0x0800cdef   Thumb Code   188  os_cpu_c.o(.text)
    OSTaskSwHook                             0x0800ceab   Thumb Code   120  os_cpu_c.o(.text)
    OSTimeTickHook                           0x0800cf23   Thumb Code    16  os_cpu_c.o(.text)
    OS_CPU_SysTickHandler                    0x0800cf33   Thumb Code    52  os_cpu_c.o(.text)
    OS_CPU_SysTickInit                       0x0800cf67   Thumb Code    44  os_cpu_c.o(.text)
    __use_no_semihosting                     0x0800cfd5   Thumb Code     2  use_no_semi_2.o(.text)
    __aeabi_uldivmod                         0x0800cfd7   Thumb Code     0  lludivv7m.o(.text)
    _ll_udiv                                 0x0800cfd7   Thumb Code   238  lludivv7m.o(.text)
    __2printf                                0x0800d0c5   Thumb Code    20  noretval__2printf.o(.text)
    _printf_int_hex                          0x0800d0dd   Thumb Code    88  _printf_hex_int.o(.text)
    _printf_longlong_hex                     0x0800d0dd   Thumb Code     0  _printf_hex_int.o(.text)
    __printf                                 0x0800d139   Thumb Code   270  __printf_wp.o(.text)
    __aeabi_memcpy4                          0x0800d247   Thumb Code     0  rt_memcpy_w.o(.text)
    __aeabi_memcpy8                          0x0800d247   Thumb Code     0  rt_memcpy_w.o(.text)
    __rt_memcpy_w                            0x0800d247   Thumb Code   100  rt_memcpy_w.o(.text)
    _memcpy_lastbytes_aligned                0x0800d28f   Thumb Code     0  rt_memcpy_w.o(.text)
    __use_two_region_memory                  0x0800d2ab   Thumb Code     2  heapauxi.o(.text)
    __rt_heap_escrow$2region                 0x0800d2ad   Thumb Code     2  heapauxi.o(.text)
    __rt_heap_expand$2region                 0x0800d2af   Thumb Code     2  heapauxi.o(.text)
    __I$use$semihosting                      0x0800d2b1   Thumb Code     0  use_no_semi.o(.text)
    __use_no_semihosting_swi                 0x0800d2b1   Thumb Code     2  use_no_semi.o(.text)
    _printf_int_common                       0x0800d2b3   Thumb Code   184  _printf_intcommon.o(.text)
    __lib_sel_fp_printf                      0x0800d36b   Thumb Code     2  _printf_fp_dec.o(.text)
    _printf_fp_dec_real                      0x0800d517   Thumb Code   628  _printf_fp_dec.o(.text)
    _printf_char_file                        0x0800d78d   Thumb Code    32  _printf_char_file.o(.text)
    __rt_locale                              0x0800d7b1   Thumb Code     8  rt_locale_intlibspace.o(.text)
    _ll_udiv10                               0x0800d7b9   Thumb Code   138  lludiv10.o(.text)
    _printf_char_common                      0x0800d84f   Thumb Code    32  _printf_char_common.o(.text)
    _printf_fp_infnan                        0x0800d875   Thumb Code   112  _printf_fp_infnan.o(.text)
    _btod_etento                             0x0800d8f5   Thumb Code   222  bigflt0.o(.text)
    ferror                                   0x0800d9d9   Thumb Code     8  ferror.o(.text)
    __user_libspace                          0x0800d9e1   Thumb Code     8  libspace.o(.text)
    __user_perproc_libspace                  0x0800d9e1   Thumb Code     0  libspace.o(.text)
    __user_perthread_libspace                0x0800d9e1   Thumb Code     0  libspace.o(.text)
    __user_setup_stackheap                   0x0800d9e9   Thumb Code    74  sys_stackheap_outer.o(.text)
    exit                                     0x0800da33   Thumb Code    12  exit.o(.text)
    strcmp                                   0x0800da41   Thumb Code   128  strcmpv7m.o(.text)
    _btod_d2e                                0x0800dac1   Thumb Code    62  btod.o(CL$$btod_d2e)
    _d2e_denorm_low                          0x0800daff   Thumb Code    70  btod.o(CL$$btod_d2e_denorm_low)
    _d2e_norm_op1                            0x0800db45   Thumb Code    96  btod.o(CL$$btod_d2e_norm_op1)
    __btod_div_common                        0x0800dba5   Thumb Code   696  btod.o(CL$$btod_div_common)
    _e2e                                     0x0800dedd   Thumb Code   198  btod.o(CL$$btod_e2e)
    _btod_ediv                               0x0800dfa3   Thumb Code    40  btod.o(CL$$btod_ediv)
    _btod_emul                               0x0800dfcb   Thumb Code    40  btod.o(CL$$btod_emul)
    __btod_mult_common                       0x0800dff3   Thumb Code   580  btod.o(CL$$btod_mult_common)
    OSStartHighRdy                           0x0800e239   Thumb Code     0  os_cpu_a.o(CODE)
    PendSV_Handler                           0x0800e26f   Thumb Code     0  os_cpu_a.o(CODE)
    __ARM_fpclassify                         0x0800e2d1   Thumb Code    40  fpclassify.o(i.__ARM_fpclassify)
    _is_digit                                0x0800e2f9   Thumb Code    14  __printf_wp.o(i._is_digit)
    _get_lc_numeric                          0x0800e309   Thumb Code    44  lc_numeric_c.o(locale$$code)
    __fpl_dretinf                            0x0800e335   Thumb Code    12  dretinf.o(x$fpl$dretinf)
    __aeabi_f2d                              0x0800e341   Thumb Code     0  f2d.o(x$fpl$f2d)
    _f2d                                     0x0800e341   Thumb Code    86  f2d.o(x$fpl$f2d)
    __aeabi_fadd                             0x0800e399   Thumb Code     0  faddsub_clz.o(x$fpl$fadd)
    _fadd                                    0x0800e399   Thumb Code   196  faddsub_clz.o(x$fpl$fadd)
    __fpl_fnaninf                            0x0800e45d   Thumb Code   140  fnaninf.o(x$fpl$fnaninf)
    __fpl_fretinf                            0x0800e4e9   Thumb Code    10  fretinf.o(x$fpl$fretinf)
    __aeabi_fsub                             0x0800e4f5   Thumb Code     0  faddsub_clz.o(x$fpl$fsub)
    _fsub                                    0x0800e4f5   Thumb Code   234  faddsub_clz.o(x$fpl$fsub)
    _printf_fp_dec                           0x0800e5df   Thumb Code     4  printf1.o(x$fpl$printf1)
    ASCII_8x16                               0x0800e5e2   Data        1536  oled0561.o(.constdata)
    __I$use$fp                               0x0800e5e2   Number         0  usenofp.o(x$fpl$usenofp)
    GB_16                                    0x0800ebe2   Data         128  oled0561.o(.constdata)
    PIC1                                     0x0800ec62   Data        1024  oled0561.o(.constdata)
    CPU_EndiannessTest                       0x0800f164   Data           4  cpu_core.o(.constdata)
    OSCfg_IdleTaskStkBasePtr                 0x0800f1fc   Data           4  os_cfg_app.o(.constdata)
    OSCfg_IdleTaskStkLimit                   0x0800f200   Data           4  os_cfg_app.o(.constdata)
    OSCfg_IdleTaskStkSize                    0x0800f204   Data           4  os_cfg_app.o(.constdata)
    OSCfg_IdleTaskStkSizeRAM                 0x0800f208   Data           4  os_cfg_app.o(.constdata)
    OSCfg_IntQBasePtr                        0x0800f20c   Data           4  os_cfg_app.o(.constdata)
    OSCfg_IntQSize                           0x0800f210   Data           2  os_cfg_app.o(.constdata)
    OSCfg_IntQSizeRAM                        0x0800f214   Data           4  os_cfg_app.o(.constdata)
    OSCfg_IntQTaskStkBasePtr                 0x0800f218   Data           4  os_cfg_app.o(.constdata)
    OSCfg_IntQTaskStkLimit                   0x0800f21c   Data           4  os_cfg_app.o(.constdata)
    OSCfg_IntQTaskStkSize                    0x0800f220   Data           4  os_cfg_app.o(.constdata)
    OSCfg_IntQTaskStkSizeRAM                 0x0800f224   Data           4  os_cfg_app.o(.constdata)
    OSCfg_ISRStkBasePtr                      0x0800f228   Data           4  os_cfg_app.o(.constdata)
    OSCfg_ISRStkSize                         0x0800f22c   Data           4  os_cfg_app.o(.constdata)
    OSCfg_ISRStkSizeRAM                      0x0800f230   Data           4  os_cfg_app.o(.constdata)
    OSCfg_MsgPoolSize                        0x0800f234   Data           2  os_cfg_app.o(.constdata)
    OSCfg_MsgPoolSizeRAM                     0x0800f238   Data           4  os_cfg_app.o(.constdata)
    OSCfg_MsgPoolBasePtr                     0x0800f23c   Data           4  os_cfg_app.o(.constdata)
    OSCfg_StatTaskPrio                       0x0800f240   Data           1  os_cfg_app.o(.constdata)
    OSCfg_StatTaskRate_Hz                    0x0800f244   Data           4  os_cfg_app.o(.constdata)
    OSCfg_StatTaskStkBasePtr                 0x0800f248   Data           4  os_cfg_app.o(.constdata)
    OSCfg_StatTaskStkLimit                   0x0800f24c   Data           4  os_cfg_app.o(.constdata)
    OSCfg_StatTaskStkSize                    0x0800f250   Data           4  os_cfg_app.o(.constdata)
    OSCfg_StatTaskStkSizeRAM                 0x0800f254   Data           4  os_cfg_app.o(.constdata)
    OSCfg_StkSizeMin                         0x0800f258   Data           4  os_cfg_app.o(.constdata)
    OSCfg_TickRate_Hz                        0x0800f25c   Data           4  os_cfg_app.o(.constdata)
    OSCfg_TickTaskPrio                       0x0800f260   Data           1  os_cfg_app.o(.constdata)
    OSCfg_TickTaskStkBasePtr                 0x0800f264   Data           4  os_cfg_app.o(.constdata)
    OSCfg_TickTaskStkLimit                   0x0800f268   Data           4  os_cfg_app.o(.constdata)
    OSCfg_TickTaskStkSize                    0x0800f26c   Data           4  os_cfg_app.o(.constdata)
    OSCfg_TickTaskStkSizeRAM                 0x0800f270   Data           4  os_cfg_app.o(.constdata)
    OSCfg_TickWheelSize                      0x0800f274   Data           2  os_cfg_app.o(.constdata)
    OSCfg_TickWheelSizeRAM                   0x0800f278   Data           4  os_cfg_app.o(.constdata)
    OSCfg_TmrTaskPrio                        0x0800f27c   Data           1  os_cfg_app.o(.constdata)
    OSCfg_TmrTaskRate_Hz                     0x0800f280   Data           4  os_cfg_app.o(.constdata)
    OSCfg_TmrTaskStkBasePtr                  0x0800f284   Data           4  os_cfg_app.o(.constdata)
    OSCfg_TmrTaskStkLimit                    0x0800f288   Data           4  os_cfg_app.o(.constdata)
    OSCfg_TmrTaskStkSize                     0x0800f28c   Data           4  os_cfg_app.o(.constdata)
    OSCfg_TmrTaskStkSizeRAM                  0x0800f290   Data           4  os_cfg_app.o(.constdata)
    OSCfg_TmrWheelSize                       0x0800f294   Data           2  os_cfg_app.o(.constdata)
    OSCfg_TmrWheelSizeRAM                    0x0800f298   Data           4  os_cfg_app.o(.constdata)
    OSCfg_DataSizeRAM                        0x0800f29c   Data           4  os_cfg_app.o(.constdata)
    OSDbg_DbgEn                              0x0800f2a0   Data           2  os_dbg.o(.constdata)
    OSDbg_ArgChkEn                           0x0800f2a2   Data           1  os_dbg.o(.constdata)
    OSDbg_AppHooksEn                         0x0800f2a3   Data           1  os_dbg.o(.constdata)
    OSDbg_EndiannessTest                     0x0800f2a4   Data           4  os_dbg.o(.constdata)
    OSDbg_CalledFromISRChkEn                 0x0800f2a8   Data           1  os_dbg.o(.constdata)
    OSDbg_FlagEn                             0x0800f2a9   Data           1  os_dbg.o(.constdata)
    OSDbg_FlagGrp                            0x0800f2ac   Data          40  os_dbg.o(.constdata)
    OSDbg_FlagDelEn                          0x0800f2d4   Data           1  os_dbg.o(.constdata)
    OSDbg_FlagModeClrEn                      0x0800f2d5   Data           1  os_dbg.o(.constdata)
    OSDbg_FlagPendAbortEn                    0x0800f2d6   Data           1  os_dbg.o(.constdata)
    OSDbg_FlagGrpSize                        0x0800f2d8   Data           2  os_dbg.o(.constdata)
    OSDbg_FlagWidth                          0x0800f2da   Data           2  os_dbg.o(.constdata)
    OSDbg_IntQ                               0x0800f2dc   Data           2  os_dbg.o(.constdata)
    OSDbg_ISRPostDeferredEn                  0x0800f2de   Data           1  os_dbg.o(.constdata)
    OSDbg_Mem                                0x0800f2e0   Data          32  os_dbg.o(.constdata)
    OSDbg_MemEn                              0x0800f300   Data           1  os_dbg.o(.constdata)
    OSDbg_MemSize                            0x0800f302   Data           2  os_dbg.o(.constdata)
    OSDbg_MsgEn                              0x0800f304   Data           1  os_dbg.o(.constdata)
    OSDbg_MsgSize                            0x0800f306   Data           2  os_dbg.o(.constdata)
    OSDbg_MsgPoolSize                        0x0800f308   Data           2  os_dbg.o(.constdata)
    OSDbg_MsgQSize                           0x0800f30a   Data           2  os_dbg.o(.constdata)
    OSDbg_Mutex                              0x0800f30c   Data          44  os_dbg.o(.constdata)
    OSDbg_MutexEn                            0x0800f338   Data           1  os_dbg.o(.constdata)
    OSDbg_MutexDelEn                         0x0800f339   Data           1  os_dbg.o(.constdata)
    OSDbg_MutexPendAbortEn                   0x0800f33a   Data           1  os_dbg.o(.constdata)
    OSDbg_MutexSize                          0x0800f33c   Data           2  os_dbg.o(.constdata)
    OSDbg_ObjTypeChkEn                       0x0800f33e   Data           1  os_dbg.o(.constdata)
    OSDbg_PendMultiEn                        0x0800f33f   Data           1  os_dbg.o(.constdata)
    OSDbg_PendDataSize                       0x0800f340   Data           2  os_dbg.o(.constdata)
    OSDbg_PendListSize                       0x0800f342   Data           2  os_dbg.o(.constdata)
    OSDbg_PendObjSize                        0x0800f344   Data           2  os_dbg.o(.constdata)
    OSDbg_PrioMax                            0x0800f346   Data           2  os_dbg.o(.constdata)
    OSDbg_PrioTblSize                        0x0800f348   Data           2  os_dbg.o(.constdata)
    OSDbg_PtrSize                            0x0800f34a   Data           2  os_dbg.o(.constdata)
    OSDbg_Q                                  0x0800f34c   Data          48  os_dbg.o(.constdata)
    OSDbg_QEn                                0x0800f37c   Data           1  os_dbg.o(.constdata)
    OSDbg_QDelEn                             0x0800f37d   Data           1  os_dbg.o(.constdata)
    OSDbg_QFlushEn                           0x0800f37e   Data           1  os_dbg.o(.constdata)
    OSDbg_QPendAbortEn                       0x0800f37f   Data           1  os_dbg.o(.constdata)
    OSDbg_QSize                              0x0800f380   Data           2  os_dbg.o(.constdata)
    OSDbg_SchedRoundRobinEn                  0x0800f382   Data           1  os_dbg.o(.constdata)
    OSDbg_Sem                                0x0800f384   Data          40  os_dbg.o(.constdata)
    OSDbg_SemEn                              0x0800f3ac   Data           1  os_dbg.o(.constdata)
    OSDbg_SemDelEn                           0x0800f3ad   Data           1  os_dbg.o(.constdata)
    OSDbg_SemPendAbortEn                     0x0800f3ae   Data           1  os_dbg.o(.constdata)
    OSDbg_SemSetEn                           0x0800f3af   Data           1  os_dbg.o(.constdata)
    OSDbg_SemSize                            0x0800f3b0   Data           2  os_dbg.o(.constdata)
    OSDbg_RdyList                            0x0800f3b2   Data           2  os_dbg.o(.constdata)
    OSDbg_RdyListSize                        0x0800f3b4   Data           4  os_dbg.o(.constdata)
    OSDbg_StkWidth                           0x0800f3b8   Data           1  os_dbg.o(.constdata)
    OSDbg_StatTaskEn                         0x0800f3b9   Data           1  os_dbg.o(.constdata)
    OSDbg_StatTaskStkChkEn                   0x0800f3ba   Data           1  os_dbg.o(.constdata)
    OSDbg_TaskChangePrioEn                   0x0800f3bb   Data           1  os_dbg.o(.constdata)
    OSDbg_TaskDelEn                          0x0800f3bc   Data           1  os_dbg.o(.constdata)
    OSDbg_TaskQEn                            0x0800f3bd   Data           1  os_dbg.o(.constdata)
    OSDbg_TaskQPendAbortEn                   0x0800f3be   Data           1  os_dbg.o(.constdata)
    OSDbg_TaskProfileEn                      0x0800f3bf   Data           1  os_dbg.o(.constdata)
    OSDbg_TaskRegTblSize                     0x0800f3c0   Data           2  os_dbg.o(.constdata)
    OSDbg_TaskSemPendAbortEn                 0x0800f3c2   Data           1  os_dbg.o(.constdata)
    OSDbg_TaskSuspendEn                      0x0800f3c3   Data           1  os_dbg.o(.constdata)
    OSDbg_TCBSize                            0x0800f3c4   Data           2  os_dbg.o(.constdata)
    OSDbg_TickSpokeSize                      0x0800f3c6   Data           2  os_dbg.o(.constdata)
    OSDbg_TimeDlyHMSMEn                      0x0800f3c8   Data           1  os_dbg.o(.constdata)
    OSDbg_TimeDlyResumeEn                    0x0800f3c9   Data           1  os_dbg.o(.constdata)
    OSDbg_TLS_TblSize                        0x0800f3ca   Data           2  os_dbg.o(.constdata)
    OSDbg_Tmr                                0x0800f3cc   Data          52  os_dbg.o(.constdata)
    OSDbg_TmrEn                              0x0800f400   Data           1  os_dbg.o(.constdata)
    OSDbg_TmrDelEn                           0x0800f401   Data           1  os_dbg.o(.constdata)
    OSDbg_TmrSize                            0x0800f402   Data           2  os_dbg.o(.constdata)
    OSDbg_TmrSpokeSize                       0x0800f404   Data           2  os_dbg.o(.constdata)
    OSDbg_VersionNbr                         0x0800f406   Data           2  os_dbg.o(.constdata)
    OSDbg_DataSize                           0x0800f408   Data           4  os_dbg.o(.constdata)
    Region$$Table$$Base                      0x0800f4c8   Number         0  anon$$obj.o(Region$$Table)
    Region$$Table$$Limit                     0x0800f4e8   Number         0  anon$$obj.o(Region$$Table)
    SystemCoreClock                          0x20000004   Data           4  system_stm32f10x.o(.data)
    AHBPrescTable                            0x20000008   Data          16  system_stm32f10x.o(.data)
    TIM5CH1_CAPTURE_STA                      0x2000001a   Data           1  timer.o(.data)
    TIM5CH1_CAPTURE_VAL                      0x2000001c   Data           2  timer.o(.data)
    USART_RX_STA                             0x20000024   Data           2  usart.o(.data)
    __stdout                                 0x20000028   Data           4  usart.o(.data)
    CPU_TS_TmrFreq_Hz                        0x20000040   Data           4  cpu_core.o(.data)
    Mem_PoolTbl                              0x20000044   Data           4  lib_mem.o(.data)
    OSPrioTbl                                0x20000048   Data           8  os_prio.o(.data)
    OS_AppTaskCreateHookPtr                  0x20000050   Data           4  os_var.o(.data)
    OS_AppTaskDelHookPtr                     0x20000054   Data           4  os_var.o(.data)
    OS_AppTaskReturnHookPtr                  0x20000058   Data           4  os_var.o(.data)
    OS_AppIdleTaskHookPtr                    0x2000005c   Data           4  os_var.o(.data)
    OS_AppStatTaskHookPtr                    0x20000060   Data           4  os_var.o(.data)
    OS_AppTaskSwHookPtr                      0x20000064   Data           4  os_var.o(.data)
    OS_AppTimeTickHookPtr                    0x20000068   Data           4  os_var.o(.data)
    OSIdleTaskCtr                            0x2000006c   Data           4  os_var.o(.data)
    OSIntNestingCtr                          0x20000070   Data           1  os_var.o(.data)
    OSRunning                                0x20000071   Data           1  os_var.o(.data)
    OSIntQInPtr                              0x20000074   Data           4  os_var.o(.data)
    OSIntQOutPtr                             0x20000078   Data           4  os_var.o(.data)
    OSIntQNbrEntries                         0x2000007c   Data           2  os_var.o(.data)
    OSIntQNbrEntriesMax                      0x2000007e   Data           2  os_var.o(.data)
    OSIntQOvfCtr                             0x20000080   Data           2  os_var.o(.data)
    OSIntQTaskTimeMax                        0x20000084   Data           4  os_var.o(.data)
    OSFlagDbgListPtr                         0x20000088   Data           4  os_var.o(.data)
    OSFlagQty                                0x2000008c   Data           2  os_var.o(.data)
    OSMemDbgListPtr                          0x20000090   Data           4  os_var.o(.data)
    OSMemQty                                 0x20000094   Data           2  os_var.o(.data)
    OSMutexDbgListPtr                        0x20000098   Data           4  os_var.o(.data)
    OSMutexQty                               0x2000009c   Data           2  os_var.o(.data)
    OSPrioCur                                0x2000009e   Data           1  os_var.o(.data)
    OSPrioHighRdy                            0x2000009f   Data           1  os_var.o(.data)
    OSPrioSaved                              0x200000a0   Data           1  os_var.o(.data)
    OSQDbgListPtr                            0x200000a4   Data           4  os_var.o(.data)
    OSQQty                                   0x200000a8   Data           2  os_var.o(.data)
    OSSchedLockTimeBegin                     0x200000ac   Data           4  os_var.o(.data)
    OSSchedLockTimeMax                       0x200000b0   Data           4  os_var.o(.data)
    OSSchedLockTimeMaxCur                    0x200000b4   Data           4  os_var.o(.data)
    OSSchedLockNestingCtr                    0x200000b8   Data           1  os_var.o(.data)
    OSSchedRoundRobinDfltTimeQuanta          0x200000bc   Data           4  os_var.o(.data)
    OSSchedRoundRobinEn                      0x200000c0   Data           1  os_var.o(.data)
    OSSemDbgListPtr                          0x200000c4   Data           4  os_var.o(.data)
    OSSemQty                                 0x200000c8   Data           2  os_var.o(.data)
    OSStatResetFlag                          0x200000ca   Data           1  os_var.o(.data)
    OSStatTaskCPUUsage                       0x200000cc   Data           2  os_var.o(.data)
    OSStatTaskCPUUsageMax                    0x200000ce   Data           2  os_var.o(.data)
    OSStatTaskCtr                            0x200000d0   Data           4  os_var.o(.data)
    OSStatTaskCtrMax                         0x200000d4   Data           4  os_var.o(.data)
    OSStatTaskCtrRun                         0x200000d8   Data           4  os_var.o(.data)
    OSStatTaskRdy                            0x200000dc   Data           1  os_var.o(.data)
    OSStatTaskTimeMax                        0x200000e0   Data           4  os_var.o(.data)
    OSTaskCtxSwCtr                           0x200000e4   Data           4  os_var.o(.data)
    OSTaskDbgListPtr                         0x200000e8   Data           4  os_var.o(.data)
    OSTaskQty                                0x200000ec   Data           2  os_var.o(.data)
    OSTaskRegNextAvailID                     0x200000ee   Data           1  os_var.o(.data)
    OSTickCtr                                0x200000f0   Data           4  os_var.o(.data)
    OSTickTaskTimeMax                        0x200000f4   Data           4  os_var.o(.data)
    OSTmrDbgListPtr                          0x200000f8   Data           4  os_var.o(.data)
    OSTmrQty                                 0x200000fc   Data           2  os_var.o(.data)
    OSTmrTaskTimeMax                         0x20000100   Data           4  os_var.o(.data)
    OSTmrTickCtr                             0x20000104   Data           4  os_var.o(.data)
    OSTmrUpdateCnt                           0x20000108   Data           4  os_var.o(.data)
    OSTmrUpdateCtr                           0x2000010c   Data           4  os_var.o(.data)
    OSTCBCurPtr                              0x20000110   Data           4  os_var.o(.data)
    OSTCBHighRdyPtr                          0x20000114   Data           4  os_var.o(.data)
    OS_CPU_ExceptStkBase                     0x20000118   Data           4  os_cpu_c.o(.data)
    StartTaskTCB                             0x20000120   Data         196  main.o(.bss)
    START_TASK_STK                           0x200001e4   Data        2048  main.o(.bss)
    OledTaskTCB                              0x200009e4   Data         196  main.o(.bss)
    OLED_TASK_STK                            0x20000aa8   Data         512  main.o(.bss)
    Led0TaskTCB                              0x20000ca8   Data         196  main.o(.bss)
    LED0_TASK_STK                            0x20000d6c   Data         512  main.o(.bss)
    Led1TaskTCB                              0x20000f6c   Data         196  main.o(.bss)
    LED1_TASK_STK                            0x20001030   Data         512  main.o(.bss)
    FloatTaskTCB                             0x20001230   Data         196  main.o(.bss)
    FLOAT_TASK_STK                           0x200012f8   Data         512  main.o(.bss)
    AdcTaskTCB                               0x200014f8   Data         196  main.o(.bss)
    ADC_TASK_STK                             0x200015c0   Data         512  main.o(.bss)
    KeyTaskTCB                               0x200017c0   Data         196  main.o(.bss)
    KEY_TASK_STK                             0x20001888   Data         512  main.o(.bss)
    PwmTaskTCB                               0x20001a88   Data         196  main.o(.bss)
    PWM_TASK_STK                             0x20001b50   Data         512  main.o(.bss)
    TIM5_ICInitStructure                     0x20001d50   Data          10  timer.o(.bss)
    USART_RX_BUF                             0x20001d5a   Data         200  usart.o(.bss)
    CPU_Name                                 0x20001e22   Data          16  cpu_core.o(.bss)
    Mem_PoolHeap                             0x20001e34   Data          72  lib_mem.o(.bss)
    Mem_Heap                                 0x20001e7c   Data        1024  lib_mem.o(.bss)
    OSCfg_IdleTaskStk                        0x2000227c   Data         512  os_cfg_app.o(.bss)
    OSCfg_IntQ                               0x2000247c   Data         320  os_cfg_app.o(.bss)
    OSCfg_IntQTaskStk                        0x200025bc   Data         512  os_cfg_app.o(.bss)
    OSCfg_ISRStk                             0x200027bc   Data         512  os_cfg_app.o(.bss)
    OSCfg_MsgPool                            0x200029bc   Data        1600  os_cfg_app.o(.bss)
    OSCfg_StatTaskStk                        0x20002ffc   Data         512  os_cfg_app.o(.bss)
    OSCfg_TickTaskStk                        0x200031fc   Data         512  os_cfg_app.o(.bss)
    OSCfg_TickWheel                          0x200033fc   Data         136  os_cfg_app.o(.bss)
    OSCfg_TmrTaskStk                         0x20003484   Data         512  os_cfg_app.o(.bss)
    OSCfg_TmrWheel                           0x20003684   Data         136  os_cfg_app.o(.bss)
    OSIdleTaskTCB                            0x2000370c   Data         196  os_var.o(.bss)
    OSIntQTaskTCB                            0x200037d0   Data         196  os_var.o(.bss)
    OSMsgPool                                0x20003894   Data          12  os_var.o(.bss)
    OSRdyList                                0x200038a0   Data         768  os_var.o(.bss)
    OSStatTaskTCB                            0x20003ba0   Data         196  os_var.o(.bss)
    OSTickTaskTCB                            0x20003c64   Data         196  os_var.o(.bss)
    OSTmrTaskTCB                             0x20003d28   Data         196  os_var.o(.bss)
    __libspace_start                         0x20003dec   Data          96  libspace.o(.bss)
    __temporary_stack_top$libspace           0x20003e4c   Data           0  libspace.o(.bss)



==============================================================================

Memory Map of the image

  Image Entry point : 0x08000131

  Load Region LR_IROM1 (Base: 0x08000000, Size: 0x0000f620, Max: 0x00080000, ABSOLUTE)

    Execution Region ER_IROM1 (Base: 0x08000000, Size: 0x0000f504, Max: 0x00080000, ABSOLUTE)

    Base Addr    Size         Type   Attr      Idx    E Section Name        Object

    0x08000000   0x00000130   Data   RO          388    RESET               startup_stm32f10x_hd.o
    0x08000130   0x00000008   Code   RO          936  * !!!main             c_w.l(__main.o)
    0x08000138   0x00000034   Code   RO         1173    !!!scatter          c_w.l(__scatter.o)
    0x0800016c   0x0000001a   Code   RO         1175    !!handler_copy      c_w.l(__scatter_copy.o)
    0x08000186   0x00000002   PAD
    0x08000188   0x0000001c   Code   RO         1177    !!handler_zi        c_w.l(__scatter_zi.o)
    0x080001a4   0x00000000   Code   RO          931    .ARM.Collect$$_printf_percent$$00000000  c_w.l(_printf_percent.o)
    0x080001a4   0x00000006   Code   RO          930    .ARM.Collect$$_printf_percent$$00000003  c_w.l(_printf_f.o)
    0x080001aa   0x00000006   Code   RO          929    .ARM.Collect$$_printf_percent$$0000000C  c_w.l(_printf_x.o)
    0x080001b0   0x00000004   Code   RO          961    .ARM.Collect$$_printf_percent$$00000017  c_w.l(_printf_percent_end.o)
    0x080001b4   0x00000002   Code   RO         1053    .ARM.Collect$$libinit$$00000000  c_w.l(libinit.o)
    0x080001b6   0x00000000   Code   RO         1055    .ARM.Collect$$libinit$$00000002  c_w.l(libinit2.o)
    0x080001b6   0x00000000   Code   RO         1058    .ARM.Collect$$libinit$$00000008  c_w.l(libinit2.o)
    0x080001b6   0x00000000   Code   RO         1060    .ARM.Collect$$libinit$$0000000A  c_w.l(libinit2.o)
    0x080001b6   0x00000000   Code   RO         1062    .ARM.Collect$$libinit$$0000000C  c_w.l(libinit2.o)
    0x080001b6   0x00000006   Code   RO         1063    .ARM.Collect$$libinit$$0000000D  c_w.l(libinit2.o)
    0x080001bc   0x00000000   Code   RO         1065    .ARM.Collect$$libinit$$0000000F  c_w.l(libinit2.o)
    0x080001bc   0x00000000   Code   RO         1067    .ARM.Collect$$libinit$$00000011  c_w.l(libinit2.o)
    0x080001bc   0x00000000   Code   RO         1069    .ARM.Collect$$libinit$$00000013  c_w.l(libinit2.o)
    0x080001bc   0x0000000a   Code   RO         1070    .ARM.Collect$$libinit$$00000014  c_w.l(libinit2.o)
    0x080001c6   0x00000000   Code   RO         1071    .ARM.Collect$$libinit$$00000015  c_w.l(libinit2.o)
    0x080001c6   0x00000000   Code   RO         1073    .ARM.Collect$$libinit$$00000017  c_w.l(libinit2.o)
    0x080001c6   0x00000000   Code   RO         1075    .ARM.Collect$$libinit$$00000019  c_w.l(libinit2.o)
    0x080001c6   0x00000000   Code   RO         1077    .ARM.Collect$$libinit$$0000001B  c_w.l(libinit2.o)
    0x080001c6   0x00000000   Code   RO         1079    .ARM.Collect$$libinit$$0000001D  c_w.l(libinit2.o)
    0x080001c6   0x00000000   Code   RO         1081    .ARM.Collect$$libinit$$0000001F  c_w.l(libinit2.o)
    0x080001c6   0x00000000   Code   RO         1083    .ARM.Collect$$libinit$$00000021  c_w.l(libinit2.o)
    0x080001c6   0x00000000   Code   RO         1085    .ARM.Collect$$libinit$$00000023  c_w.l(libinit2.o)
    0x080001c6   0x00000000   Code   RO         1089    .ARM.Collect$$libinit$$0000002A  c_w.l(libinit2.o)
    0x080001c6   0x00000000   Code   RO         1091    .ARM.Collect$$libinit$$0000002C  c_w.l(libinit2.o)
    0x080001c6   0x00000000   Code   RO         1093    .ARM.Collect$$libinit$$0000002E  c_w.l(libinit2.o)
    0x080001c6   0x00000000   Code   RO         1095    .ARM.Collect$$libinit$$00000030  c_w.l(libinit2.o)
    0x080001c6   0x00000002   Code   RO         1096    .ARM.Collect$$libinit$$00000031  c_w.l(libinit2.o)
    0x080001c8   0x00000002   Code   RO         1138    .ARM.Collect$$libshutdown$$00000000  c_w.l(libshutdown.o)
    0x080001ca   0x00000000   Code   RO         1158    .ARM.Collect$$libshutdown$$00000003  c_w.l(libshutdown2.o)
    0x080001ca   0x00000000   Code   RO         1161    .ARM.Collect$$libshutdown$$00000006  c_w.l(libshutdown2.o)
    0x080001ca   0x00000000   Code   RO         1164    .ARM.Collect$$libshutdown$$00000009  c_w.l(libshutdown2.o)
    0x080001ca   0x00000000   Code   RO         1166    .ARM.Collect$$libshutdown$$0000000B  c_w.l(libshutdown2.o)
    0x080001ca   0x00000000   Code   RO         1169    .ARM.Collect$$libshutdown$$0000000E  c_w.l(libshutdown2.o)
    0x080001ca   0x00000002   Code   RO         1170    .ARM.Collect$$libshutdown$$0000000F  c_w.l(libshutdown2.o)
    0x080001cc   0x00000000   Code   RO          950    .ARM.Collect$$rtentry$$00000000  c_w.l(rtentry.o)
    0x080001cc   0x00000000   Code   RO          970    .ARM.Collect$$rtentry$$00000002  c_w.l(rtentry2.o)
    0x080001cc   0x00000006   Code   RO          982    .ARM.Collect$$rtentry$$00000004  c_w.l(rtentry4.o)
    0x080001d2   0x00000000   Code   RO          972    .ARM.Collect$$rtentry$$00000009  c_w.l(rtentry2.o)
    0x080001d2   0x00000004   Code   RO          973    .ARM.Collect$$rtentry$$0000000A  c_w.l(rtentry2.o)
    0x080001d6   0x00000000   Code   RO          975    .ARM.Collect$$rtentry$$0000000C  c_w.l(rtentry2.o)
    0x080001d6   0x00000008   Code   RO          976    .ARM.Collect$$rtentry$$0000000D  c_w.l(rtentry2.o)
    0x080001de   0x00000002   Code   RO         1097    .ARM.Collect$$rtexit$$00000000  c_w.l(rtexit.o)
    0x080001e0   0x00000000   Code   RO         1110    .ARM.Collect$$rtexit$$00000002  c_w.l(rtexit2.o)
    0x080001e0   0x00000004   Code   RO         1111    .ARM.Collect$$rtexit$$00000003  c_w.l(rtexit2.o)
    0x080001e4   0x00000006   Code   RO         1112    .ARM.Collect$$rtexit$$00000004  c_w.l(rtexit2.o)
    0x080001ea   0x00000002   PAD
    0x080001ec   0x00000624   Code   RO            1    .text               main.o
    0x08000810   0x00000016   Code   RO          166    .text               stm32f10x_it.o
    0x08000826   0x00000002   PAD
    0x08000828   0x000001dc   Code   RO          201    .text               system_stm32f10x.o
    0x08000a04   0x00000034   Code   RO          219    .text               led.o
    0x08000a38   0x000000b4   Code   RO          231    .text               key.o
    0x08000aec   0x000000e8   Code   RO          244    .text               adc.o
    0x08000bd4   0x00000308   Code   RO          256    .text               timer.o
    0x08000edc   0x00000270   Code   RO          276    .text               oled0561.o
    0x0800114c   0x000000be   Code   RO          298    .text               lm75a.o
    0x0800120a   0x00000002   PAD
    0x0800120c   0x0000014c   Code   RO          310    .text               delay.o
    0x08001358   0x0000014c   Code   RO          341    .text               usart.o
    0x080014a4   0x00000300   Code   RO          364    .text               i2c.o
    0x080017a4   0x00000040   Code   RO          389    .text               startup_stm32f10x_hd.o
    0x080017e4   0x000000dc   Code   RO          393    .text               misc.o
    0x080018c0   0x00000358   Code   RO          405    .text               stm32f10x_gpio.o
    0x08001c18   0x00000408   Code   RO          417    .text               stm32f10x_usart.o
    0x08002020   0x000003a4   Code   RO          429    .text               stm32f10x_rcc.o
    0x080023c4   0x0000044e   Code   RO          443    .text               stm32f10x_adc.o
    0x08002812   0x00000002   PAD
    0x08002814   0x00000e1a   Code   RO          455    .text               stm32f10x_tim.o
    0x0800362e   0x00000002   PAD
    0x08003630   0x00000404   Code   RO          467    .text               stm32f10x_i2c.o
    0x08003a34   0x00000084   Code   RO          479    .text               bsp.o
    0x08003ab8   0x000002b0   Code   RO          494    .text               cpu_core.o
    0x08003d68   0x00000034   Code   RO          532    .text               cpu_a.o
    0x08003d9c   0x00000256   Code   RO          535    .text               lib_ascii.o
    0x08003ff2   0x00000002   PAD
    0x08003ff4   0x000009c6   Code   RO          568    .text               lib_mem.o
    0x080049ba   0x00000002   PAD
    0x080049bc   0x0000092c   Code   RO          587    .text               lib_str.o
    0x080052e8   0x00000220   Code   RO          604    .text               lib_mem_a.o
    0x08005508   0x000000fc   Code   RO          607    .text               os_cfg_app.o
    0x08005604   0x00000e20   Code   RO          630    .text               os_core.o
    0x08006424   0x000001b0   Code   RO          642    .text               os_dbg.o
    0x080065d4   0x00000e34   Code   RO          657    .text               os_flag.o
    0x08007408   0x00000438   Code   RO          669    .text               os_int.o
    0x08007840   0x00000238   Code   RO          681    .text               os_mem.o
    0x08007a78   0x00000228   Code   RO          693    .text               os_msg.o
    0x08007ca0   0x00000ad4   Code   RO          705    .text               os_mutex.o
    0x08008774   0x0000007c   Code   RO          723    .text               os_prio.o
    0x080087f0   0x000008d4   Code   RO          742    .text               os_q.o
    0x080090c4   0x00000830   Code   RO          754    .text               os_sem.o
    0x080098f4   0x00000640   Code   RO          766    .text               os_stat.o
    0x08009f34   0x00001bb0   Code   RO          778    .text               os_task.o
    0x0800bae4   0x00000508   Code   RO          790    .text               os_tick.o
    0x0800bfec   0x00000564   Code   RO          802    .text               os_time.o
    0x0800c550   0x00000818   Code   RO          814    .text               os_tmr.o
    0x0800cd68   0x0000026c   Code   RO          843    .text               os_cpu_c.o
    0x0800cfd4   0x00000002   Code   RO          878    .text               c_w.l(use_no_semi_2.o)
    0x0800cfd6   0x000000ee   Code   RO          880    .text               c_w.l(lludivv7m.o)
    0x0800d0c4   0x00000018   Code   RO          884    .text               c_w.l(noretval__2printf.o)
    0x0800d0dc   0x0000005c   Code   RO          891    .text               c_w.l(_printf_hex_int.o)
    0x0800d138   0x0000010e   Code   RO          917    .text               c_w.l(__printf_wp.o)
    0x0800d246   0x00000064   Code   RO          932    .text               c_w.l(rt_memcpy_w.o)
    0x0800d2aa   0x00000006   Code   RO          934    .text               c_w.l(heapauxi.o)
    0x0800d2b0   0x00000002   Code   RO          948    .text               c_w.l(use_no_semi.o)
    0x0800d2b2   0x000000b8   Code   RO          955    .text               c_w.l(_printf_intcommon.o)
    0x0800d36a   0x00000420   Code   RO          957    .text               c_w.l(_printf_fp_dec.o)
    0x0800d78a   0x00000002   PAD
    0x0800d78c   0x00000024   Code   RO          959    .text               c_w.l(_printf_char_file.o)
    0x0800d7b0   0x00000008   Code   RO          989    .text               c_w.l(rt_locale_intlibspace.o)
    0x0800d7b8   0x0000008a   Code   RO          991    .text               c_w.l(lludiv10.o)
    0x0800d842   0x00000002   PAD
    0x0800d844   0x00000030   Code   RO          993    .text               c_w.l(_printf_char_common.o)
    0x0800d874   0x00000080   Code   RO          995    .text               c_w.l(_printf_fp_infnan.o)
    0x0800d8f4   0x000000e4   Code   RO          997    .text               c_w.l(bigflt0.o)
    0x0800d9d8   0x00000008   Code   RO         1022    .text               c_w.l(ferror.o)
    0x0800d9e0   0x00000008   Code   RO         1033    .text               c_w.l(libspace.o)
    0x0800d9e8   0x0000004a   Code   RO         1036    .text               c_w.l(sys_stackheap_outer.o)
    0x0800da32   0x0000000c   Code   RO         1040    .text               c_w.l(exit.o)
    0x0800da3e   0x00000002   PAD
    0x0800da40   0x00000080   Code   RO         1046    .text               c_w.l(strcmpv7m.o)
    0x0800dac0   0x0000003e   Code   RO         1000    CL$$btod_d2e        c_w.l(btod.o)
    0x0800dafe   0x00000046   Code   RO         1002    CL$$btod_d2e_denorm_low  c_w.l(btod.o)
    0x0800db44   0x00000060   Code   RO         1001    CL$$btod_d2e_norm_op1  c_w.l(btod.o)
    0x0800dba4   0x00000338   Code   RO         1010    CL$$btod_div_common  c_w.l(btod.o)
    0x0800dedc   0x000000c6   Code   RO         1007    CL$$btod_e2e        c_w.l(btod.o)
    0x0800dfa2   0x00000028   Code   RO         1004    CL$$btod_ediv       c_w.l(btod.o)
    0x0800dfca   0x00000028   Code   RO         1003    CL$$btod_emul       c_w.l(btod.o)
    0x0800dff2   0x00000244   Code   RO         1009    CL$$btod_mult_common  c_w.l(btod.o)
    0x0800e236   0x00000002   PAD
    0x0800e238   0x00000098   Code   RO          840    CODE                os_cpu_a.o
    0x0800e2d0   0x00000028   Code   RO         1031    i.__ARM_fpclassify  m_ws.l(fpclassify.o)
    0x0800e2f8   0x0000000e   Code   RO          919    i._is_digit         c_w.l(__printf_wp.o)
    0x0800e306   0x00000002   PAD
    0x0800e308   0x0000002c   Code   RO         1027    locale$$code        c_w.l(lc_numeric_c.o)
    0x0800e334   0x0000000c   Code   RO          962    x$fpl$dretinf       fz_ws.l(dretinf.o)
    0x0800e340   0x00000056   Code   RO          938    x$fpl$f2d           fz_ws.l(f2d.o)
    0x0800e396   0x00000002   PAD
    0x0800e398   0x000000c4   Code   RO          940    x$fpl$fadd          fz_ws.l(faddsub_clz.o)
    0x0800e45c   0x0000008c   Code   RO          964    x$fpl$fnaninf       fz_ws.l(fnaninf.o)
    0x0800e4e8   0x0000000a   Code   RO          966    x$fpl$fretinf       fz_ws.l(fretinf.o)
    0x0800e4f2   0x00000002   PAD
    0x0800e4f4   0x000000ea   Code   RO          942    x$fpl$fsub          fz_ws.l(faddsub_clz.o)
    0x0800e5de   0x00000004   Code   RO          946    x$fpl$printf1       fz_ws.l(printf1.o)
    0x0800e5e2   0x00000000   Code   RO          968    x$fpl$usenofp       fz_ws.l(usenofp.o)
    0x0800e5e2   0x00000a80   Data   RO          277    .constdata          oled0561.o
    0x0800f062   0x00000002   PAD
    0x0800f064   0x00000104   Data   RO          496    .constdata          cpu_core.o
    0x0800f168   0x00000094   Data   RO          588    .constdata          lib_str.o
    0x0800f1fc   0x000000a4   Data   RO          609    .constdata          os_cfg_app.o
    0x0800f2a0   0x0000016c   Data   RO          643    .constdata          os_dbg.o
    0x0800f40c   0x00000028   Data   RO          892    .constdata          c_w.l(_printf_hex_int.o)
    0x0800f434   0x00000094   Data   RO          998    .constdata          c_w.l(bigflt0.o)
    0x0800f4c8   0x00000020   Data   RO         1171    Region$$Table       anon$$obj.o
    0x0800f4e8   0x0000001c   Data   RO         1026    locale$$data        c_w.l(lc_numeric_c.o)


    Execution Region RW_IRAM1 (Base: 0x20000000, Size: 0x00004850, Max: 0x00010000, ABSOLUTE)

    Base Addr    Size         Type   Attr      Idx    E Section Name        Object

    0x20000000   0x00000004   Data   RW            3    .data               main.o
    0x20000004   0x00000014   Data   RW          202    .data               system_stm32f10x.o
    0x20000018   0x00000001   Data   RW          232    .data               key.o
    0x20000019   0x00000001   PAD
    0x2000001a   0x00000004   Data   RW          258    .data               timer.o
    0x2000001e   0x00000004   Data   RW          311    .data               delay.o
    0x20000022   0x00000002   PAD
    0x20000024   0x00000008   Data   RW          343    .data               usart.o
    0x2000002c   0x00000014   Data   RW          430    .data               stm32f10x_rcc.o
    0x20000040   0x00000004   Data   RW          497    .data               cpu_core.o
    0x20000044   0x00000004   Data   RW          570    .data               lib_mem.o
    0x20000048   0x00000008   Data   RW          724    .data               os_prio.o
    0x20000050   0x000000c8   Data   RW          827    .data               os_var.o
    0x20000118   0x00000004   Data   RW          844    .data               os_cpu_c.o
    0x2000011c   0x00000004   PAD
    0x20000120   0x00001c30   Zero   RW            2    .bss                main.o
    0x20001d50   0x0000000a   Zero   RW          257    .bss                timer.o
    0x20001d5a   0x000000c8   Zero   RW          342    .bss                usart.o
    0x20001e22   0x00000010   Zero   RW          495    .bss                cpu_core.o
    0x20001e32   0x00000002   PAD
    0x20001e34   0x00000448   Zero   RW          569    .bss                lib_mem.o
    0x2000227c   0x00001490   Zero   RW          608    .bss                os_cfg_app.o
    0x2000370c   0x000006e0   Zero   RW          826    .bss                os_var.o
    0x20003dec   0x00000060   Zero   RW         1034    .bss                c_w.l(libspace.o)
    0x20003e4c   0x00000004   PAD
    0x20003e50   0x00000200   Zero   RW          387    HEAP                startup_stm32f10x_hd.o
    0x20004050   0x00000800   Zero   RW          386    STACK               startup_stm32f10x_hd.o


==============================================================================

Image component sizes


      Code (inc. data)   RO Data    RW Data    ZI Data      Debug   Object Name

       232          8          0          0          0       1011   adc.o
       132         12          0          0          0       1083   bsp.o
        52          0          0          0          0        280   cpu_a.o
       688         12        260          4         16      13999   cpu_core.o
       332         28          0          4          0       1673   delay.o
       768         22          0          0          0       2242   i2c.o
       180         10          0          1          0        732   key.o
        52          6          0          0          0        427   led.o
       598          0          0          0          0       3640   lib_ascii.o
      2502         32          0          4       1096      21516   lib_mem.o
       544          0          0          0          0        428   lib_mem_a.o
      2348          6        148          0          0      12890   lib_str.o
       190          0          0          0          0       1016   lm75a.o
      1572        280          0          4       7216     312462   main.o
       220         20          0          0          0       1713   misc.o
       624         46       2688          0          0       3461   oled0561.o
       252        166        164          0       5264      20682   os_cfg_app.o
      3616        292          0          0          0      11921   os_core.o
       152         32          0          0          0        336   os_cpu_a.o
       620         66          0          4          0       3529   os_cpu_c.o
       432        286        364          0          0       4581   os_dbg.o
      3636        110          0          0          0       7579   os_flag.o
      1080        146          0          0          0       2156   os_int.o
       568         20          0          0          0       2556   os_mem.o
       552         12          0          0          0       2619   os_msg.o
      2772        114          0          0          0       5278   os_mutex.o
       124          4          0          8          0       1584   os_prio.o
      2260         74          0          0          0       5956   os_q.o
      2096         70          0          0          0       5968   os_sem.o
      1600        182          0          0          0       2661   os_stat.o
      7088        270          0          0          0      13330   os_task.o
      1288         90          0          0          0       3113   os_tick.o
      1380         46          0          0          0       3053   os_time.o
      2072        140          0          0          0       6154   os_tmr.o
         0          0          0        200       1760      19245   os_var.o
        64         26        304          0       2560        736   startup_stm32f10x_hd.o
      1102         26          0          0          0      10745   stm32f10x_adc.o
       856         40          0          0          0       5561   stm32f10x_gpio.o
      1028         16          0          0          0       9019   stm32f10x_i2c.o
        22          0          0          0          0        939   stm32f10x_it.o
       932         44          0         20          0       8676   stm32f10x_rcc.o
      3610         88          0          0          0      22044   stm32f10x_tim.o
      1032         22          0          0          0       8280   stm32f10x_usart.o
         0          0          0          0          0         32   sys.o
       476         36          0         20          0       1563   system_stm32f10x.o
       776         38          0          4         10       2425   timer.o
       332         16          0          8        200       2954   usart.o

    ----------------------------------------------------------------------
     52864       2954       3962        284      18128     573848   Object Totals
         0          0         32          0          0          0   (incl. Generated)
        12          0          2          3          6          0   (incl. Padding)

    ----------------------------------------------------------------------

      Code (inc. data)   RO Data    RW Data    ZI Data      Debug   Library Member Name

         8          0          0          0          0         68   __main.o
       284          0          0          0          0        156   __printf_wp.o
        52          8          0          0          0          0   __scatter.o
        26          0          0          0          0          0   __scatter_copy.o
        28          0          0          0          0          0   __scatter_zi.o
        48          6          0          0          0         96   _printf_char_common.o
        36          4          0          0          0         80   _printf_char_file.o
         6          0          0          0          0          0   _printf_f.o
      1056          0          0          0          0        216   _printf_fp_dec.o
       128         16          0          0          0         84   _printf_fp_infnan.o
        92          4         40          0          0         88   _printf_hex_int.o
       184          0          0          0          0         88   _printf_intcommon.o
         0          0          0          0          0          0   _printf_percent.o
         4          0          0          0          0          0   _printf_percent_end.o
         6          0          0          0          0          0   _printf_x.o
       228          6        148          0          0         96   bigflt0.o
      1910        128          0          0          0        672   btod.o
        12          0          0          0          0         72   exit.o
         8          0          0          0          0         68   ferror.o
         6          0          0          0          0        152   heapauxi.o
        44         10         28          0          0         76   lc_numeric_c.o
         2          0          0          0          0          0   libinit.o
        18          0          0          0          0          0   libinit2.o
         2          0          0          0          0          0   libshutdown.o
         2          0          0          0          0          0   libshutdown2.o
         8          4          0          0         96         68   libspace.o
       138          0          0          0          0         80   lludiv10.o
       238          0          0          0          0        100   lludivv7m.o
        24          4          0          0          0         84   noretval__2printf.o
         8          4          0          0          0         68   rt_locale_intlibspace.o
       100          0          0          0          0         80   rt_memcpy_w.o
         0          0          0          0          0          0   rtentry.o
        12          0          0          0          0          0   rtentry2.o
         6          0          0          0          0          0   rtentry4.o
         2          0          0          0          0          0   rtexit.o
        10          0          0          0          0          0   rtexit2.o
       128          0          0          0          0         68   strcmpv7m.o
        74          0          0          0          0         80   sys_stackheap_outer.o
         2          0          0          0          0         68   use_no_semi.o
         2          0          0          0          0         68   use_no_semi_2.o
        12          0          0          0          0         68   dretinf.o
        86          4          0          0          0         84   f2d.o
       430          8          0          0          0        168   faddsub_clz.o
       140          4          0          0          0         84   fnaninf.o
        10          0          0          0          0         68   fretinf.o
         4          0          0          0          0         68   printf1.o
         0          0          0          0          0          0   usenofp.o
        40          0          0          0          0         68   fpclassify.o

    ----------------------------------------------------------------------
      5682        210        216          0        100       3384   Library Totals
        18          0          0          0          4          0   (incl. Padding)

    ----------------------------------------------------------------------

      Code (inc. data)   RO Data    RW Data    ZI Data      Debug   Library Name

      4942        194        216          0         96       2776   c_w.l
       682         16          0          0          0        540   fz_ws.l
        40          0          0          0          0         68   m_ws.l

    ----------------------------------------------------------------------
      5682        210        216          0        100       3384   Library Totals

    ----------------------------------------------------------------------

==============================================================================


      Code (inc. data)   RO Data    RW Data    ZI Data      Debug   

     58546       3164       4178        284      18228     571148   Grand Totals
     58546       3164       4178        284      18228     571148   ELF Image Totals
     58546       3164       4178        284          0          0   ROM Totals

==============================================================================

    Total RO  Size (Code + RO Data)                62724 (  61.25kB)
    Total RW  Size (RW Data + ZI Data)             18512 (  18.08kB)
    Total ROM Size (Code + RO Data + RW Data)      63008 (  61.53kB)

==============================================================================

